Component: ARM Compiler 5.06 update 6 (build 750) Tool: armlink [4d35ed]

==============================================================================

Section Cross References

    start.o(i.AppTaskCreate) refers to txe_thread_create.o(i._txe_thread_create) for _txe_thread_create
    start.o(i.AppTaskCreate) refers to start.o(.bss) for stk_task_led
    start.o(i.AppTaskCreate) refers to led_app.o(i.Task_LED) for Task_LED
    start.o(i.AppTaskCreate) refers to start.o(i.Task_IDLE) for Task_IDLE
    start.o(i.OSStatInit) refers to tx_thread_sleep.o(i._tx_thread_sleep) for _tx_thread_sleep
    start.o(i.OSStatInit) refers to start.o(.data) for OSStatRdy
    start.o(i.Task_IDLE) refers to start.o(.data) for OSIdleCtr
    start.o(i.Task_Start) refers to start.o(i.OSStatInit) for OSStatInit
    start.o(i.Task_Start) refers to stm32h7xx_hal.o(i.HAL_ResumeTick) for HAL_ResumeTick
    start.o(i.Task_Start) refers to bsp.o(i.bsp_Init) for bsp_Init
    start.o(i.Task_Start) refers to start.o(i.AppTaskCreate) for AppTaskCreate
    start.o(i.Task_Start) refers to txe_thread_suspend.o(i._txe_thread_suspend) for _txe_thread_suspend
    start.o(i.Task_Start) refers to start.o(.bss) for tcb_task_start
    start.o(i.main) refers to bsp.o(i.System_Init) for System_Init
    start.o(i.main) refers to bsp.o(i.bsp_Init) for bsp_Init
    start.o(i.main) refers to printf8.o(i.__0printf$8) for __2printf
    start.o(i.main) refers to tx_initialize_kernel_enter.o(i._tx_initialize_kernel_enter) for _tx_initialize_kernel_enter
    start.o(i.main) refers to start.o(.constdata) for __FUNCTION__
    start.o(i.main) refers to ux_system_initialize.o(.data) for _ux_version_id
    start.o(i.tx_application_define) refers to txe_thread_create.o(i._txe_thread_create) for _txe_thread_create
    start.o(i.tx_application_define) refers to txe_byte_pool_create.o(i._txe_byte_pool_create) for _txe_byte_pool_create
    start.o(i.tx_application_define) refers to printf8.o(i.__0printf$8) for __2printf
    start.o(i.tx_application_define) refers to usb_app.o(i.MX_USBX_Host_Init) for MX_USBX_Host_Init
    start.o(i.tx_application_define) refers to start.o(.bss) for stk_task_start
    start.o(i.tx_application_define) refers to start.o(i.Task_Start) for Task_Start
    start.o(i.tx_application_define) refers to start.o(.UsbPoolSection) for ux_host_byte_pool_buffer
    start.o(i.tx_application_define) refers to start.o(.constdata) for __FUNCTION__
    stm32h7xx_hal_msp.o(i.HAL_HCD_MspDeInit) refers to stm32h7xx_hal_gpio.o(i.HAL_GPIO_DeInit) for HAL_GPIO_DeInit
    stm32h7xx_hal_msp.o(i.HAL_HCD_MspDeInit) refers to stm32h7xx_hal_cortex.o(i.HAL_NVIC_DisableIRQ) for HAL_NVIC_DisableIRQ
    stm32h7xx_hal_msp.o(i.HAL_HCD_MspInit) refers to memseta.o(.text) for __aeabi_memclr4
    stm32h7xx_hal_msp.o(i.HAL_HCD_MspInit) refers to stm32h7xx_hal_rcc_ex.o(i.HAL_RCCEx_PeriphCLKConfig) for HAL_RCCEx_PeriphCLKConfig
    stm32h7xx_hal_msp.o(i.HAL_HCD_MspInit) refers to bsp.o(i.Error_Handler) for Error_Handler
    stm32h7xx_hal_msp.o(i.HAL_HCD_MspInit) refers to stm32h7xx_hal_pwr_ex.o(i.HAL_PWREx_EnableUSBVoltageDetector) for HAL_PWREx_EnableUSBVoltageDetector
    stm32h7xx_hal_msp.o(i.HAL_HCD_MspInit) refers to stm32h7xx_hal_gpio.o(i.HAL_GPIO_Init) for HAL_GPIO_Init
    stm32h7xx_hal_msp.o(i.HAL_HCD_MspInit) refers to stm32h7xx_hal_cortex.o(i.HAL_NVIC_SetPriority) for HAL_NVIC_SetPriority
    stm32h7xx_hal_msp.o(i.HAL_HCD_MspInit) refers to stm32h7xx_hal_cortex.o(i.HAL_NVIC_EnableIRQ) for HAL_NVIC_EnableIRQ
    stm32h7xx_hal_msp.o(i.HAL_UART_MspDeInit) refers to stm32h7xx_hal_gpio.o(i.HAL_GPIO_DeInit) for HAL_GPIO_DeInit
    stm32h7xx_hal_msp.o(i.HAL_UART_MspInit) refers to memseta.o(.text) for __aeabi_memclr4
    stm32h7xx_hal_msp.o(i.HAL_UART_MspInit) refers to stm32h7xx_hal_rcc_ex.o(i.HAL_RCCEx_PeriphCLKConfig) for HAL_RCCEx_PeriphCLKConfig
    stm32h7xx_hal_msp.o(i.HAL_UART_MspInit) refers to stm32h7xx_hal_gpio.o(i.HAL_GPIO_Init) for HAL_GPIO_Init
    stm32h7xx_it.o(i.OTG_FS_EP1_IN_IRQHandler) refers to stm32h7xx_hal_hcd.o(i.HAL_HCD_IRQHandler) for HAL_HCD_IRQHandler
    stm32h7xx_it.o(i.OTG_FS_EP1_IN_IRQHandler) refers to bsp_usb.o(.bss) for hhcd_USB_OTG_FS
    stm32h7xx_it.o(i.OTG_FS_EP1_OUT_IRQHandler) refers to stm32h7xx_hal_hcd.o(i.HAL_HCD_IRQHandler) for HAL_HCD_IRQHandler
    stm32h7xx_it.o(i.OTG_FS_EP1_OUT_IRQHandler) refers to bsp_usb.o(.bss) for hhcd_USB_OTG_FS
    stm32h7xx_it.o(i.OTG_FS_IRQHandler) refers to stm32h7xx_hal_hcd.o(i.HAL_HCD_IRQHandler) for HAL_HCD_IRQHandler
    stm32h7xx_it.o(i.OTG_FS_IRQHandler) refers to bsp_usb.o(.bss) for hhcd_USB_OTG_FS
    stm32h7xx_it.o(i.SysTick_Handler) refers to stm32h7xx_hal.o(i.HAL_IncTick) for HAL_IncTick
    led_app.o(i.Task_LED) refers to bsp_led.o(i.LED_Init) for LED_Init
    led_app.o(i.Task_LED) refers to stm32h7xx_hal_gpio.o(i.HAL_GPIO_WritePin) for HAL_GPIO_WritePin
    led_app.o(i.Task_LED) refers to tx_thread_sleep.o(i._tx_thread_sleep) for _tx_thread_sleep
[...]
    _ux_host_stack_new_interface_create      0x0800e05d   Thumb Code   202  ux_host_stack_new_interface_create.o(i._ux_host_stack_new_interface_create)
    _ux_host_stack_rh_change_process         0x0800e12d   Thumb Code   224  ux_host_stack_rh_change_process.o(i._ux_host_stack_rh_change_process)
    _ux_host_stack_rh_device_extraction      0x0800e211   Thumb Code    30  ux_host_stack_rh_device_extraction.o(i._ux_host_stack_rh_device_extraction)
    _ux_host_stack_rh_device_insertion       0x0800e231   Thumb Code   272  ux_host_stack_rh_device_insertion.o(i._ux_host_stack_rh_device_insertion)
    _ux_host_stack_transfer_request          0x0800e345   Thumb Code   164  ux_host_stack_transfer_request.o(i._ux_host_stack_transfer_request)
    _ux_host_stack_transfer_request_abort    0x0800e3e9   Thumb Code    74  ux_host_stack_transfer_request_abort.o(i._ux_host_stack_transfer_request_abort)
    _ux_system_error_handler                 0x0800e435   Thumb Code    52  ux_system_error_handler.o(i._ux_system_error_handler)
    _ux_system_initialize                    0x0800e46d   Thumb Code   268  ux_system_initialize.o(i._ux_system_initialize)
    _ux_utility_delay_ms                     0x0800e591   Thumb Code    26  ux_utility_delay_ms.o(i._ux_utility_delay_ms)
    _ux_utility_descriptor_parse             0x0800e5ab   Thumb Code    74  ux_utility_descriptor_parse.o(i._ux_utility_descriptor_parse)
    _ux_utility_error_callback_register      0x0800e5f5   Thumb Code     8  ux_utility_error_callback_register.o(i._ux_utility_error_callback_register)
    _ux_utility_long_get                     0x0800e601   Thumb Code    30  ux_utility_long_get.o(i._ux_utility_long_get)
    _ux_utility_memory_allocate              0x0800e621   Thumb Code   368  ux_utility_memory_allocate.o(i._ux_utility_memory_allocate)
    _ux_utility_memory_compare               0x0800e795   Thumb Code    38  ux_utility_memory_compare.o(i._ux_utility_memory_compare)
    _ux_utility_memory_copy                  0x0800e7bb   Thumb Code    26  ux_utility_memory_copy.o(i._ux_utility_memory_copy)
    _ux_utility_memory_free                  0x0800e7d5   Thumb Code   226  ux_utility_memory_free.o(i._ux_utility_memory_free)
    _ux_utility_memory_free_block_best_get   0x0800e8c1   Thumb Code    76  ux_utility_memory_free_block_best_get.o(i._ux_utility_memory_free_block_best_get)
    _ux_utility_memory_set                   0x0800e911   Thumb Code    20  ux_utility_memory_set.o(i._ux_utility_memory_set)
    _ux_utility_mutex_create                 0x0800e925   Thumb Code    36  ux_utility_mutex_create.o(i._ux_utility_mutex_create)
    _ux_utility_mutex_off                    0x0800e949   Thumb Code    12  ux_utility_mutex_off.o(i._ux_utility_mutex_off)
    _ux_utility_mutex_on                     0x0800e955   Thumb Code    30  ux_utility_mutex_on.o(i._ux_utility_mutex_on)
    _ux_utility_semaphore_create             0x0800e973   Thumb Code    42  ux_utility_semaphore_create.o(i._ux_utility_semaphore_create)
    _ux_utility_semaphore_delete             0x0800e99d   Thumb Code    16  ux_utility_semaphore_delete.o(i._ux_utility_semaphore_delete)
    _ux_utility_semaphore_get                0x0800e9ad   Thumb Code    82  ux_utility_semaphore_get.o(i._ux_utility_semaphore_get)
    _ux_utility_semaphore_put                0x0800ea05   Thumb Code    16  ux_utility_semaphore_put.o(i._ux_utility_semaphore_put)
    _ux_utility_short_get                    0x0800ea15   Thumb Code    14  ux_utility_short_get.o(i._ux_utility_short_get)
    _ux_utility_short_put                    0x0800ea23   Thumb Code    10  ux_utility_short_put.o(i._ux_utility_short_put)
    _ux_utility_string_length_check          0x0800ea2d   Thumb Code    60  ux_utility_string_length_check.o(i._ux_utility_string_length_check)
    _ux_utility_thread_create                0x0800ea69   Thumb Code    62  ux_utility_thread_create.o(i._ux_utility_thread_create)
    _ux_utility_thread_delete                0x0800eaa7   Thumb Code    22  ux_utility_thread_delete.o(i._ux_utility_thread_delete)
    _ux_utility_thread_identify              0x0800eabd   Thumb Code    26  ux_utility_thread_identify.o(i._ux_utility_thread_identify)
    _ux_utility_thread_relinquish            0x0800eadd   Thumb Code     8  ux_utility_thread_relinquish.o(i._ux_utility_thread_relinquish)
    _ux_utility_thread_schedule_other        0x0800eae5   Thumb Code    48  ux_utility_thread_schedule_other.o(i._ux_utility_thread_schedule_other)
    bsp_DelayMS                              0x0800eb19   Thumb Code    18  stm32h7xx_hal_timebase_tim.o(i.bsp_DelayMS)
    bsp_DelayUS                              0x0800eb2d   Thumb Code    36  stm32h7xx_hal_timebase_tim.o(i.bsp_DelayUS)
    bsp_Init                                 0x0800eb5d   Thumb Code    20  bsp.o(i.bsp_Init)
    bsp_InitDWT                              0x0800eb71   Thumb Code    30  stm32h7xx_hal_timebase_tim.o(i.bsp_InitDWT)
    bsp_uart3_init                           0x0800eb99   Thumb Code   100  bsp_uart.o(i.bsp_uart3_init)
    fputc                                    0x0800ec09   Thumb Code    24  bsp_uart.o(i.fputc)
    main                                     0x0800ec39   Thumb Code   150  start.o(i.main)
    tx_application_define                    0x0800ed75   Thumb Code   142  start.o(i.tx_application_define)
    usb_descriptor                           0x0800eea1   Thumb Code  3334  usb_app.o(i.usb_descriptor)
    usbx_app_recv_thread_entry               0x0800fbb5   Thumb Code   422  usb_app.o(i.usbx_app_recv_thread_entry)
    usbx_app_send_thread_entry               0x0800fef5   Thumb Code   106  usb_app.o(i.usbx_app_send_thread_entry)
    usbx_app_thread_entry                    0x0800ffd5   Thumb Code   222  usb_app.o(i.usbx_app_thread_entry)
    ux_host_error_callback                   0x080101d1   Thumb Code    20  usb_app.o(i.ux_host_error_callback)
    ux_host_event_callback                   0x080101e5   Thumb Code   282  usb_app.o(i.ux_host_event_callback)
    ux_meige_reception_callback              0x080103a5   Thumb Code    52  usb_app.o(i.ux_meige_reception_callback)
    UARTPrescTable                           0x080104f4   Data          24  stm32h7xx_hal_uart.o(.constdata)
    D1CorePrescTable                         0x0801051c   Data          16  system_stm32h7xx.o(.constdata)
    Region$$Table$$Base                      0x08010a5c   Number         0  anon$$obj.o(Region$$Table)
    Region$$Table$$Limit                     0x08010a7c   Number         0  anon$$obj.o(Region$$Table)
    OSStatRdy                                0x24011800   Data           1  start.o(.data)
    OSIdleCtr                                0x24011804   Data           4  start.o(.data)
    OSCPUUsage                               0x24011808   Data           4  start.o(.data)
    OSIdleCtrMax                             0x2401180c   Data           4  start.o(.data)
    OSIdleCtrRun                             0x24011810   Data           4  start.o(.data)
    app_meige_reception                      0x24011814   Data           4  usb_app.o(.data)
    ux_app_byte_pool                         0x24011818   Data           4  usb_app.o(.data)
    ux_recv_buffer                           0x2401181c   Data           4  usb_app.o(.data)
    app_cdc_meig                             0x24011820   Data           4  usb_app.o(.data)
    ux_dev_info                              0x24011824   Data           1  usb_app.o(.data)
    ux_app_state                             0x24011825   Data           1  usb_app.o(.data)
    __stdout                                 0x24011830   Data           4  bsp_uart.o(.data)
    USART_RX_STA                             0x24011834   Data           2  bsp_uart.o(.data)
    key_exti                                 0x24011838   Data           8  bsp_key.o(.data)
    uwTick                                   0x24011840   Data           4  stm32h7xx_hal.o(.data)
    uwTickPrio                               0x24011844   Data           4  stm32h7xx_hal.o(.data)
    uwTickFreq                               0x24011848   Data           1  stm32h7xx_hal.o(.data)
    SystemCoreClock                          0x2401184c   Data           4  system_stm32h7xx.o(.data)
    SystemD2Clock                            0x24011850   Data           4  system_stm32h7xx.o(.data)
    _tx_semaphore_created_ptr                0x24011854   Data           4  tx_initialize_high_level.o(.data)
    _tx_semaphore_created_count              0x24011858   Data           4  tx_initialize_high_level.o(.data)
    _tx_queue_created_ptr                    0x2401185c   Data           4  tx_initialize_high_level.o(.data)
    _tx_queue_created_count                  0x24011860   Data           4  tx_initialize_high_level.o(.data)
    _tx_event_flags_created_ptr              0x24011864   Data           4  tx_initialize_high_level.o(.data)
    _tx_event_flags_created_count            0x24011868   Data           4  tx_initialize_high_level.o(.data)
    _tx_mutex_created_ptr                    0x2401186c   Data           4  tx_initialize_high_level.o(.data)
    _tx_mutex_created_count                  0x24011870   Data           4  tx_initialize_high_level.o(.data)
    _tx_block_pool_created_ptr               0x24011874   Data           4  tx_initialize_high_level.o(.data)
    _tx_block_pool_created_count             0x24011878   Data           4  tx_initialize_high_level.o(.data)
    _tx_byte_pool_created_ptr                0x2401187c   Data           4  tx_initialize_high_level.o(.data)
    _tx_byte_pool_created_count              0x24011880   Data           4  tx_initialize_high_level.o(.data)
    _tx_initialize_unused_memory             0x24011884   Data           4  tx_initialize_high_level.o(.data)
    _tx_version_id                           0x24011888   Data          98  tx_thread_initialize.o(.data)
    _tx_thread_system_stack_ptr              0x240118ec   Data           4  tx_thread_initialize.o(.data)
    _tx_thread_current_ptr                   0x240118f0   Data           4  tx_thread_initialize.o(.data)
    _tx_thread_execute_ptr                   0x240118f4   Data           4  tx_thread_initialize.o(.data)
    _tx_thread_created_ptr                   0x240118f8   Data           4  tx_thread_initialize.o(.data)
    _tx_thread_created_count                 0x240118fc   Data           4  tx_thread_initialize.o(.data)
    _tx_thread_system_state                  0x24011900   Data           4  tx_thread_initialize.o(.data)
    _tx_thread_priority_maps                 0x24011904   Data           4  tx_thread_initialize.o(.data)
    _tx_thread_preempted_maps                0x24011908   Data           4  tx_thread_initialize.o(.data)
    _tx_thread_highest_priority              0x2401190c   Data           4  tx_thread_initialize.o(.data)
    _tx_thread_preempt_disable               0x24011910   Data           4  tx_thread_initialize.o(.data)
    _tx_thread_mutex_release                 0x24011914   Data           4  tx_thread_initialize.o(.data)
    _tx_build_options                        0x24011918   Data           4  tx_thread_initialize.o(.data)
    _tx_thread_application_stack_error_handler 0x2401191c   Data           4  tx_thread_initialize.o(.data)
    _tx_timer_system_clock                   0x24011920   Data           4  tx_timer_initialize.o(.data)
    _tx_timer_expired_time_slice             0x24011924   Data           4  tx_timer_initialize.o(.data)
    _tx_timer_list_start                     0x24011928   Data           4  tx_timer_initialize.o(.data)
    _tx_timer_list_end                       0x2401192c   Data           4  tx_timer_initialize.o(.data)
    _tx_timer_current_ptr                    0x24011930   Data           4  tx_timer_initialize.o(.data)
    _tx_timer_expired                        0x24011934   Data           4  tx_timer_initialize.o(.data)
    _tx_timer_created_ptr                    0x24011938   Data           4  tx_timer_initialize.o(.data)
    _tx_timer_created_count                  0x2401193c   Data           4  tx_timer_initialize.o(.data)
    _tx_timer_expired_timer_ptr              0x24011940   Data           4  tx_timer_initialize.o(.data)
    _tx_timer_stack_start                    0x24011944   Data           4  tx_timer_initialize.o(.data)
    _tx_timer_stack_size                     0x24011948   Data           4  tx_timer_initialize.o(.data)
    _tx_timer_priority                       0x2401194c   Data           4  tx_timer_initialize.o(.data)
    _tx_timer_time_slice                     0x24011950   Data           4  tx_timer_initialize.o(.data)
    _ux_version_id                           0x24011954   Data          93  ux_system_initialize.o(.data)
    _ux_system                               0x240119b4   Data           4  ux_system_initialize.o(.data)
    _ux_system_otg                           0x240119b8   Data           4  ux_system_initialize.o(.data)
    _ux_system_endpoint_descriptor_structure 0x240119bc   Data           6  ux_system_initialize.o(.data)
    _ux_system_device_descriptor_structure   0x240119c2   Data          14  ux_system_initialize.o(.data)
    _ux_system_configuration_descriptor_structure 0x240119d0   Data           8  ux_system_initialize.o(.data)
    _ux_system_interface_descriptor_structure 0x240119d8   Data           9  ux_system_initialize.o(.data)
    _ux_system_interface_association_descriptor_structure 0x240119e1   Data           8  ux_system_initialize.o(.data)
    _ux_system_string_descriptor_structure   0x240119e9   Data           3  ux_system_initialize.o(.data)
    _ux_system_dfu_functional_descriptor_structure 0x240119ec   Data           6  ux_system_initialize.o(.data)
    _ux_system_class_audio_interface_descriptor_structure 0x240119f2   Data           8  ux_system_initialize.o(.data)
    _ux_system_class_audio_input_terminal_descriptor_structure 0x240119fa   Data          10  ux_system_initialize.o(.data)
    _ux_system_class_audio_output_terminal_descriptor_structure 0x24011a04   Data           8  ux_system_initialize.o(.data)
    _ux_system_class_audio_feature_unit_descriptor_structure 0x24011a0c   Data           7  ux_system_initialize.o(.data)
    _ux_system_class_audio_streaming_interface_descriptor_structure 0x24011a13   Data           6  ux_system_initialize.o(.data)
    _ux_system_class_audio_streaming_endpoint_descriptor_structure 0x24011a19   Data           6  ux_system_initialize.o(.data)
    _ux_system_hub_descriptor_structure      0x24011a1f   Data           8  ux_system_initialize.o(.data)
    _ux_system_hid_descriptor_structure      0x24011a27   Data           7  ux_system_initialize.o(.data)
    _ux_system_class_pima_storage_structure  0x24011a2e   Data           8  ux_system_initialize.o(.data)
    _ux_system_class_pima_object_structure   0x24011a36   Data          15  ux_system_initialize.o(.data)
    _ux_system_ecm_interface_descriptor_structure 0x24011a45   Data           8  ux_system_initialize.o(.data)
    _ux_system_bos_descriptor_structure      0x24011a4d   Data           4  ux_system_initialize.o(.data)
    _ux_system_usb_2_0_extension_descriptor_structure 0x24011a51   Data           4  ux_system_initialize.o(.data)
    _ux_system_container_id_descriptor_structure 0x24011a55   Data           8  ux_system_initialize.o(.data)
    _ux_system_host                          0x24011a60   Data           4  ux_host_stack_initialize.o(.data)
    _ux_system_host_hcd_periodic_tree_entries 0x24011a64   Data         128  ux_host_stack_initialize.o(.data)
    _ux_system_host_class_hub_name           0x24011ae4   Data          18  ux_host_stack_initialize.o(.data)
    _ux_system_host_class_printer_name       0x24011af6   Data          22  ux_host_stack_initialize.o(.data)
    _ux_system_host_class_storage_name       0x24011b0c   Data          22  ux_host_stack_initialize.o(.data)
    _ux_system_host_class_hid_name           0x24011b22   Data          18  ux_host_stack_initialize.o(.data)
    _ux_system_host_class_audio_name         0x24011b34   Data          20  ux_host_stack_initialize.o(.data)
    _ux_system_host_class_cdc_acm_name       0x24011b48   Data          22  ux_host_stack_initialize.o(.data)
    _ux_system_host_class_cdc_dlc_name       0x24011b5e   Data          22  ux_host_stack_initialize.o(.data)
    _ux_system_host_class_cdc_ecm_name       0x24011b74   Data          22  ux_host_stack_initialize.o(.data)
    _ux_system_host_class_prolific_name      0x24011b8a   Data          23  ux_host_stack_initialize.o(.data)
    _ux_system_host_class_pima_name          0x24011ba1   Data          19  ux_host_stack_initialize.o(.data)
    _ux_system_host_class_dpump_name         0x24011bb4   Data          20  ux_host_stack_initialize.o(.data)
    _ux_system_host_class_asix_name          0x24011bc8   Data          19  ux_host_stack_initialize.o(.data)
    _ux_system_host_class_swar_name          0x24011bdb   Data          30  ux_host_stack_initialize.o(.data)
    _ux_system_host_class_gser_name          0x24011bf9   Data          29  ux_host_stack_initialize.o(.data)
    _ux_system_host_class_hid_client_remote_control_name 0x24011c16   Data          40  ux_host_stack_initialize.o(.data)
    _ux_system_host_class_hid_client_mouse_name 0x24011c3e   Data          31  ux_host_stack_initialize.o(.data)
    _ux_system_host_class_hid_client_keyboard_name 0x24011c5d   Data          34  ux_host_stack_initialize.o(.data)
    _ux_system_host_class_meige_name         0x24011c7f   Data          20  ux_host_stack_initialize.o(.data)
    _ux_system_host_hcd_ohci_name            0x24011c93   Data          12  ux_host_stack_initialize.o(.data)
    _ux_system_host_hcd_ehci_name            0x24011c9f   Data          12  ux_host_stack_initialize.o(.data)
    _ux_system_host_hcd_isp1161_name         0x24011cab   Data          15  ux_host_stack_initialize.o(.data)
    _ux_system_host_hcd_isp1362_name         0x24011cba   Data          15  ux_host_stack_initialize.o(.data)
    _ux_system_host_hcd_sh2_name             0x24011cc9   Data          10  ux_host_stack_initialize.o(.data)
    _ux_system_host_hcd_rx_name              0x24011cd3   Data          11  ux_host_stack_initialize.o(.data)
    _ux_system_host_hcd_pic32_name           0x24011cde   Data          13  ux_host_stack_initialize.o(.data)
    _ux_system_host_hcd_stm32_name           0x24011ceb   Data          13  ux_host_stack_initialize.o(.data)
    _ux_system_host_hcd_musb_name            0x24011cf8   Data          12  ux_host_stack_initialize.o(.data)
    _ux_system_host_hcd_atm7_name            0x24011d04   Data          12  ux_host_stack_initialize.o(.data)
    _ux_system_host_hcd_simulator_name       0x24011d10   Data          17  ux_host_stack_initialize.o(.data)
    ux_app_thread                            0x24045cf4   Data         180  usb_app.o(.bss)
    ux_app_recv_thread                       0x24045da8   Data         180  usb_app.o(.bss)
    ux_app_send_thread                       0x24045e5c   Data         180  usb_app.o(.bss)
    ux_app_event_flag                        0x24045f10   Data          40  usb_app.o(.bss)
    host_out_buffer                          0x24045f38   Data         128  usb_app.o(.bss)
    host_in_buffer                           0x24045fb8   Data         128  usb_app.o(.bss)
    ux_app_message_queue                     0x24046038   Data          60  usb_app.o(.bss)
    receive_data                             0x24046074   Data         100  usb_app.o(.bss)
    key_event_flag                           0x240460d8   Data          40  key_app.o(.bss)
    UART3_Handler                            0x24046100   Data         144  bsp.o(.bss)
    hhcd_USB_OTG_FS                          0x24046190   Data         772  bsp_usb.o(.bss)
    hhcd_USB_OTG_HS                          0x24046494   Data         772  bsp_usb.o(.bss)
    USART_RX_BUF                             0x24046798   Data         200  bsp_uart.o(.bss)
    aRxBuffer                                0x24046860   Data        1024  bsp_uart.o(.bss)
    _tx_thread_priority_list                 0x24046c60   Data         128  tx_thread_initialize.o(.bss)
    _tx_timer_list                           0x24046ce0   Data         128  tx_timer_initialize.o(.bss)
    _tx_timer_thread                         0x24046d60   Data         180  tx_timer_initialize.o(.bss)
    _tx_timer_thread_stack_area              0x24046e14   Data        1024  tx_timer_initialize.o(.bss)
    __initial_sp                             0x24048218   Data           0  startup_stm32h743xx.o(STACK)



==============================================================================

Memory Map of the image

  Image Entry point : 0x08000299

  Load Region LR_IROM1 (Base: 0x08000000, Size: 0x000227a0, Max: 0x00200000, ABSOLUTE, COMPRESSED[0x00010ea0])

    Execution Region ER_IROM1 (Exec base: 0x08000000, Load base: 0x08000000, Size: 0x00010a7c, Max: 0x00200000, ABSOLUTE)

    Exec Addr    Load Addr    Size         Type   Attr      Idx    E Section Name        Object

    0x08000000   0x08000000   0x00000298   Data   RO          911    RESET               startup_stm32h743xx.o
    0x08000298   0x08000298   0x00000000   Code   RO        13878  * .ARM.Collect$$$$00000000  mc_w.l(entry.o)
    0x08000298   0x08000298   0x00000004   Code   RO        14152    .ARM.Collect$$$$00000001  mc_w.l(entry2.o)
    0x0800029c   0x0800029c   0x00000004   Code   RO        14155    .ARM.Collect$$$$00000004  mc_w.l(entry5.o)
    0x080002a0   0x080002a0   0x00000000   Code   RO        14157    .ARM.Collect$$$$00000008  mc_w.l(entry7b.o)
    0x080002a0   0x080002a0   0x00000000   Code   RO        14159    .ARM.Collect$$$$0000000A  mc_w.l(entry8b.o)
    0x080002a0   0x080002a0   0x00000008   Code   RO        14160    .ARM.Collect$$$$0000000B  mc_w.l(entry9a.o)
    0x080002a8   0x080002a8   0x00000000   Code   RO        14162    .ARM.Collect$$$$0000000D  mc_w.l(entry10a.o)
    0x080002a8   0x080002a8   0x00000000   Code   RO        14164    .ARM.Collect$$$$0000000F  mc_w.l(entry11a.o)
    0x080002a8   0x080002a8   0x00000004   Code   RO        14153    .ARM.Collect$$$$00002712  mc_w.l(entry2.o)
    0x080002ac   0x080002ac   0x00000024   Code   RO          912    .text               startup_stm32h743xx.o
    0x080002d0   0x080002d0   0x00000078   Code   RO         6422    .text               tx_initialize_low_level.o
    0x08000348   0x08000348   0x00000004   Code   RO         6425    .text               tx_thread_context_restore.o
    0x0800034c   0x0800034c   0x00000004   Code   RO         6428    .text               tx_thread_context_save.o
    0x08000350   0x08000350   0x0000000c   Code   RO         6431    .text               tx_thread_interrupt_control.o
    0x0800035c   0x0800035c   0x000000d4   Code   RO         6440    .text               tx_thread_schedule.o
    0x08000430   0x08000430   0x00000040   Code   RO         6443    .text               tx_thread_stack_build.o
    0x08000470   0x08000470   0x000000e8   Code   RO         6449    .text               tx_timer_interrupt.o
    0x08000558   0x08000558   0x00000062   Code   RO        13881    .text               mc_w.l(uldiv.o)
    0x080005ba   0x080005ba   0x00000024   Code   RO        13883    .text               mc_w.l(memcpya.o)
    0x080005de   0x080005de   0x00000024   Code   RO        13885    .text               mc_w.l(memseta.o)
    0x08000602   0x08000602   0x0000001a   Code   RO        13887    .text               mc_w.l(memcmp.o)
    0x0800061c   0x0800061c   0x0000001e   Code   RO        14168    .text               mc_w.l(llshl.o)
    0x0800063a   0x0800063a   0x00000020   Code   RO        14170    .text               mc_w.l(llushr.o)
    0x0800065a   0x0800065a   0x00000002   PAD
    0x0800065c   0x0800065c   0x00000024   Code   RO        14183    .text               mc_w.l(init.o)
    0x08000680   0x08000680   0x00000056   Code   RO        14197    .text               mc_w.l(__dczerorl2.o)
    0x080006d6   0x080006d6   0x00000002   PAD
    0x080006d8   0x080006d8   0x0000008c   Code   RO            4    i.AppTaskCreate     start.o
    0x08000764   0x08000764   0x00000004   Code   RO          307    i.BusFault_Handler  stm32h7xx_it.o
    0x08000768   0x08000768   0x00000002   Code   RO          308    i.DebugMon_Handler  stm32h7xx_it.o
    0x0800076a   0x0800076a   0x00000002   PAD
    0x0800076c   0x0800076c   0x00000018   Code   RO          864    i.EXTI15_10_IRQHandler  bsp_key.o
    0x08000784   0x08000784   0x00000014   Code   RO          566    i.Error_Handler     bsp.o
    0x08000798   0x08000798   0x000004dc   Code   RO         1634    i.HAL_DMA_Abort     stm32h7xx_hal_dma.o
    0x08000c74   0x08000c74   0x00000398   Code   RO         1635    i.HAL_DMA_Abort_IT  stm32h7xx_hal_dma.o
    0x0800100c   0x0800100c   0x0000000c   Code   RO          722    i.HAL_Delay         stm32h7xx_hal_timebase_tim.o
    0x08001018   0x08001018   0x00000024   Code   RO         2326    i.HAL_EXTI_ClearPending  stm32h7xx_hal_exti.o
    0x0800103c   0x0800103c   0x00000208   Code   RO         2730    i.HAL_GPIO_Init     stm32h7xx_hal_gpio.o
    0x08001244   0x08001244   0x0000000c   Code   RO         2734    i.HAL_GPIO_WritePin  stm32h7xx_hal_gpio.o
    0x08001250   0x08001250   0x0000000c   Code   RO          937    i.HAL_GetREVID      stm32h7xx_hal.o
    0x0800125c   0x0800125c   0x0000004c   Code   RO          723    i.HAL_GetTick       stm32h7xx_hal_timebase_tim.o
    0x080012a8   0x080012a8   0x00000030   Code   RO        11726    i.HAL_HCD_Connect_Callback  ux_hcd_stm32_callback.o
    0x080012d8   0x080012d8   0x00000030   Code   RO        11727    i.HAL_HCD_Disconnect_Callback  ux_hcd_stm32_callback.o
    0x08001308   0x08001308   0x0000000c   Code   RO         2832    i.HAL_HCD_GetCurrentFrame  stm32h7xx_hal_hcd.o
    0x08001314   0x08001314   0x0000000c   Code   RO         2833    i.HAL_HCD_GetCurrentSpeed  stm32h7xx_hal_hcd.o
    0x08001320   0x08001320   0x00000016   Code   RO         2837    i.HAL_HCD_HC_GetXferCount  stm32h7xx_hal_hcd.o
    0x08001336   0x08001336   0x00000034   Code   RO         2838    i.HAL_HCD_HC_Halt   stm32h7xx_hal_hcd.o
    0x0800136a   0x0800136a   0x00000106   Code   RO         2839    i.HAL_HCD_HC_Init   stm32h7xx_hal_hcd.o
    0x08001470   0x08001470   0x00000168   Code   RO        11728    i.HAL_HCD_HC_NotifyURBChange_Callback  ux_hcd_stm32_callback.o
    0x080015d8   0x080015d8   0x000002a4   Code   RO         2841    i.HAL_HCD_HC_SubmitRequest  stm32h7xx_hal_hcd.o
    0x0800187c   0x0800187c   0x0000016c   Code   RO         2842    i.HAL_HCD_IRQHandler  stm32h7xx_hal_hcd.o
    0x080019e8   0x080019e8   0x00000074   Code   RO         2843    i.HAL_HCD_Init      stm32h7xx_hal_hcd.o
    0x08001a5c   0x08001a5c   0x000000e4   Code   RO          254    i.HAL_HCD_MspInit   stm32h7xx_hal_msp.o
    0x08001b40   0x08001b40   0x00000002   Code   RO         2846    i.HAL_HCD_PortDisabled_Callback  stm32h7xx_hal_hcd.o
    0x08001b42   0x08001b42   0x00000002   Code   RO         2847    i.HAL_HCD_PortEnabled_Callback  stm32h7xx_hal_hcd.o
    0x08001b44   0x08001b44   0x0000000c   Code   RO         2848    i.HAL_HCD_ResetPort  stm32h7xx_hal_hcd.o
    0x08001b50   0x08001b50   0x00000034   Code   RO        11729    i.HAL_HCD_SOF_Callback  ux_hcd_stm32_callback.o
    0x08001b84   0x08001b84   0x00000036   Code   RO         2850    i.HAL_HCD_Start     stm32h7xx_hal_hcd.o
    0x08001bba   0x08001bba   0x00000002   PAD
    0x08001bbc   0x08001bbc   0x00000060   Code   RO          945    i.HAL_Init          stm32h7xx_hal.o
    0x08001c1c   0x08001c1c   0x00000006   Code   RO          724    i.HAL_InitTick      stm32h7xx_hal_timebase_tim.o
    0x08001c22   0x08001c22   0x00000002   PAD
    0x08001c24   0x08001c24   0x0000005c   Code   RO         1322    i.HAL_MPU_ConfigRegion  stm32h7xx_hal_cortex.o
    0x08001c80   0x08001c80   0x0000002c   Code   RO         1323    i.HAL_MPU_Disable   stm32h7xx_hal_cortex.o
    0x08001cac   0x08001cac   0x00000040   Code   RO         1324    i.HAL_MPU_Enable    stm32h7xx_hal_cortex.o
    0x08001cec   0x08001cec   0x00000024   Code   RO          255    i.HAL_MspInit       stm32h7xx_hal_msp.o
    0x08001d10   0x08001d10   0x00000028   Code   RO         1327    i.HAL_NVIC_EnableIRQ  stm32h7xx_hal_cortex.o
    0x08001d38   0x08001d38   0x0000007a   Code   RO         1333    i.HAL_NVIC_SetPriority  stm32h7xx_hal_cortex.o
    0x08001db2   0x08001db2   0x00000002   PAD
    0x08001db4   0x08001db4   0x00000028   Code   RO         1334    i.HAL_NVIC_SetPriorityGrouping  stm32h7xx_hal_cortex.o
    0x08001ddc   0x08001ddc   0x00000060   Code   RO         4237    i.HAL_PWREx_ConfigSupply  stm32h7xx_hal_pwr_ex.o
    0x08001e3c   0x08001e3c   0x00000014   Code   RO         4254    i.HAL_PWREx_EnableUSBVoltageDetector  stm32h7xx_hal_pwr_ex.o
    0x08001e50   0x08001e50   0x00000024   Code   RO         4642    i.HAL_RCCEx_GetD3PCLK1Freq  stm32h7xx_hal_rcc_ex.o
    0x08001e74   0x08001e74   0x00000230   Code   RO         4644    i.HAL_RCCEx_GetPLL2ClockFreq  stm32h7xx_hal_rcc_ex.o
    0x080020a4   0x080020a4   0x00000230   Code   RO         4645    i.HAL_RCCEx_GetPLL3ClockFreq  stm32h7xx_hal_rcc_ex.o
    0x080022d4   0x080022d4   0x00000b64   Code   RO         4651    i.HAL_RCCEx_PeriphCLKConfig  stm32h7xx_hal_rcc_ex.o
    0x08002e38   0x08002e38   0x00000320   Code   RO         4527    i.HAL_RCC_ClockConfig  stm32h7xx_hal_rcc.o
    0x08003158   0x08003158   0x0000004c   Code   RO         4532    i.HAL_RCC_GetHCLKFreq  stm32h7xx_hal_rcc.o
    0x080031a4   0x080031a4   0x00000024   Code   RO         4534    i.HAL_RCC_GetPCLK1Freq  stm32h7xx_hal_rcc.o
    0x080031c8   0x080031c8   0x00000024   Code   RO         4535    i.HAL_RCC_GetPCLK2Freq  stm32h7xx_hal_rcc.o
    0x080031ec   0x080031ec   0x0000022c   Code   RO         4536    i.HAL_RCC_GetSysClockFreq  stm32h7xx_hal_rcc.o
    0x08003418   0x08003418   0x000007e4   Code   RO         4539    i.HAL_RCC_OscConfig  stm32h7xx_hal_rcc.o
    0x08003bfc   0x08003bfc   0x00000012   Code   RO          949    i.HAL_ResumeTick    stm32h7xx_hal.o
    0x08003c0e   0x08003c0e   0x0000004e   Code   RO         5579    i.HAL_UARTEx_DisableFifoMode  stm32h7xx_hal_uart_ex.o
    0x08003c5c   0x08003c5c   0x00000002   Code   RO         5163    i.HAL_UARTEx_RxEventCallback  stm32h7xx_hal_uart.o
    0x08003c5e   0x08003c5e   0x00000002   Code   RO         5586    i.HAL_UARTEx_RxFifoFullCallback  stm32h7xx_hal_uart_ex.o
    0x08003c60   0x08003c60   0x0000005e   Code   RO         5587    i.HAL_UARTEx_SetRxFifoThreshold  stm32h7xx_hal_uart_ex.o
    0x08003cbe   0x08003cbe   0x0000005e   Code   RO         5588    i.HAL_UARTEx_SetTxFifoThreshold  stm32h7xx_hal_uart_ex.o
    0x08003d1c   0x08003d1c   0x00000002   Code   RO         5590    i.HAL_UARTEx_TxFifoEmptyCallback  stm32h7xx_hal_uart_ex.o
    0x08003d1e   0x08003d1e   0x00000002   Code   RO         5591    i.HAL_UARTEx_WakeupCallback  stm32h7xx_hal_uart_ex.o
    0x08003d20   0x08003d20   0x00000002   Code   RO         5179    i.HAL_UART_ErrorCallback  stm32h7xx_hal_uart.o
    0x08003d22   0x08003d22   0x00000010   Code   RO         5181    i.HAL_UART_GetState  stm32h7xx_hal_uart.o
    0x08003d32   0x08003d32   0x00000002   PAD
    0x08003d34   0x08003d34   0x000003d4   Code   RO         5182    i.HAL_UART_IRQHandler  stm32h7xx_hal_uart.o
    0x08004108   0x08004108   0x00000078   Code   RO         5183    i.HAL_UART_Init     stm32h7xx_hal_uart.o
    0x08004180   0x08004180   0x00000098   Code   RO          257    i.HAL_UART_MspInit  stm32h7xx_hal_msp.o
    0x08004218   0x08004218   0x00000064   Code   RO         5188    i.HAL_UART_Receive_IT  stm32h7xx_hal_uart.o
    0x0800427c   0x0800427c   0x00000002   Code   RO          800    i.HAL_UART_RxCpltCallback  bsp_uart.o
    0x0800427e   0x0800427e   0x00000002   Code   RO         5195    i.HAL_UART_TxCpltCallback  stm32h7xx_hal_uart.o
    0x08004280   0x08004280   0x00000762   Code   RO         2852    i.HCD_HC_IN_IRQHandler  stm32h7xx_hal_hcd.o
    0x080049e2   0x080049e2   0x00000744   Code   RO         2853    i.HCD_HC_OUT_IRQHandler  stm32h7xx_hal_hcd.o
    0x08005126   0x08005126   0x000000b6   Code   RO         2854    i.HCD_Port_IRQHandler  stm32h7xx_hal_hcd.o
    0x080051dc   0x080051dc   0x00000184   Code   RO         2855    i.HCD_RXQLVL_IRQHandler  stm32h7xx_hal_hcd.o
    0x08005360   0x08005360   0x00000004   Code   RO          309    i.HardFault_Handler  stm32h7xx_it.o
    0x08005364   0x08005364   0x0000008c   Code   RO          698    i.LED_Init          bsp_led.o
    0x080053f0   0x080053f0   0x00000092   Code   RO          567    i.MPU_Config        bsp.o
    0x08005482   0x08005482   0x00000002   PAD
    0x08005484   0x08005484   0x00000174   Code   RO          568    i.MX_GPIO_Init      bsp.o
    0x080055f8   0x080055f8   0x000002a4   Code   RO          430    i.MX_USBX_Host_Init  usb_app.o
    0x0800589c   0x0800589c   0x0000015c   Code   RO          646    i.MX_USB_Host_Init  bsp_usb.o
    0x080059f8   0x080059f8   0x00000094   Code   RO          647    i.MX_USB_OTG_FS_HCD_Init  bsp_usb.o
    0x08005a8c   0x08005a8c   0x00000004   Code   RO          310    i.MemManage_Handler  stm32h7xx_it.o
    0x08005a90   0x08005a90   0x00000004   Code   RO          311    i.NMI_Handler       stm32h7xx_it.o
    0x08005a94   0x08005a94   0x00000038   Code   RO            5    i.OSStatInit        start.o
    0x08005acc   0x08005acc   0x00000010   Code   RO          312    i.OTG_FS_EP1_IN_IRQHandler  stm32h7xx_it.o
    0x08005adc   0x08005adc   0x00000010   Code   RO          313    i.OTG_FS_EP1_OUT_IRQHandler  stm32h7xx_it.o
    0x08005aec   0x08005aec   0x00000010   Code   RO          314    i.OTG_FS_IRQHandler  stm32h7xx_it.o
    0x08005afc   0x08005afc   0x00000164   Code   RO         4654    i.RCCEx_PLL2_Config  stm32h7xx_hal_rcc_ex.o
    0x08005c60   0x08005c60   0x00000164   Code   RO         4655    i.RCCEx_PLL3_Config  stm32h7xx_hal_rcc_ex.o
    0x08005dc4   0x08005dc4   0x00000002   Code   RO          316    i.SVC_Handler       stm32h7xx_it.o
    0x08005dc6   0x08005dc6   0x00000002   PAD
    0x08005dc8   0x08005dc8   0x000000cc   Code   RO          569    i.SystemClock_Config  bsp.o
    0x08005e94   0x08005e94   0x00000104   Code   RO         6389    i.SystemInit        system_stm32h7xx.o
    0x08005f98   0x08005f98   0x00000014   Code   RO          570    i.System_Init       bsp.o
    0x08005fac   0x08005fac   0x00000020   Code   RO            6    i.Task_IDLE         start.o
    0x08005fcc   0x08005fcc   0x00000074   Code   RO          401    i.Task_LED          led_app.o
    0x08006040   0x08006040   0x00000028   Code   RO            7    i.Task_Start        start.o
    0x08006068   0x08006068   0x00000058   Code   RO         5592    i.UARTEx_SetNbDataToProcess  stm32h7xx_hal_uart_ex.o
    0x080060c0   0x080060c0   0x000000f8   Code   RO         5197    i.UART_AdvFeatureConfig  stm32h7xx_hal_uart.o
    0x080061b8   0x080061b8   0x00000076   Code   RO         5198    i.UART_CheckIdleState  stm32h7xx_hal_uart.o
    0x0800622e   0x0800622e   0x00000018   Code   RO         5199    i.UART_DMAAbortOnError  stm32h7xx_hal_uart.o
    0x08006246   0x08006246   0x00000002   PAD
    0x08006248   0x08006248   0x0000003c   Code   RO         5209    i.UART_EndRxTransfer  stm32h7xx_hal_uart.o
    0x08006284   0x08006284   0x00000022   Code   RO         5210    i.UART_EndTransmit_IT  stm32h7xx_hal_uart.o
    0x080062a6   0x080062a6   0x00000092   Code   RO         5212    i.UART_RxISR_16BIT  stm32h7xx_hal_uart.o
    0x08006338   0x08006338   0x00000164   Code   RO         5213    i.UART_RxISR_16BIT_FIFOEN  stm32h7xx_hal_uart.o
    0x0800649c   0x0800649c   0x0000008e   Code   RO         5214    i.UART_RxISR_8BIT   stm32h7xx_hal_uart.o
    0x0800652a   0x0800652a   0x00000002   PAD
    0x0800652c   0x0800652c   0x00000164   Code   RO         5215    i.UART_RxISR_8BIT_FIFOEN  stm32h7xx_hal_uart.o
    0x08006690   0x08006690   0x0000058c   Code   RO         5216    i.UART_SetConfig    stm32h7xx_hal_uart.o
    0x08006c1c   0x08006c1c   0x00000110   Code   RO         5218    i.UART_Start_Receive_IT  stm32h7xx_hal_uart.o
    0x08006d2c   0x08006d2c   0x000000be   Code   RO         5223    i.UART_WaitOnFlagUntilTimeout  stm32h7xx_hal_uart.o
    0x08006dea   0x08006dea   0x00000002   PAD
    0x08006dec   0x08006dec   0x00000050   Code   RO          801    i.USART3_IRQHandler  bsp_uart.o
    0x08006e3c   0x08006e3c   0x00000098   Code   RO         6088    i.USB_CoreInit      stm32h7xx_ll_usb.o
    0x08006ed4   0x08006ed4   0x0000004c   Code   RO         6089    i.USB_CoreReset     stm32h7xx_ll_usb.o
    0x08006f20   0x08006f20   0x0000000e   Code   RO         6096    i.USB_DisableGlobalInt  stm32h7xx_ll_usb.o
    0x08006f2e   0x08006f2e   0x00000002   PAD
    0x08006f30   0x08006f30   0x00000044   Code   RO         6097    i.USB_DoPing        stm32h7xx_ll_usb.o
    0x08006f74   0x08006f74   0x0000004a   Code   RO         6098    i.USB_DriveVbus     stm32h7xx_ll_usb.o
    0x08006fbe   0x08006fbe   0x0000000e   Code   RO         6104    i.USB_EnableGlobalInt  stm32h7xx_ll_usb.o
    0x08006fcc   0x08006fcc   0x0000002c   Code   RO         6105    i.USB_FlushRxFifo   stm32h7xx_ll_usb.o
    0x08006ff8   0x08006ff8   0x00000030   Code   RO         6106    i.USB_FlushTxFifo   stm32h7xx_ll_usb.o
    0x08007028   0x08007028   0x0000000e   Code   RO         6107    i.USB_GetCurrentFrame  stm32h7xx_ll_usb.o
    0x08007036   0x08007036   0x00000018   Code   RO         6109    i.USB_GetHostSpeed  stm32h7xx_ll_usb.o
    0x0800704e   0x0800704e   0x0000000a   Code   RO         6110    i.USB_GetMode       stm32h7xx_ll_usb.o
    0x08007058   0x08007058   0x000001b0   Code   RO         6111    i.USB_HC_Halt       stm32h7xx_ll_usb.o
    0x08007208   0x08007208   0x000001a4   Code   RO         6112    i.USB_HC_Init       stm32h7xx_ll_usb.o
    0x080073ac   0x080073ac   0x0000000e   Code   RO         6113    i.USB_HC_ReadInterrupt  stm32h7xx_ll_usb.o
    0x080073ba   0x080073ba   0x00000002   PAD
    0x080073bc   0x080073bc   0x000001d0   Code   RO         6114    i.USB_HC_StartXfer  stm32h7xx_ll_usb.o
    0x0800758c   0x0800758c   0x000000f8   Code   RO         6115    i.USB_HostInit      stm32h7xx_ll_usb.o
    0x08007684   0x08007684   0x00000044   Code   RO         6116    i.USB_InitFSLSPClkSel  stm32h7xx_ll_usb.o
    0x080076c8   0x080076c8   0x0000000a   Code   RO         6121    i.USB_ReadInterrupts  stm32h7xx_ll_usb.o
    0x080076d2   0x080076d2   0x00000060   Code   RO         6122    i.USB_ReadPacket    stm32h7xx_ll_usb.o
    0x08007732   0x08007732   0x0000003c   Code   RO         6123    i.USB_ResetPort     stm32h7xx_ll_usb.o
    0x0800776e   0x0800776e   0x00000036   Code   RO         6124    i.USB_SetCurrentMode  stm32h7xx_ll_usb.o
    0x080077a4   0x080077a4   0x00000020   Code   RO          648    i.USB_VbusFS        bsp_usb.o
    0x080077c4   0x080077c4   0x0000007c   Code   RO          649    i.USB_Vbus_Init     bsp_usb.o
    0x08007840   0x08007840   0x00000044   Code   RO         6130    i.USB_WritePacket   stm32h7xx_ll_usb.o
    0x08007884   0x08007884   0x00000004   Code   RO          318    i.UsageFault_Handler  stm32h7xx_it.o
    0x08007888   0x08007888   0x00000020   Code   RO        14098    i.__0printf$8       mc_w.l(printf8.o)
    0x080078a8   0x080078a8   0x00000010   Code   RO         1340    i.__NVIC_GetPriorityGrouping  stm32h7xx_hal_cortex.o
    0x080078b8   0x080078b8   0x00000028   Code   RO         1341    i.__NVIC_SetPriority  stm32h7xx_hal_cortex.o
    0x080078e0   0x080078e0   0x0000000e   Code   RO        14191    i.__scatterload_copy  mc_w.l(handlers.o)
    0x080078ee   0x080078ee   0x00000002   Code   RO        14192    i.__scatterload_null  mc_w.l(handlers.o)
    0x080078f0   0x080078f0   0x0000000e   Code   RO        14193    i.__scatterload_zeroinit  mc_w.l(handlers.o)
    0x080078fe   0x080078fe   0x00000002   PAD
    0x08007900   0x08007900   0x00000410   Code   RO        14105    i._printf_core      mc_w.l(printf8.o)
    0x08007d10   0x08007d10   0x00000024   Code   RO        14106    i._printf_post_padding  mc_w.l(printf8.o)
    0x08007d34   0x08007d34   0x0000002e   Code   RO        14107    i._printf_pre_padding  mc_w.l(printf8.o)
    0x08007d62   0x08007d62   0x00000002   PAD
    0x08007d64   0x08007d64   0x00000110   Code   RO         6646    i._tx_byte_allocate  tx_byte_allocate.o
    0x08007e74   0x08007e74   0x000000a0   Code   RO         6667    i._tx_byte_pool_cleanup  tx_byte_pool_cleanup.o
    0x08007f14   0x08007f14   0x000000c0   Code   RO         6684    i._tx_byte_pool_create  tx_byte_pool_create.o
    0x08007fd4   0x08007fd4   0x00000178   Code   RO         6803    i._tx_byte_pool_search  tx_byte_pool_search.o
    0x0800814c   0x0800814c   0x000000ac   Code   RO         6837    i._tx_event_flags_cleanup  tx_event_flags_cleanup.o
    0x080081f8   0x080081f8   0x00000064   Code   RO         6858    i._tx_event_flags_create  tx_event_flags_create.o
    0x0800825c   0x0800825c   0x00000134   Code   RO         6892    i._tx_event_flags_get  tx_event_flags_get.o
    0x08008390   0x08008390   0x00000284   Code   RO         6977    i._tx_event_flags_set  tx_event_flags_set.o
    0x08008614   0x08008614   0x00000070   Code   RO         7011    i._tx_initialize_high_level  tx_initialize_high_level.o
    0x08008684   0x08008684   0x00000050   Code   RO         7056    i._tx_initialize_kernel_enter  tx_initialize_kernel_enter.o
    0x080086d4   0x080086d4   0x000000a0   Code   RO         7329    i._tx_mutex_cleanup  tx_mutex_cleanup.o
    0x08008774   0x08008774   0x00000078   Code   RO         7356    i._tx_mutex_create  tx_mutex_create.o
    0x080087ec   0x080087ec   0x00000144   Code   RO         7390    i._tx_mutex_get     tx_mutex_get.o
    0x08008930   0x08008930   0x000000f0   Code   RO         7475    i._tx_mutex_prioritize  tx_mutex_prioritize.o
    0x08008a20   0x08008a20   0x00000108   Code   RO         7492    i._tx_mutex_priority_change  tx_mutex_priority_change.o
    0x08008b28   0x08008b28   0x00000280   Code   RO         7509    i._tx_mutex_put     tx_mutex_put.o
    0x08008da8   0x08008da8   0x00000054   Code   RO         7330    i._tx_mutex_thread_release  tx_mutex_cleanup.o
    0x08008dfc   0x08008dfc   0x000000b0   Code   RO         7526    i._tx_queue_cleanup  tx_queue_cleanup.o
    0x08008eac   0x08008eac   0x00000098   Code   RO         7547    i._tx_queue_create  tx_queue_create.o
    0x08008f44   0x08008f44   0x0000024c   Code   RO         7700    i._tx_queue_receive  tx_queue_receive.o
    0x08009190   0x08009190   0x000001b0   Code   RO         7717    i._tx_queue_send    tx_queue_send.o
    0x08009340   0x08009340   0x000000a0   Code   RO         7772    i._tx_semaphore_cleanup  tx_semaphore_cleanup.o
    0x080093e0   0x080093e0   0x00000068   Code   RO         7789    i._tx_semaphore_create  tx_semaphore_create.o
    0x08009448   0x08009448   0x000000c8   Code   RO         7806    i._tx_semaphore_delete  tx_semaphore_delete.o
    0x08009510   0x08009510   0x000000b8   Code   RO         7823    i._tx_semaphore_get  tx_semaphore_get.o
    0x080095c8   0x080095c8   0x00000080   Code   RO         7925    i._tx_semaphore_put  tx_semaphore_put.o
    0x08009648   0x08009648   0x00000178   Code   RO         7959    i._tx_thread_create  tx_thread_create.o
    0x080097c0   0x080097c0   0x0000006c   Code   RO         7976    i._tx_thread_delete  tx_thread_delete.o
    0x0800982c   0x0800982c   0x00000018   Code   RO         8010    i._tx_thread_identify  tx_thread_identify.o
    0x08009844   0x08009844   0x0000006a   Code   RO         8027    i._tx_thread_info_get  tx_thread_info_get.o
    0x080098ae   0x080098ae   0x00000002   PAD
    0x080098b0   0x080098b0   0x00000078   Code   RO         8044    i._tx_thread_initialize  tx_thread_initialize.o
    0x08009928   0x08009928   0x000000f0   Code   RO         8126    i._tx_thread_priority_change  tx_thread_priority_change.o
    0x08009a18   0x08009a18   0x00000170   Code   RO         8143    i._tx_thread_relinquish  tx_thread_relinquish.o
    0x08009b88   0x08009b88   0x00000084   Code   RO         8194    i._tx_thread_shell_entry  tx_thread_shell_entry.o
    0x08009c0c   0x08009c0c   0x0000009c   Code   RO         8211    i._tx_thread_sleep  tx_thread_sleep.o
    0x08009ca8   0x08009ca8   0x00000088   Code   RO         8228    i._tx_thread_stack_analyze  tx_thread_stack_analyze.o
    0x08009d30   0x08009d30   0x00000028   Code   RO         8245    i._tx_thread_stack_error_handler  tx_thread_stack_error_handler.o
    0x08009d58   0x08009d58   0x00000098   Code   RO         8279    i._tx_thread_suspend  tx_thread_suspend.o
    0x08009df0   0x08009df0   0x000000b0   Code   RO         8296    i._tx_thread_system_preempt_check  tx_thread_system_preempt_check.o
    0x08009ea0   0x08009ea0   0x000002f8   Code   RO         8313    i._tx_thread_system_resume  tx_thread_system_resume.o
    0x0800a198   0x0800a198   0x00000024   Code   RO         8144    i._tx_thread_system_return_inline  tx_thread_relinquish.o
    0x0800a1bc   0x0800a1bc   0x00000024   Code   RO         8297    i._tx_thread_system_return_inline  tx_thread_system_preempt_check.o
    0x0800a1e0   0x0800a1e0   0x00000024   Code   RO         8314    i._tx_thread_system_return_inline  tx_thread_system_resume.o
    0x0800a204   0x0800a204   0x00000024   Code   RO         8330    i._tx_thread_system_return_inline  tx_thread_system_suspend.o
    0x0800a228   0x0800a228   0x000002f8   Code   RO         8331    i._tx_thread_system_suspend  tx_thread_system_suspend.o
    0x0800a520   0x0800a520   0x000001cc   Code   RO         8348    i._tx_thread_terminate  tx_thread_terminate.o
    0x0800a6ec   0x0800a6ec   0x0000017c   Code   RO         8365    i._tx_thread_time_slice  tx_thread_time_slice.o
    0x0800a868   0x0800a868   0x00000048   Code   RO         8399    i._tx_thread_timeout  tx_thread_timeout.o
    0x0800a8b0   0x0800a8b0   0x00000018   Code   RO         8433    i._tx_time_get      tx_time_get.o
    0x0800a8c8   0x0800a8c8   0x0000002c   Code   RO         8552    i._tx_timer_expiration_process  tx_timer_expiration_process.o
    0x0800a8f4   0x0800a8f4   0x000000e8   Code   RO         8586    i._tx_timer_initialize  tx_timer_initialize.o
    0x0800a9dc   0x0800a9dc   0x00000060   Code   RO         8644    i._tx_timer_system_activate  tx_timer_system_activate.o
    0x0800aa3c   0x0800aa3c   0x0000002e   Code   RO         8661    i._tx_timer_system_deactivate  tx_timer_system_deactivate.o
    0x0800aa6a   0x0800aa6a   0x00000002   PAD
    0x0800aa6c   0x0800aa6c   0x00000160   Code   RO         8678    i._tx_timer_thread_entry  tx_timer_thread_entry.o
    0x0800abcc   0x0800abcc   0x000000ac   Code   RO         9001    i._txe_byte_allocate  txe_byte_allocate.o
    0x0800ac78   0x0800ac78   0x00000100   Code   RO         9018    i._txe_byte_pool_create  txe_byte_pool_create.o
    0x0800ad78   0x0800ad78   0x000000e0   Code   RO         9103    i._txe_event_flags_create  txe_event_flags_create.o
    0x0800ae58   0x0800ae58   0x00000084   Code   RO         9137    i._txe_event_flags_get  txe_event_flags_get.o
    0x0800aedc   0x0800aedc   0x00000040   Code   RO         9171    i._txe_event_flags_set  txe_event_flags_set.o
    0x0800af1c   0x0800af1c   0x000000f8   Code   RO         9205    i._txe_mutex_create  txe_mutex_create.o
    0x0800b014   0x0800b014   0x00000088   Code   RO         9239    i._txe_mutex_get    txe_mutex_get.o
    0x0800b09c   0x0800b09c   0x00000054   Code   RO         9290    i._txe_mutex_put    txe_mutex_put.o
    0x0800b0f0   0x0800b0f0   0x00000120   Code   RO         9307    i._txe_queue_create  txe_queue_create.o
    0x0800b210   0x0800b210   0x0000006c   Code   RO         9409    i._txe_queue_receive  txe_queue_receive.o
    0x0800b27c   0x0800b27c   0x0000006c   Code   RO         9426    i._txe_queue_send   txe_queue_send.o
    0x0800b2e8   0x0800b2e8   0x000000dc   Code   RO         9477    i._txe_semaphore_create  txe_semaphore_create.o
    0x0800b3c4   0x0800b3c4   0x00000054   Code   RO         9494    i._txe_semaphore_delete  txe_semaphore_delete.o
    0x0800b418   0x0800b418   0x00000060   Code   RO         9511    i._txe_semaphore_get  txe_semaphore_get.o
    0x0800b478   0x0800b478   0x00000028   Code   RO         9562    i._txe_semaphore_put  txe_semaphore_put.o
    0x0800b4a0   0x0800b4a0   0x0000018c   Code   RO         9596    i._txe_thread_create  txe_thread_create.o
    0x0800b62c   0x0800b62c   0x0000003c   Code   RO         9613    i._txe_thread_delete  txe_thread_delete.o
    0x0800b668   0x0800b668   0x00000040   Code   RO         9647    i._txe_thread_info_get  txe_thread_info_get.o
    0x0800b6a8   0x0800b6a8   0x00000058   Code   RO         9681    i._txe_thread_priority_change  txe_thread_priority_change.o
    0x0800b700   0x0800b700   0x00000028   Code   RO         9698    i._txe_thread_relinquish  txe_thread_relinquish.o
    0x0800b728   0x0800b728   0x00000028   Code   RO         9749    i._txe_thread_suspend  txe_thread_suspend.o
    0x0800b750   0x0800b750   0x0000003c   Code   RO         9766    i._txe_thread_terminate  txe_thread_terminate.o
    0x0800b78c   0x0800b78c   0x0000000c   Code   RO        11778    i._ux_hcd_stm32_controller_disable  ux_hcd_stm32_controller_disable.o
    0x0800b798   0x0800b798   0x0000003c   Code   RO        11811    i._ux_hcd_stm32_ed_obtain  ux_hcd_stm32_ed_obtain.o
    0x0800b7d4   0x0800b7d4   0x000001ec   Code   RO        11844    i._ux_hcd_stm32_endpoint_create  ux_hcd_stm32_endpoint_create.o
    0x0800b9c0   0x0800b9c0   0x00000078   Code   RO        11874    i._ux_hcd_stm32_endpoint_destroy  ux_hcd_stm32_endpoint_destroy.o
    0x0800ba38   0x0800ba38   0x00000034   Code   RO        11907    i._ux_hcd_stm32_endpoint_reset  ux_hcd_stm32_endpoint_reset.o
    0x0800ba6c   0x0800ba6c   0x00000122   Code   RO        11940    i._ux_hcd_stm32_entry  ux_hcd_stm32_entry.o
    0x0800bb8e   0x0800bb8e   0x00000012   Code   RO        11973    i._ux_hcd_stm32_frame_number_get  ux_hcd_stm32_frame_number_get.o
    0x0800bba0   0x0800bba0   0x00000098   Code   RO        12006    i._ux_hcd_stm32_initialize  ux_hcd_stm32_initialize.o
    0x0800bc38   0x0800bc38   0x0000003a   Code   RO        12072    i._ux_hcd_stm32_least_traffic_list_get  ux_hcd_stm32_least_traffic_list_get.o
    0x0800bc72   0x0800bc72   0x00000050   Code   RO        12105    i._ux_hcd_stm32_periodic_schedule  ux_hcd_stm32_periodic_schedule.o
    0x0800bcc2   0x0800bcc2   0x00000006   Code   RO        12138    i._ux_hcd_stm32_port_disable  ux_hcd_stm32_port_disable.o
    0x0800bcc8   0x0800bcc8   0x00000006   Code   RO        12171    i._ux_hcd_stm32_port_enable  ux_hcd_stm32_port_enable.o
    0x0800bcce   0x0800bcce   0x00000038   Code   RO        12204    i._ux_hcd_stm32_port_reset  ux_hcd_stm32_port_reset.o
    0x0800bd06   0x0800bd06   0x00000006   Code   RO        12237    i._ux_hcd_stm32_port_resume  ux_hcd_stm32_port_resume.o
    0x0800bd0c   0x0800bd0c   0x00000056   Code   RO        12270    i._ux_hcd_stm32_port_status_get  ux_hcd_stm32_port_status_get.o
    0x0800bd62   0x0800bd62   0x00000006   Code   RO        12303    i._ux_hcd_stm32_port_suspend  ux_hcd_stm32_port_suspend.o
    0x0800bd68   0x0800bd68   0x00000006   Code   RO        12336    i._ux_hcd_stm32_power_down_port  ux_hcd_stm32_power_down_port.o
    0x0800bd6e   0x0800bd6e   0x0000001a   Code   RO        12369    i._ux_hcd_stm32_power_on_port  ux_hcd_stm32_power_on_port.o
    0x0800bd88   0x0800bd88   0x0000006c   Code   RO        12402    i._ux_hcd_stm32_request_bulk_transfer  ux_hcd_stm32_request_bulk_transfer.o
    0x0800bdf4   0x0800bdf4   0x0000028e   Code   RO        12435    i._ux_hcd_stm32_request_control_transfer  ux_hcd_stm32_request_control_transfer.o
    0x0800c082   0x0800c082   0x00000026   Code   RO        12468    i._ux_hcd_stm32_request_periodic_transfer  ux_hcd_stm32_request_periodic_transfer.o
    0x0800c0a8   0x0800c0a8   0x00000062   Code   RO        12501    i._ux_hcd_stm32_request_transfer  ux_hcd_stm32_request_transfer.o
    0x0800c10a   0x0800c10a   0x00000034   Code   RO        12534    i._ux_hcd_stm32_transfer_abort  ux_hcd_stm32_transfer_abort.o
    0x0800c13e   0x0800c13e   0x00000002   PAD
    0x0800c140   0x0800c140   0x000001a4   Code   RO        11148    i._ux_host_class_meige_activate  ux_host_class_meige_activate.o
    0x0800c2e4   0x0800c2e4   0x000001fc   Code   RO        11191    i._ux_host_class_meige_configure  ux_host_class_meige_configure.o
    0x0800c4e0   0x0800c4e0   0x00000070   Code   RO        11219    i._ux_host_class_meige_deactivate  ux_host_class_meige_deactivate.o
    0x0800c550   0x0800c550   0x000000ae   Code   RO        11240    i._ux_host_class_meige_endpoints_get  ux_host_class_meige_endpoints_get.o
    0x0800c5fe   0x0800c5fe   0x00000002   PAD
    0x0800c600   0x0800c600   0x00000128   Code   RO        11264    i._ux_host_class_meige_entry  ux_host_class_meige_entry.o
    0x0800c728   0x0800c728   0x0000006e   Code   RO        11334    i._ux_host_class_meige_reception_callback  ux_host_class_meige_reception_callback.o
    0x0800c796   0x0800c796   0x00000002   PAD
    0x0800c798   0x0800c798   0x0000014c   Code   RO        11358    i._ux_host_class_meige_reception_start  ux_host_class_meige_reception_start.o
    0x0800c8e4   0x0800c8e4   0x00000150   Code   RO        12564    i._ux_host_stack_bandwidth_check  ux_host_stack_bandwidth_check.o
    0x0800ca34   0x0800ca34   0x00000160   Code   RO        12586    i._ux_host_stack_bandwidth_claim  ux_host_stack_bandwidth_claim.o
    0x0800cb94   0x0800cb94   0x00000160   Code   RO        12608    i._ux_host_stack_bandwidth_release  ux_host_stack_bandwidth_release.o
    0x0800ccf4   0x0800ccf4   0x00000028   Code   RO        12630    i._ux_host_stack_class_call  ux_host_stack_class_call.o
    0x0800cd1c   0x0800cd1c   0x00000062   Code   RO        12651    i._ux_host_stack_class_device_scan  ux_host_stack_class_device_scan.o
    0x0800cd7e   0x0800cd7e   0x00000002   PAD
    0x0800cd80   0x0800cd80   0x00000044   Code   RO        12672    i._ux_host_stack_class_get  ux_host_stack_class_get.o
    0x0800cdc4   0x0800cdc4   0x0000001e   Code   RO        12693    i._ux_host_stack_class_instance_create  ux_host_stack_class_instance_create.o
    0x0800cde2   0x0800cde2   0x0000004e   Code   RO        12714    i._ux_host_stack_class_instance_destroy  ux_host_stack_class_instance_destroy.o
    0x0800ce30   0x0800ce30   0x000001a4   Code   RO        12759    i._ux_host_stack_class_instance_verify  ux_host_stack_class_instance_verify.o
    0x0800cfd4   0x0800cfd4   0x00000018   Code   RO        12786    i._ux_host_stack_class_interface_scan  ux_host_stack_class_interface_scan.o
    0x0800cfec   0x0800cfec   0x00000064   Code   RO        12807    i._ux_host_stack_class_register  ux_host_stack_class_register.o
    0x0800d050   0x0800d050   0x00000066   Code   RO        12849    i._ux_host_stack_configuration_descriptor_parse  ux_host_stack_configuration_descriptor_parse.o
    0x0800d0b6   0x0800d0b6   0x00000002   PAD
    0x0800d0b8   0x0800d0b8   0x000000cc   Code   RO        12870    i._ux_host_stack_configuration_enumerate  ux_host_stack_configuration_enumerate.o
    0x0800d184   0x0800d184   0x0000005c   Code   RO        12891    i._ux_host_stack_configuration_instance_create  ux_host_stack_configuration_instance_create.o
    0x0800d1e0   0x0800d1e0   0x00000024   Code   RO        12913    i._ux_host_stack_configuration_instance_delete  ux_host_stack_configuration_instance_delete.o
    0x0800d204   0x0800d204   0x0000006e   Code   RO        12934    i._ux_host_stack_configuration_interface_get  ux_host_stack_configuration_interface_get.o
    0x0800d272   0x0800d272   0x0000008c   Code   RO        12955    i._ux_host_stack_configuration_interface_scan  ux_host_stack_configuration_interface_scan.o
    0x0800d2fe   0x0800d2fe   0x0000003c   Code   RO        12976    i._ux_host_stack_configuration_set  ux_host_stack_configuration_set.o
    0x0800d33a   0x0800d33a   0x000000ac   Code   RO        13018    i._ux_host_stack_device_address_set  ux_host_stack_device_address_set.o
    0x0800d3e6   0x0800d3e6   0x00000048   Code   RO        13081    i._ux_host_stack_device_configuration_get  ux_host_stack_device_configuration_get.o
    0x0800d42e   0x0800d42e   0x00000002   PAD
    0x0800d430   0x0800d430   0x000000c4   Code   RO        13123    i._ux_host_stack_device_configuration_select  ux_host_stack_device_configuration_select.o
    0x0800d4f4   0x0800d4f4   0x000000b8   Code   RO        13145    i._ux_host_stack_device_descriptor_read  ux_host_stack_device_descriptor_read.o
    0x0800d5ac   0x0800d5ac   0x000000d0   Code   RO        13187    i._ux_host_stack_device_remove  ux_host_stack_device_remove.o
    0x0800d67c   0x0800d67c   0x000000d8   Code   RO        13208    i._ux_host_stack_device_resources_free  ux_host_stack_device_resources_free.o
    0x0800d754   0x0800d754   0x0000011c   Code   RO        13253    i._ux_host_stack_endpoint_instance_create  ux_host_stack_endpoint_instance_create.o
    0x0800d870   0x0800d870   0x00000040   Code   RO        13280    i._ux_host_stack_endpoint_instance_delete  ux_host_stack_endpoint_instance_delete.o
    0x0800d8b0   0x0800d8b0   0x00000012   Code   RO        13322    i._ux_host_stack_endpoint_transfer_abort  ux_host_stack_endpoint_transfer_abort.o
    0x0800d8c2   0x0800d8c2   0x00000002   PAD
    0x0800d8c4   0x0800d8c4   0x00000030   Code   RO        13343    i._ux_host_stack_enum_thread_entry  ux_host_stack_enum_thread_entry.o
    0x0800d8f4   0x0800d8f4   0x0000007c   Code   RO        13364    i._ux_host_stack_hcd_register  ux_host_stack_hcd_register.o
    0x0800d970   0x0800d970   0x00000064   Code   RO        13385    i._ux_host_stack_hcd_thread_entry  ux_host_stack_hcd_thread_entry.o
    0x0800d9d4   0x0800d9d4   0x00000288   Code   RO        13463    i._ux_host_stack_initialize  ux_host_stack_initialize.o
    0x0800dc5c   0x0800dc5c   0x00000048   Code   RO        13491    i._ux_host_stack_interface_endpoint_get  ux_host_stack_interface_endpoint_get.o
    0x0800dca4   0x0800dca4   0x000000f4   Code   RO        13515    i._ux_host_stack_interface_instance_create  ux_host_stack_interface_instance_create.o
    0x0800dd98   0x0800dd98   0x00000016   Code   RO        13543    i._ux_host_stack_interface_instance_delete  ux_host_stack_interface_instance_delete.o
    0x0800ddae   0x0800ddae   0x00000002   PAD
    0x0800ddb0   0x0800ddb0   0x000000bc   Code   RO        13606    i._ux_host_stack_interfaces_scan  ux_host_stack_interfaces_scan.o
    0x0800de6c   0x0800de6c   0x0000001c   Code   RO        13627    i._ux_host_stack_new_configuration_create  ux_host_stack_new_configuration_create.o
    0x0800de88   0x0800de88   0x00000140   Code   RO        13648    i._ux_host_stack_new_device_create  ux_host_stack_new_device_create.o
    0x0800dfc8   0x0800dfc8   0x00000040   Code   RO        13669    i._ux_host_stack_new_device_get  ux_host_stack_new_device_get.o
    0x0800e008   0x0800e008   0x00000054   Code   RO        13690    i._ux_host_stack_new_endpoint_create  ux_host_stack_new_endpoint_create.o
    0x0800e05c   0x0800e05c   0x000000d0   Code   RO        13711    i._ux_host_stack_new_interface_create  ux_host_stack_new_interface_create.o
    0x0800e12c   0x0800e12c   0x000000e4   Code   RO        13732    i._ux_host_stack_rh_change_process  ux_host_stack_rh_change_process.o
    0x0800e210   0x0800e210   0x0000001e   Code   RO        13753    i._ux_host_stack_rh_device_extraction  ux_host_stack_rh_device_extraction.o
    0x0800e22e   0x0800e22e   0x00000002   PAD
    0x0800e230   0x0800e230   0x00000114   Code   RO        13774    i._ux_host_stack_rh_device_insertion  ux_host_stack_rh_device_insertion.o
    0x0800e344   0x0800e344   0x000000a4   Code   RO        13816    i._ux_host_stack_transfer_request  ux_host_stack_transfer_request.o
    0x0800e3e8   0x0800e3e8   0x0000004a   Code   RO        13837    i._ux_host_stack_transfer_request_abort  ux_host_stack_transfer_request_abort.o
    0x0800e432   0x0800e432   0x00000002   PAD
    0x0800e434   0x0800e434   0x00000038   Code   RO        11072    i._ux_system_error_handler  ux_system_error_handler.o
    0x0800e46c   0x0800e46c   0x00000124   Code   RO        11093    i._ux_system_initialize  ux_system_initialize.o
    0x0800e590   0x0800e590   0x0000001a   Code   RO         9959    i._ux_utility_delay_ms  ux_utility_delay_ms.o
    0x0800e5aa   0x0800e5aa   0x0000004a   Code   RO        10001    i._ux_utility_descriptor_parse  ux_utility_descriptor_parse.o
    0x0800e5f4   0x0800e5f4   0x0000000c   Code   RO        10022    i._ux_utility_error_callback_register  ux_utility_error_callback_register.o
    0x0800e600   0x0800e600   0x0000001e   Code   RO        10127    i._ux_utility_long_get  ux_utility_long_get.o
    0x0800e61e   0x0800e61e   0x00000002   PAD
    0x0800e620   0x0800e620   0x00000174   Code   RO        10211    i._ux_utility_memory_allocate  ux_utility_memory_allocate.o
    0x0800e794   0x0800e794   0x00000026   Code   RO        10295    i._ux_utility_memory_compare  ux_utility_memory_compare.o
    0x0800e7ba   0x0800e7ba   0x0000001a   Code   RO        10316    i._ux_utility_memory_copy  ux_utility_memory_copy.o
    0x0800e7d4   0x0800e7d4   0x000000ec   Code   RO        10337    i._ux_utility_memory_free  ux_utility_memory_free.o
    0x0800e8c0   0x0800e8c0   0x00000050   Code   RO        10358    i._ux_utility_memory_free_block_best_get  ux_utility_memory_free_block_best_get.o
    0x0800e910   0x0800e910   0x00000014   Code   RO        10379    i._ux_utility_memory_set  ux_utility_memory_set.o
    0x0800e924   0x0800e924   0x00000024   Code   RO        10400    i._ux_utility_mutex_create  ux_utility_mutex_create.o
    0x0800e948   0x0800e948   0x0000000c   Code   RO        10442    i._ux_utility_mutex_off  ux_utility_mutex_off.o
    0x0800e954   0x0800e954   0x0000001e   Code   RO        10463    i._ux_utility_mutex_on  ux_utility_mutex_on.o
    0x0800e972   0x0800e972   0x0000002a   Code   RO        10568    i._ux_utility_semaphore_create  ux_utility_semaphore_create.o
    0x0800e99c   0x0800e99c   0x00000010   Code   RO        10589    i._ux_utility_semaphore_delete  ux_utility_semaphore_delete.o
    0x0800e9ac   0x0800e9ac   0x00000058   Code   RO        10610    i._ux_utility_semaphore_get  ux_utility_semaphore_get.o
    0x0800ea04   0x0800ea04   0x00000010   Code   RO        10631    i._ux_utility_semaphore_put  ux_utility_semaphore_put.o
    0x0800ea14   0x0800ea14   0x0000000e   Code   RO        10673    i._ux_utility_short_get  ux_utility_short_get.o
    0x0800ea22   0x0800ea22   0x0000000a   Code   RO        10715    i._ux_utility_short_put  ux_utility_short_put.o
    0x0800ea2c   0x0800ea2c   0x0000003c   Code   RO        10757    i._ux_utility_string_length_check  ux_utility_string_length_check.o
    0x0800ea68   0x0800ea68   0x0000003e   Code   RO        10820    i._ux_utility_thread_create  ux_utility_thread_create.o
    0x0800eaa6   0x0800eaa6   0x00000016   Code   RO        10841    i._ux_utility_thread_delete  ux_utility_thread_delete.o
    0x0800eabc   0x0800eabc   0x00000020   Code   RO        10862    i._ux_utility_thread_identify  ux_utility_thread_identify.o
    0x0800eadc   0x0800eadc   0x00000008   Code   RO        10883    i._ux_utility_thread_relinquish  ux_utility_thread_relinquish.o
    0x0800eae4   0x0800eae4   0x00000034   Code   RO        10925    i._ux_utility_thread_schedule_other  ux_utility_thread_schedule_other.o
    0x0800eb18   0x0800eb18   0x00000012   Code   RO          727    i.bsp_DelayMS       stm32h7xx_hal_timebase_tim.o
    0x0800eb2a   0x0800eb2a   0x00000002   PAD
    0x0800eb2c   0x0800eb2c   0x00000030   Code   RO          728    i.bsp_DelayUS       stm32h7xx_hal_timebase_tim.o
    0x0800eb5c   0x0800eb5c   0x00000014   Code   RO          572    i.bsp_Init          bsp.o
    0x0800eb70   0x0800eb70   0x00000028   Code   RO          729    i.bsp_InitDWT       stm32h7xx_hal_timebase_tim.o
    0x0800eb98   0x0800eb98   0x00000070   Code   RO          804    i.bsp_uart3_init    bsp_uart.o
    0x0800ec08   0x0800ec08   0x0000001c   Code   RO          805    i.fputc             bsp_uart.o
    0x0800ec24   0x0800ec24   0x00000014   Code   RO          866    i.key_exti_callback  bsp_key.o
    0x0800ec38   0x0800ec38   0x0000013c   Code   RO            9    i.main              start.o
    0x0800ed74   0x0800ed74   0x0000012c   Code   RO           10    i.tx_application_define  start.o
    0x0800eea0   0x0800eea0   0x00000d14   Code   RO          434    i.usb_descriptor    usb_app.o
    0x0800fbb4   0x0800fbb4   0x00000340   Code   RO          435    i.usbx_app_recv_thread_entry  usb_app.o
    0x0800fef4   0x0800fef4   0x000000e0   Code   RO          436    i.usbx_app_send_thread_entry  usb_app.o
    0x0800ffd4   0x0800ffd4   0x000001fc   Code   RO          437    i.usbx_app_thread_entry  usb_app.o
    0x080101d0   0x080101d0   0x00000014   Code   RO          438    i.ux_host_error_callback  usb_app.o
    0x080101e4   0x080101e4   0x000001c0   Code   RO          439    i.ux_host_event_callback  usb_app.o
    0x080103a4   0x080103a4   0x00000064   Code   RO          440    i.ux_meige_reception_callback  usb_app.o
    0x08010408   0x08010408   0x0000001b   Data   RO           13    .constdata          start.o
    0x08010423   0x08010423   0x000000a9   Data   RO          442    .constdata          usb_app.o
    0x080104cc   0x080104cc   0x00000028   Data   RO          652    .constdata          bsp_usb.o
    0x080104f4   0x080104f4   0x00000018   Data   RO         5224    .constdata          stm32h7xx_hal_uart.o
    0x0801050c   0x0801050c   0x00000010   Data   RO         5594    .constdata          stm32h7xx_hal_uart_ex.o
    0x0801051c   0x0801051c   0x00000010   Data   RO         6390    .constdata          system_stm32h7xx.o
    0x0801052c   0x0801052c   0x0000001e   Data   RO        11149    .constdata          ux_host_class_meige_activate.o
    0x0801054a   0x0801054a   0x0000001f   Data   RO        11192    .constdata          ux_host_class_meige_configure.o
    0x08010569   0x08010569   0x0000001b   Data   RO        11265    .constdata          ux_host_class_meige_entry.o
    0x08010584   0x08010584   0x00000025   Data   RO        11359    .constdata          ux_host_class_meige_reception_start.o
    0x080105a9   0x080105a9   0x0000001e   Data   RO        11845    .constdata          ux_hcd_stm32_endpoint_create.o
    0x080105c7   0x080105c7   0x00000001   PAD
    0x080105c8   0x080105c8   0x0000000c   Data   RO        12565    .constdata          ux_host_stack_bandwidth_check.o
    0x080105d4   0x080105d4   0x0000000c   Data   RO        12587    .constdata          ux_host_stack_bandwidth_claim.o
    0x080105e0   0x080105e0   0x0000000c   Data   RO        12609    .constdata          ux_host_stack_bandwidth_release.o
    0x080105ec   0x080105ec   0x00000025   Data   RO        12760    .constdata          ux_host_stack_class_instance_verify.o
    0x08010611   0x08010611   0x00000028   Data   RO        13254    .constdata          ux_host_stack_endpoint_instance_create.o
    0x08010639   0x08010639   0x00000029   Data   RO        13516    .constdata          ux_host_stack_interface_instance_create.o
    0x08010662   0x08010662   0x00000002   PAD
    0x08010664   0x08010664   0x00000212   Data   RO          443    .conststring        usb_app.o
    0x08010876   0x08010876   0x00000002   PAD
    0x08010878   0x08010878   0x0000004d   Data   RO        11193    .conststring        ux_host_class_meige_configure.o
    0x080108c5   0x080108c5   0x00000003   PAD
    0x080108c8   0x080108c8   0x0000004b   Data   RO        11266    .conststring        ux_host_class_meige_entry.o
    0x08010913   0x08010913   0x00000001   PAD
    0x08010914   0x08010914   0x00000046   Data   RO        12892    .conststring        ux_host_stack_configuration_instance_create.o
    0x0801095a   0x0801095a   0x00000002   PAD
    0x0801095c   0x0801095c   0x00000044   Data   RO        13124    .conststring        ux_host_stack_device_configuration_select.o
    0x080109a0   0x080109a0   0x000000ba   Data   RO        13517    .conststring        ux_host_stack_interface_instance_create.o
    0x08010a5a   0x08010a5a   0x00000002   PAD
    0x08010a5c   0x08010a5c   0x00000020   Data   RO        14189    Region$$Table       anon$$obj.o


    Execution Region RW_IRAM1 (Exec base: 0x20000000, Load base: 0x08010a7c, Size: 0x00000000, Max: 0x00020000, ABSOLUTE)

    **** No section assigned to this execution region ****


    Execution Region RW_IRAM2 (Exec base: 0x24000000, Load base: 0x08010a7c, Size: 0x00048218, Max: 0x00080000, ABSOLUTE, COMPRESSED[0x00000424])

    Exec Addr    Load Addr    Size         Type   Attr      Idx    E Section Name        Object

    0x24000000   COMPRESSED   0x00011800   Data   RW           11    .UsbPoolSection     start.o
    0x24011800   COMPRESSED   0x00000014   Data   RW           14    .data               start.o
    0x24011814   COMPRESSED   0x00000018   Data   RW          444    .data               usb_app.o
    0x2401182c   COMPRESSED   0x00000004   Data   RW          730    .data               stm32h7xx_hal_timebase_tim.o
    0x24011830   COMPRESSED   0x00000006   Data   RW          807    .data               bsp_uart.o
    0x24011836   COMPRESSED   0x00000002   PAD
    0x24011838   COMPRESSED   0x00000008   Data   RW          867    .data               bsp_key.o
    0x24011840   COMPRESSED   0x00000009   Data   RW          967    .data               stm32h7xx_hal.o
    0x24011849   COMPRESSED   0x00000003   PAD
    0x2401184c   COMPRESSED   0x00000008   Data   RW         6391    .data               system_stm32h7xx.o
    0x24011854   COMPRESSED   0x00000034   Data   RW         7013    .data               tx_initialize_high_level.o
    0x24011888   COMPRESSED   0x00000098   Data   RW         8048    .data               tx_thread_initialize.o
    0x24011920   COMPRESSED   0x00000034   Data   RW         8588    .data               tx_timer_initialize.o
    0x24011954   COMPRESSED   0x00000109   Data   RW        11094    .data               ux_system_initialize.o
    0x24011a5d   COMPRESSED   0x00000003   PAD
    0x24011a60   COMPRESSED   0x000002c1   Data   RW        13464    .data               ux_host_stack_initialize.o
    0x24011d21   COMPRESSED   0x00000007   PAD
    0x24011d28        -       0x00033fcc   Zero   RW           12    .bss                start.o
    0x24045cf4        -       0x000003e4   Zero   RW          441    .bss                usb_app.o
    0x240460d8        -       0x00000028   Zero   RW          530    .bss                key_app.o
    0x24046100        -       0x00000090   Zero   RW          573    .bss                bsp.o
    0x24046190        -       0x00000608   Zero   RW          651    .bss                bsp_usb.o
    0x24046798        -       0x000004c8   Zero   RW          806    .bss                bsp_uart.o
    0x24046c60        -       0x00000080   Zero   RW         8046    .bss                tx_thread_initialize.o
    0x24046ce0        -       0x00000534   Zero   RW         8587    .bss                tx_timer_initialize.o
    0x24047214   COMPRESSED   0x00000004   PAD
    0x24047218        -       0x00001000   Zero   RW          909    STACK               startup_stm32h743xx.o


==============================================================================

Image component sizes


      Code (inc. data)   RO Data    RW Data    ZI Data      Debug   Object Name

       782         38          0          0        144       4185   bsp.o
        44         14          0          8          0       1122   bsp_key.o
       140         12          0          0          0       1243   bsp_led.o
       222         28          0          6       1224       4226   bsp_uart.o
       652        278         40          0       1544       3407   bsp_usb.o
         0          0          0          0         40        209   key_app.o
       116         10          0          0          0        535   led_app.o
       884        402         27      71700     212940    1303008   start.o
        36          8        664          0       4096        840   startup_stm32h743xx.o
       126         20          0          9          0      21518   stm32h7xx_hal.o
       458         38          0          0          0      41512   stm32h7xx_hal_cortex.o
      2164         34          0          0          0       4311   stm32h7xx_hal_dma.o
        36          4          0          0          0       1264   stm32h7xx_hal_exti.o
       532         52          0          0          0       2444   stm32h7xx_hal_gpio.o
      5906          0          0          0          0      13612   stm32h7xx_hal_hcd.o
       416         30          0          0          0       2587   stm32h7xx_hal_msp.o
       116         12          0          0          0       1334   stm32h7xx_hal_pwr_ex.o
      3524        108          0          0          0       6904   stm32h7xx_hal_rcc.o
      4784        110          0          0          0       7237   stm32h7xx_hal_rcc_ex.o
       200         34          0          4          0       3443   stm32h7xx_hal_timebase_tim.o
      4588        182         24          0          0      35462   stm32h7xx_hal_uart.o
       360         10         16          0          0       5502   stm32h7xx_hal_uart_ex.o
        72         18          0          0          0       4874   stm32h7xx_it.o
      2472         58          0          0          0      17332   stm32h7xx_ll_usb.o
       260         40         16          8          0       1466   system_stm32h7xx.o
         0          0          0          0          0      17769   tx_block_allocate.o
       272         12          0          0          0       1792   tx_byte_allocate.o
       160          8          0          0          0       1496   tx_byte_pool_cleanup.o
       192         16          0          0          0       1615   tx_byte_pool_create.o
       376          8          0          0          0       1747   tx_byte_pool_search.o
       172         10          0          0          0       1590   tx_event_flags_cleanup.o
       100         14          0          0          0       1309   tx_event_flags_create.o
       308         12          0          0          0       2026   tx_event_flags_get.o
       644          6          0          0          0       2734   tx_event_flags_set.o
       112         50          0         52          0       4989   tx_initialize_high_level.o
        80         14          0          0          0        602   tx_initialize_kernel_enter.o
       120         24          0          0          0        348   tx_initialize_low_level.o
       244         12          0          0          0       2199   tx_mutex_cleanup.o
       120         22          0          0          0       1355   tx_mutex_create.o
       324         12          0          0          0       1676   tx_mutex_get.o
       240          4          0          0          0       1571   tx_mutex_prioritize.o
       264         16          0          0          0       1096   tx_mutex_priority_change.o
       640         10          0          0          0       2100   tx_mutex_put.o
       176         10          0          0          0       1488   tx_queue_cleanup.o
       152         12          0          0          0       1511   tx_queue_create.o
       588         12          0          0          0       2092   tx_queue_receive.o
       432         12          0          0          0       2033   tx_queue_send.o
       160          8          0          0          0       1504   tx_semaphore_cleanup.o
       104         12          0          0          0       1375   tx_semaphore_create.o
       200         12          0          0          0       1419   tx_semaphore_delete.o
       184         14          0          0          0       1424   tx_semaphore_get.o
       128          4          0          0          0       1424   tx_semaphore_put.o
         4          2          0          0          0        308   tx_thread_context_restore.o
         4          2          0          0          0        308   tx_thread_context_save.o
       376         34          0          0          0       2060   tx_thread_create.o
       108         10          0          0          0        768   tx_thread_delete.o
        24          4          0          0          0        582   tx_thread_identify.o
       106          0          0          0          0       1582   tx_thread_info_get.o
       120         48          0        152        128      20166   tx_thread_initialize.o
        12          0          0          0          0        320   tx_thread_interrupt_control.o
       240         14          0          0          0       1581   tx_thread_priority_change.o
       404         28          0          0          0       1472   tx_thread_relinquish.o
       212          4          0          0          0        380   tx_thread_schedule.o
       132         12          0          0          0        781   tx_thread_shell_entry.o
       156         18          0          0          0        771   tx_thread_sleep.o
       136          4          0          0          0       1443   tx_thread_stack_analyze.o
        64          0          0          0          0        328   tx_thread_stack_build.o
        40          6          0          0          0        697   tx_thread_stack_error_handler.o
       152         12          0          0          0        897   tx_thread_suspend.o
       212         22          0          0          0       1410   tx_thread_system_preempt_check.o
       796         36          0          0          0       2151   tx_thread_system_resume.o
       796         42          0          0          0       2368   tx_thread_system_suspend.o
       460         22          0          0          0       1507   tx_thread_terminate.o
       380         28          0          0          0        952   tx_thread_time_slice.o
        72          4          0          0          0        833   tx_thread_timeout.o
        24          4          0          0          0        551   tx_time_get.o
        44         10          0          0          0        607   tx_timer_expiration_process.o
       232         92          0         52       1332       2338   tx_timer_initialize.o
       232          0          0          0          0        384   tx_timer_interrupt.o
        96         12          0          0          0       1412   tx_timer_system_activate.o
        46          0          0          0          0       1242   tx_timer_system_deactivate.o
       352         32          0          0          0       1785   tx_timer_thread_entry.o
       172         18          0          0          0       1457   txe_byte_allocate.o
       256         26          0          0          0       1708   txe_byte_pool_create.o
       224         24          0          0          0       1586   txe_event_flags_create.o
       132         18          0          0          0       1463   txe_event_flags_get.o
        64          6          0          0          0       1247   txe_event_flags_set.o
       248         24          0          0          0       1640   txe_mutex_create.o
       136         16          0          0          0       1281   txe_mutex_get.o
        84         10          0          0          0       1141   txe_mutex_put.o
       288         26          0          0          0       1772   txe_queue_create.o
       108         16          0          0          0       1333   txe_queue_receive.o
       108         16          0          0          0       1306   txe_queue_send.o
       220         24          0          0          0       1660   txe_semaphore_create.o
        84         16          0          0          0       1220   txe_semaphore_delete.o
        96         16          0          0          0       1265   txe_semaphore_get.o
        40          6          0          0          0       1113   txe_semaphore_put.o
       396         26          0          0          0       2305   txe_thread_create.o
        60          8          0          0          0        653   txe_thread_delete.o
        64          4          0          0          0       1547   txe_thread_info_get.o
        88         10          0          0          0       1302   txe_thread_priority_change.o
        40         10          0          0          0        593   txe_thread_relinquish.o
        40          6          0          0          0        646   txe_thread_suspend.o
        60          8          0          0          0        668   txe_thread_terminate.o
      6156       2226        699         24        996      19311   usb_app.o
       508         12          0          0          0       3906   ux_hcd_stm32_callback.o
        12          0          0          0          0       1319   ux_hcd_stm32_controller_disable.o
        60          6          0          0          0       1426   ux_hcd_stm32_ed_obtain.o
       492         82         30          0          0       1924   ux_hcd_stm32_endpoint_create.o
       120          0          0          0          0       1601   ux_hcd_stm32_endpoint_destroy.o
        52          0          0          0          0       1375   ux_hcd_stm32_endpoint_reset.o
       290         18          0          0          0       1854   ux_hcd_stm32_entry.o
        18          0          0          0          0       1373   ux_hcd_stm32_frame_number_get.o
       152         10          0          0          0       1439   ux_hcd_stm32_initialize.o
        58          0          0          0          0       1539   ux_hcd_stm32_least_traffic_list_get.o
        80          0          0          0          0       1458   ux_hcd_stm32_periodic_schedule.o
         6          0          0          0          0       1309   ux_hcd_stm32_port_disable.o
         6          0          0          0          0       1300   ux_hcd_stm32_port_enable.o
        56          0          0          0          0       1387   ux_hcd_stm32_port_reset.o
         6          0          0          0          0       1300   ux_hcd_stm32_port_resume.o
        86          0          0          0          0       1488   ux_hcd_stm32_port_status_get.o
         6          0          0          0          0       1309   ux_hcd_stm32_port_suspend.o
         6          0          0          0          0       1324   ux_hcd_stm32_power_down_port.o
        26          0          0          0          0       1382   ux_hcd_stm32_power_on_port.o
       108          0          0          0          0       1574   ux_hcd_stm32_request_bulk_transfer.o
       654          0          0          0          0       2325   ux_hcd_stm32_request_control_transfer.o
        38          0          0          0          0       1550   ux_hcd_stm32_request_periodic_transfer.o
        98          0          0          0          0       1517   ux_hcd_stm32_request_transfer.o
        52          0          0          0          0       1499   ux_hcd_stm32_transfer_abort.o
       420        202         30          0          0       6168   ux_host_class_meige_activate.o
       508        156        108          0          0       1581   ux_host_class_meige_configure.o
       112          4          0          0          0       1346   ux_host_class_meige_deactivate.o
       174          0          0          0          0       1469   ux_host_class_meige_endpoints_get.o
       296        114        102          0          0       1385   ux_host_class_meige_entry.o
       110          0          0          0          0       1394   ux_host_class_meige_reception_callback.o
       332        172         37          0          0       1547   ux_host_class_meige_reception_start.o
       336          6         12          0          0       1945   ux_host_stack_bandwidth_check.o
       352          6         12          0          0       1793   ux_host_stack_bandwidth_claim.o
       352          4         12          0          0       1815   ux_host_stack_bandwidth_release.o
        40          4          0          0          0       1252   ux_host_stack_class_call.o
        98          0          0          0          0        907   ux_host_stack_class_device_scan.o
        68          4          0          0          0       1347   ux_host_stack_class_get.o
        30          0          0          0          0        819   ux_host_stack_class_instance_create.o
        78          0          0          0          0        936   ux_host_stack_class_instance_destroy.o
       420        194         37          0          0       1631   ux_host_stack_class_instance_verify.o
        24          0          0          0          0       1286   ux_host_stack_class_interface_scan.o
       100          6          0          0          0       1428   ux_host_stack_class_register.o
       102          0          0          0          0       1688   ux_host_stack_configuration_descriptor_parse.o
       204          6          0          0          0       1709   ux_host_stack_configuration_enumerate.o
        92         44         70          0          0       1375   ux_host_stack_configuration_instance_create.o
        36          0          0          0          0       1303   ux_host_stack_configuration_instance_delete.o
       110          0          0          0          0       1681   ux_host_stack_configuration_interface_get.o
       140          0          0          0          0       1498   ux_host_stack_configuration_interface_scan.o
        60          0          0          0          0       1307   ux_host_stack_configuration_set.o
       172          0          0          0          0       1708   ux_host_stack_device_address_set.o
        72          0          0          0          0       1510   ux_host_stack_device_configuration_get.o
       196         70         68          0          0       1449   ux_host_stack_device_configuration_select.o
       184          4          0          0          0       1520   ux_host_stack_device_descriptor_read.o
       208          6          0          0          0       1651   ux_host_stack_device_remove.o
       216          0          0          0          0       1599   ux_host_stack_device_resources_free.o
       284        102         40          0          0        986   ux_host_stack_endpoint_instance_create.o
        64          0          0          0          0        718   ux_host_stack_endpoint_instance_delete.o
        18          0          0          0          0        701   ux_host_stack_endpoint_transfer_abort.o
        48          6          0          0          0        615   ux_host_stack_enum_thread_entry.o
       124          4          0          0          0       1558   ux_host_stack_hcd_register.o
       100          6          0          0          0        754   ux_host_stack_hcd_thread_entry.o
       648        134          0        705          0       4924   ux_host_stack_initialize.o
        72          0          0          0          0       1476   ux_host_stack_interface_endpoint_get.o
       244        126        227          0          0        907   ux_host_stack_interface_instance_create.o
        22          0          0          0          0        703   ux_host_stack_interface_instance_delete.o
       188          6          0          0          0       1789   ux_host_stack_interfaces_scan.o
        28          0          0          0          0       1254   ux_host_stack_new_configuration_create.o
       320         64          0          0          0       1739   ux_host_stack_new_device_create.o
        64          6          0          0          0        744   ux_host_stack_new_device_get.o
        84          4          0          0          0       1397   ux_host_stack_new_endpoint_create.o
       208          6          0          0          0       1818   ux_host_stack_new_interface_create.o
       228          4          0          0          0        867   ux_host_stack_rh_change_process.o
        30          0          0          0          0        722   ux_host_stack_rh_device_extraction.o
       276          4          0          0          0       1121   ux_host_stack_rh_device_insertion.o
       164          0          0          0          0       1530   ux_host_stack_transfer_request.o
        74          0          0          0          0       1288   ux_host_stack_transfer_request_abort.o
        56          4          0          0          0        727   ux_system_error_handler.o
       292         24          0        265          0       5944   ux_system_initialize.o
         0          0          0          0          0      32548   ux_utility_debug_callback_register.o
        26          0          0          0          0        607   ux_utility_delay_ms.o
        74          0          0          0          0       1319   ux_utility_descriptor_parse.o
        12          4          0          0          0        634   ux_utility_error_callback_register.o
        30          0          0          0          0       1067   ux_utility_long_get.o
       372          4          0          0          0       1910   ux_utility_memory_allocate.o
        38          0          0          0          0       1325   ux_utility_memory_compare.o
        26          0          0          0          0       1194   ux_utility_memory_copy.o
       236         10          0          0          0       1402   ux_utility_memory_free.o
        80          4          0          0          0        953   ux_utility_memory_free_block_best_get.o
        20          0          0          0          0       1153   ux_utility_memory_set.o
        36          0          0          0          0       1171   ux_utility_mutex_create.o
        12          0          0          0          0       1040   ux_utility_mutex_off.o
        30          0          0          0          0       1083   ux_utility_mutex_on.o
        42          0          0          0          0       1263   ux_utility_semaphore_create.o
        16          0          0          0          0       1135   ux_utility_semaphore_delete.o
        88          6          0          0          0       1412   ux_utility_semaphore_get.o
        16          0          0          0          0       1112   ux_utility_semaphore_put.o
        14          0          0          0          0       1064   ux_utility_short_get.o
        10          0          0          0          0       1044   ux_utility_short_put.o
        60          0          0          0          0       1374   ux_utility_string_length_check.o
        62          0          0          0          0       1588   ux_utility_thread_create.o
        22          0          0          0          0        656   ux_utility_thread_delete.o
        32          6          0          0          0        610   ux_utility_thread_identify.o
         8          0          0          0          0        564   ux_utility_thread_relinquish.o
        52          4          0          0          0        752   ux_utility_thread_schedule_other.o

    ----------------------------------------------------------------------
     64312       6616       2316      72996     222452    1834849   Object Totals
         0          0         32          0          0          0   (incl. Generated)
        52          0         13         11          8          0   (incl. Padding)

    ----------------------------------------------------------------------

      Code (inc. data)   RO Data    RW Data    ZI Data      Debug   Library Member Name

        86          0          0          0          0          0   __dczerorl2.o
         0          0          0          0          0          0   entry.o
         0          0          0          0          0          0   entry10a.o
         0          0          0          0          0          0   entry11a.o
         8          4          0          0          0          0   entry2.o
         4          0          0          0          0          0   entry5.o
         0          0          0          0          0          0   entry7b.o
         0          0          0          0          0          0   entry8b.o
         8          4          0          0          0          0   entry9a.o
        30          0          0          0          0          0   handlers.o
        36          8          0          0          0         68   init.o
        30          0          0          0          0         68   llshl.o
        32          0          0          0          0         68   llushr.o
        26          0          0          0          0         80   memcmp.o
        36          0          0          0          0         68   memcpya.o
        36          0          0          0          0        108   memseta.o
      1154         54          0          0          0        352   printf8.o
        98          0          0          0          0         92   uldiv.o

    ----------------------------------------------------------------------
      1592         70          0          0          0        904   Library Totals
         8          0          0          0          0          0   (incl. Padding)

    ----------------------------------------------------------------------

      Code (inc. data)   RO Data    RW Data    ZI Data      Debug   Library Name

      1584         70          0          0          0        904   mc_w.l

    ----------------------------------------------------------------------
      1592         70          0          0          0        904   Library Totals

    ----------------------------------------------------------------------

==============================================================================


      Code (inc. data)   RO Data    RW Data    ZI Data      Debug   

     65904       6686       2316      72996     222452    1803621   Grand Totals
     65904       6686       2316       1060     222452    1803621   ELF Image Totals (compressed)
     65904       6686       2316       1060          0          0   ROM Totals

==============================================================================

    Total RO  Size (Code + RO Data)                68220 (  66.62kB)
    Total RW  Size (RW Data + ZI Data)            295448 ( 288.52kB)
    Total ROM Size (Code + RO Data + RW Data)      69280 (  67.66kB)

==============================================================================

