Component: ARM Compiler 5.06 update 6 (build 750) Tool: armlink [4d35ed]

==============================================================================

Section Cross References

    start.o(i.AppTaskCreate) refers to txe_thread_create.o(i._txe_thread_create) for _txe_thread_create
    start.o(i.AppTaskCreate) refers to start.o(.bss) for stk_task_led
    start.o(i.AppTaskCreate) refers to led_app.o(i.Task_LED) for Task_LED
    start.o(i.AppTaskCreate) refers to key_app.o(i.Task_KEY) for Task_KEY
    start.o(i.AppTaskCreate) refers to start.o(i.Task_IDLE) for Task_IDLE
    start.o(i.OSStatInit) refers to tx_thread_sleep.o(i._tx_thread_sleep) for _tx_thread_sleep
    start.o(i.OSStatInit) refers to start.o(.data) for OSStatRdy
    start.o(i.Task_IDLE) refers to start.o(.data) for OSIdleCtr
    start.o(i.Task_Start) refers to start.o(i.OSStatInit) for OSStatInit
    start.o(i.Task_Start) refers to stm32h7xx_hal.o(i.HAL_ResumeTick) for HAL_ResumeTick
    start.o(i.Task_Start) refers to bsp.o(i.bsp_Init) for bsp_Init
    start.o(i.Task_Start) refers to shell_port.o(i.userShellInit) for userShellInit
    start.o(i.Task_Start) refers to start.o(i.AppTaskCreate) for AppTaskCreate
    start.o(i.Task_Start) refers to txe_thread_suspend.o(i._txe_thread_suspend) for _txe_thread_suspend
    start.o(i.Task_Start) refers to start.o(.bss) for tcb_task_start
    start.o(i.main) refers to bsp.o(i.System_Init) for System_Init
    start.o(i.main) refers to bsp.o(i.bsp_Init) for bsp_Init
    start.o(i.main) refers to tx_initialize_kernel_enter.o(i._tx_initialize_kernel_enter) for _tx_initialize_kernel_enter
    start.o(i.tx_application_define) refers to txe_thread_create.o(i._txe_thread_create) for _txe_thread_create
    start.o(i.tx_application_define) refers to txe_byte_pool_create.o(i._txe_byte_pool_create) for _txe_byte_pool_create
    start.o(i.tx_application_define) refers to printfa.o(i.__0printf) for __2printf
    start.o(i.tx_application_define) refers to usb_app.o(i.MX_USBX_Host_Init) for MX_USBX_Host_Init
    start.o(i.tx_application_define) refers to start.o(.bss) for stk_task_start
    start.o(i.tx_application_define) refers to start.o(i.Task_Start) for Task_Start
    start.o(i.tx_application_define) refers to start.o(.UsbPoolSection) for ux_host_byte_pool_buffer
    stm32h7xx_hal_msp.o(i.HAL_HCD_MspDeInit) refers to stm32h7xx_hal_gpio.o(i.HAL_GPIO_DeInit) for HAL_GPIO_DeInit
    stm32h7xx_hal_msp.o(i.HAL_HCD_MspDeInit) refers to stm32h7xx_hal_cortex.o(i.HAL_NVIC_DisableIRQ) for HAL_NVIC_DisableIRQ
    stm32h7xx_hal_msp.o(i.HAL_HCD_MspInit) refers to memseta.o(.text) for __aeabi_memclr4
    stm32h7xx_hal_msp.o(i.HAL_HCD_MspInit) refers to stm32h7xx_hal_rcc_ex.o(i.HAL_RCCEx_PeriphCLKConfig) for HAL_RCCEx_PeriphCLKConfig
    stm32h7xx_hal_msp.o(i.HAL_HCD_MspInit) refers to bsp.o(i.Error_Handler) for Error_Handler
    stm32h7xx_hal_msp.o(i.HAL_HCD_MspInit) refers to stm32h7xx_hal_pwr_ex.o(i.HAL_PWREx_EnableUSBVoltageDetector) for HAL_PWREx_EnableUSBVoltageDetector
    stm32h7xx_hal_msp.o(i.HAL_HCD_MspInit) refers to stm32h7xx_hal_gpio.o(i.HAL_GPIO_Init) for HAL_GPIO_Init
    stm32h7xx_hal_msp.o(i.HAL_HCD_MspInit) refers to stm32h7xx_hal_cortex.o(i.HAL_NVIC_SetPriority) for HAL_NVIC_SetPriority
    stm32h7xx_hal_msp.o(i.HAL_HCD_MspInit) refers to stm32h7xx_hal_cortex.o(i.HAL_NVIC_EnableIRQ) for HAL_NVIC_EnableIRQ
    stm32h7xx_hal_msp.o(i.HAL_UART_MspDeInit) refers to stm32h7xx_hal_gpio.o(i.HAL_GPIO_DeInit) for HAL_GPIO_DeInit
    stm32h7xx_hal_msp.o(i.HAL_UART_MspInit) refers to memseta.o(.text) for __aeabi_memclr4
    stm32h7xx_hal_msp.o(i.HAL_UART_MspInit) refers to stm32h7xx_hal_rcc_ex.o(i.HAL_RCCEx_PeriphCLKConfig) for HAL_RCCEx_PeriphCLKConfig
    stm32h7xx_hal_msp.o(i.HAL_UART_MspInit) refers to stm32h7xx_hal_gpio.o(i.HAL_GPIO_Init) for HAL_GPIO_Init
    stm32h7xx_it.o(i.OTG_FS_EP1_IN_IRQHandler) refers to stm32h7xx_hal_hcd.o(i.HAL_HCD_IRQHandler) for HAL_HCD_IRQHandler
    stm32h7xx_it.o(i.OTG_FS_EP1_IN_IRQHandler) refers to bsp_usb.o(.bss) for hhcd_USB_OTG_FS
    stm32h7xx_it.o(i.OTG_FS_EP1_OUT_IRQHandler) refers to stm32h7xx_hal_hcd.o(i.HAL_HCD_IRQHandler) for HAL_HCD_IRQHandler
    stm32h7xx_it.o(i.OTG_FS_EP1_OUT_IRQHandler) refers to bsp_usb.o(.bss) for hhcd_USB_OTG_FS
    stm32h7xx_it.o(i.OTG_FS_IRQHandler) refers to stm32h7xx_hal_hcd.o(i.HAL_HCD_IRQHandler) for HAL_HCD_IRQHandler
    stm32h7xx_it.o(i.OTG_FS_IRQHandler) refers to bsp_usb.o(.bss) for hhcd_USB_OTG_FS
    stm32h7xx_it.o(i.SysTick_Handler) refers to stm32h7xx_hal.o(i.HAL_IncTick) for HAL_IncTick
    log.o(i.LOG) refers to memseta.o(.text) for __aeabi_memclr4
    log.o(i.LOG) refers to printfa.o(i.__0vsnprintf) for vsnprintf
    log.o(i.LOG) refers to log.o(i.log_get_level) for log_get_level
    log.o(i.LOG) refers to printfa.o(i.__0printf) for __2printf
    shell_port.o(i.userShellInit) refers to txe_mutex_create.o(i._txe_mutex_create) for _txe_mutex_create
    shell_port.o(i.userShellInit) refers to shell.o(i.shellInit) for shellInit
[...]
    _tx_thread_current_ptr                   0x240118f0   Data           4  tx_thread_initialize.o(.data)
    _tx_thread_execute_ptr                   0x240118f4   Data           4  tx_thread_initialize.o(.data)
    _tx_thread_created_ptr                   0x240118f8   Data           4  tx_thread_initialize.o(.data)
    _tx_thread_created_count                 0x240118fc   Data           4  tx_thread_initialize.o(.data)
    _tx_thread_system_state                  0x24011900   Data           4  tx_thread_initialize.o(.data)
    _tx_thread_priority_maps                 0x24011904   Data           4  tx_thread_initialize.o(.data)
    _tx_thread_preempted_maps                0x24011908   Data           4  tx_thread_initialize.o(.data)
    _tx_thread_highest_priority              0x2401190c   Data           4  tx_thread_initialize.o(.data)
    _tx_thread_preempt_disable               0x24011910   Data           4  tx_thread_initialize.o(.data)
    _tx_thread_mutex_release                 0x24011914   Data           4  tx_thread_initialize.o(.data)
    _tx_build_options                        0x24011918   Data           4  tx_thread_initialize.o(.data)
    _tx_thread_application_stack_error_handler 0x2401191c   Data           4  tx_thread_initialize.o(.data)
    _tx_timer_system_clock                   0x24011920   Data           4  tx_timer_initialize.o(.data)
    _tx_timer_expired_time_slice             0x24011924   Data           4  tx_timer_initialize.o(.data)
    _tx_timer_list_start                     0x24011928   Data           4  tx_timer_initialize.o(.data)
    _tx_timer_list_end                       0x2401192c   Data           4  tx_timer_initialize.o(.data)
    _tx_timer_current_ptr                    0x24011930   Data           4  tx_timer_initialize.o(.data)
    _tx_timer_expired                        0x24011934   Data           4  tx_timer_initialize.o(.data)
    _tx_timer_created_ptr                    0x24011938   Data           4  tx_timer_initialize.o(.data)
    _tx_timer_created_count                  0x2401193c   Data           4  tx_timer_initialize.o(.data)
    _tx_timer_expired_timer_ptr              0x24011940   Data           4  tx_timer_initialize.o(.data)
    _tx_timer_stack_start                    0x24011944   Data           4  tx_timer_initialize.o(.data)
    _tx_timer_stack_size                     0x24011948   Data           4  tx_timer_initialize.o(.data)
    _tx_timer_priority                       0x2401194c   Data           4  tx_timer_initialize.o(.data)
    _tx_timer_time_slice                     0x24011950   Data           4  tx_timer_initialize.o(.data)
    _ux_version_id                           0x24011954   Data          93  ux_system_initialize.o(.data)
    _ux_system                               0x240119b4   Data           4  ux_system_initialize.o(.data)
    _ux_system_otg                           0x240119b8   Data           4  ux_system_initialize.o(.data)
    _ux_system_endpoint_descriptor_structure 0x240119bc   Data           6  ux_system_initialize.o(.data)
    _ux_system_device_descriptor_structure   0x240119c2   Data          14  ux_system_initialize.o(.data)
    _ux_system_configuration_descriptor_structure 0x240119d0   Data           8  ux_system_initialize.o(.data)
    _ux_system_interface_descriptor_structure 0x240119d8   Data           9  ux_system_initialize.o(.data)
    _ux_system_interface_association_descriptor_structure 0x240119e1   Data           8  ux_system_initialize.o(.data)
    _ux_system_string_descriptor_structure   0x240119e9   Data           3  ux_system_initialize.o(.data)
    _ux_system_dfu_functional_descriptor_structure 0x240119ec   Data           6  ux_system_initialize.o(.data)
    _ux_system_class_audio_interface_descriptor_structure 0x240119f2   Data           8  ux_system_initialize.o(.data)
    _ux_system_class_audio_input_terminal_descriptor_structure 0x240119fa   Data          10  ux_system_initialize.o(.data)
    _ux_system_class_audio_output_terminal_descriptor_structure 0x24011a04   Data           8  ux_system_initialize.o(.data)
    _ux_system_class_audio_feature_unit_descriptor_structure 0x24011a0c   Data           7  ux_system_initialize.o(.data)
    _ux_system_class_audio_streaming_interface_descriptor_structure 0x24011a13   Data           6  ux_system_initialize.o(.data)
    _ux_system_class_audio_streaming_endpoint_descriptor_structure 0x24011a19   Data           6  ux_system_initialize.o(.data)
    _ux_system_hub_descriptor_structure      0x24011a1f   Data           8  ux_system_initialize.o(.data)
    _ux_system_hid_descriptor_structure      0x24011a27   Data           7  ux_system_initialize.o(.data)
    _ux_system_class_pima_storage_structure  0x24011a2e   Data           8  ux_system_initialize.o(.data)
    _ux_system_class_pima_object_structure   0x24011a36   Data          15  ux_system_initialize.o(.data)
    _ux_system_ecm_interface_descriptor_structure 0x24011a45   Data           8  ux_system_initialize.o(.data)
    _ux_system_bos_descriptor_structure      0x24011a4d   Data           4  ux_system_initialize.o(.data)
    _ux_system_usb_2_0_extension_descriptor_structure 0x24011a51   Data           4  ux_system_initialize.o(.data)
    _ux_system_container_id_descriptor_structure 0x24011a55   Data           8  ux_system_initialize.o(.data)
    _ux_system_host                          0x24011a60   Data           4  ux_host_stack_initialize.o(.data)
    _ux_system_host_hcd_periodic_tree_entries 0x24011a64   Data         128  ux_host_stack_initialize.o(.data)
    _ux_system_host_class_hub_name           0x24011ae4   Data          18  ux_host_stack_initialize.o(.data)
    _ux_system_host_class_printer_name       0x24011af6   Data          22  ux_host_stack_initialize.o(.data)
    _ux_system_host_class_storage_name       0x24011b0c   Data          22  ux_host_stack_initialize.o(.data)
    _ux_system_host_class_hid_name           0x24011b22   Data          18  ux_host_stack_initialize.o(.data)
    _ux_system_host_class_audio_name         0x24011b34   Data          20  ux_host_stack_initialize.o(.data)
    _ux_system_host_class_cdc_acm_name       0x24011b48   Data          22  ux_host_stack_initialize.o(.data)
    _ux_system_host_class_cdc_dlc_name       0x24011b5e   Data          22  ux_host_stack_initialize.o(.data)
    _ux_system_host_class_cdc_ecm_name       0x24011b74   Data          22  ux_host_stack_initialize.o(.data)
    _ux_system_host_class_prolific_name      0x24011b8a   Data          23  ux_host_stack_initialize.o(.data)
    _ux_system_host_class_pima_name          0x24011ba1   Data          19  ux_host_stack_initialize.o(.data)
    _ux_system_host_class_dpump_name         0x24011bb4   Data          20  ux_host_stack_initialize.o(.data)
    _ux_system_host_class_asix_name          0x24011bc8   Data          19  ux_host_stack_initialize.o(.data)
    _ux_system_host_class_swar_name          0x24011bdb   Data          30  ux_host_stack_initialize.o(.data)
    _ux_system_host_class_gser_name          0x24011bf9   Data          29  ux_host_stack_initialize.o(.data)
    _ux_system_host_class_hid_client_remote_control_name 0x24011c16   Data          40  ux_host_stack_initialize.o(.data)
    _ux_system_host_class_hid_client_mouse_name 0x24011c3e   Data          31  ux_host_stack_initialize.o(.data)
    _ux_system_host_class_hid_client_keyboard_name 0x24011c5d   Data          34  ux_host_stack_initialize.o(.data)
    _ux_system_host_class_meige_name         0x24011c7f   Data          20  ux_host_stack_initialize.o(.data)
    _ux_system_host_hcd_ohci_name            0x24011c93   Data          12  ux_host_stack_initialize.o(.data)
    _ux_system_host_hcd_ehci_name            0x24011c9f   Data          12  ux_host_stack_initialize.o(.data)
    _ux_system_host_hcd_isp1161_name         0x24011cab   Data          15  ux_host_stack_initialize.o(.data)
    _ux_system_host_hcd_isp1362_name         0x24011cba   Data          15  ux_host_stack_initialize.o(.data)
    _ux_system_host_hcd_sh2_name             0x24011cc9   Data          10  ux_host_stack_initialize.o(.data)
    _ux_system_host_hcd_rx_name              0x24011cd3   Data          11  ux_host_stack_initialize.o(.data)
    _ux_system_host_hcd_pic32_name           0x24011cde   Data          13  ux_host_stack_initialize.o(.data)
    _ux_system_host_hcd_stm32_name           0x24011ceb   Data          13  ux_host_stack_initialize.o(.data)
    _ux_system_host_hcd_musb_name            0x24011cf8   Data          12  ux_host_stack_initialize.o(.data)
    _ux_system_host_hcd_atm7_name            0x24011d04   Data          12  ux_host_stack_initialize.o(.data)
    _ux_system_host_hcd_simulator_name       0x24011d10   Data          17  ux_host_stack_initialize.o(.data)
    recv_buf                                 0x24011d78   Data           1  shell.o(.data)
    shell                                    0x24045d50   Data         116  shell_port.o(.bss)
    shellBuffer                              0x24045dc4   Data         512  shell_port.o(.bss)
    ux_app_thread                            0x2405a0b0   Data         180  usb_app.o(.bss)
    ux_app_recv_thread                       0x2405a164   Data         180  usb_app.o(.bss)
    ux_app_send_thread                       0x2405a218   Data         180  usb_app.o(.bss)
    ux_app_event_flag                        0x2405a2cc   Data          40  usb_app.o(.bss)
    host_out_buffer                          0x2405a2f4   Data         128  usb_app.o(.bss)
    host_in_buffer                           0x2405a374   Data         128  usb_app.o(.bss)
    ux_app_message_queue                     0x2405a3f4   Data          60  usb_app.o(.bss)
    receive_data                             0x2405a430   Data         100  usb_app.o(.bss)
    UART3_Handler                            0x2405a494   Data         144  bsp.o(.bss)
    hhcd_USB_OTG_FS                          0x2405a524   Data         772  bsp_usb.o(.bss)
    USART_RX_BUF                             0x2405a828   Data         200  bsp_uart.o(.bss)
    aRxBuffer                                0x2405a8f0   Data        1024  bsp_uart.o(.bss)
    _tx_thread_priority_list                 0x2405acf0   Data         128  tx_thread_initialize.o(.bss)
    _tx_timer_list                           0x2405ad70   Data         128  tx_timer_initialize.o(.bss)
    _tx_timer_thread                         0x2405adf0   Data         180  tx_timer_initialize.o(.bss)
    _tx_timer_thread_stack_area              0x2405aea4   Data        1024  tx_timer_initialize.o(.bss)
    __initial_sp                             0x2405c2c8   Data           0  startup_stm32h743xx.o(STACK)



==============================================================================

Memory Map of the image

  Image Entry point : 0x08000299

  Load Region LR_IROM1 (Base: 0x08000000, Size: 0x000235bc, Max: 0x00200000, ABSOLUTE, COMPRESSED[0x00011ca8])

    Execution Region ER_IROM1 (Exec base: 0x08000000, Load base: 0x08000000, Size: 0x00011840, Max: 0x00200000, ABSOLUTE)

    Exec Addr    Load Addr    Size         Type   Attr      Idx    E Section Name        Object

    0x08000000   0x08000000   0x00000298   Data   RO          987    RESET               startup_stm32h743xx.o
    0x08000298   0x08000298   0x00000000   Code   RO        14419  * .ARM.Collect$$$$00000000  mc_w.l(entry.o)
    0x08000298   0x08000298   0x00000004   Code   RO        14699    .ARM.Collect$$$$00000001  mc_w.l(entry2.o)
    0x0800029c   0x0800029c   0x00000004   Code   RO        14702    .ARM.Collect$$$$00000004  mc_w.l(entry5.o)
    0x080002a0   0x080002a0   0x00000000   Code   RO        14704    .ARM.Collect$$$$00000008  mc_w.l(entry7b.o)
    0x080002a0   0x080002a0   0x00000000   Code   RO        14706    .ARM.Collect$$$$0000000A  mc_w.l(entry8b.o)
    0x080002a0   0x080002a0   0x00000008   Code   RO        14707    .ARM.Collect$$$$0000000B  mc_w.l(entry9a.o)
    0x080002a8   0x080002a8   0x00000000   Code   RO        14709    .ARM.Collect$$$$0000000D  mc_w.l(entry10a.o)
    0x080002a8   0x080002a8   0x00000000   Code   RO        14711    .ARM.Collect$$$$0000000F  mc_w.l(entry11a.o)
    0x080002a8   0x080002a8   0x00000004   Code   RO        14700    .ARM.Collect$$$$00002712  mc_w.l(entry2.o)
    0x080002ac   0x080002ac   0x00000024   Code   RO          988    .text               startup_stm32h743xx.o
    0x080002d0   0x080002d0   0x00000078   Code   RO         6498    .text               tx_initialize_low_level.o
    0x08000348   0x08000348   0x00000004   Code   RO         6501    .text               tx_thread_context_restore.o
    0x0800034c   0x0800034c   0x00000004   Code   RO         6504    .text               tx_thread_context_save.o
    0x08000350   0x08000350   0x0000000c   Code   RO         6507    .text               tx_thread_interrupt_control.o
    0x0800035c   0x0800035c   0x000000d4   Code   RO         6516    .text               tx_thread_schedule.o
    0x08000430   0x08000430   0x00000040   Code   RO         6519    .text               tx_thread_stack_build.o
    0x08000470   0x08000470   0x000000e8   Code   RO         6525    .text               tx_timer_interrupt.o
    0x08000558   0x08000558   0x00000062   Code   RO        14422    .text               mc_w.l(uldiv.o)
    0x080005ba   0x080005ba   0x00000024   Code   RO        14424    .text               mc_w.l(memcpya.o)
    0x080005de   0x080005de   0x00000024   Code   RO        14426    .text               mc_w.l(memseta.o)
    0x08000602   0x08000602   0x0000000e   Code   RO        14428    .text               mc_w.l(strlen.o)
    0x08000610   0x08000610   0x0000001c   Code   RO        14430    .text               mc_w.l(strcmp.o)
    0x0800062c   0x0800062c   0x0000001a   Code   RO        14432    .text               mc_w.l(memcmp.o)
    0x08000646   0x08000646   0x0000001e   Code   RO        14434    .text               mc_w.l(strncmp.o)
    0x08000664   0x08000664   0x0000002c   Code   RO        14713    .text               mc_w.l(uidiv.o)
    0x08000690   0x08000690   0x0000001e   Code   RO        14715    .text               mc_w.l(llshl.o)
    0x080006ae   0x080006ae   0x00000020   Code   RO        14717    .text               mc_w.l(llushr.o)
    0x080006ce   0x080006ce   0x00000000   Code   RO        14719    .text               mc_w.l(iusefp.o)
    0x080006ce   0x080006ce   0x0000014e   Code   RO        14720    .text               mf_w.l(dadd.o)
    0x0800081c   0x0800081c   0x000000e4   Code   RO        14722    .text               mf_w.l(dmul.o)
    0x08000900   0x08000900   0x000000de   Code   RO        14724    .text               mf_w.l(ddiv.o)
    0x080009de   0x080009de   0x00000030   Code   RO        14726    .text               mf_w.l(dfixul.o)
    0x08000a0e   0x08000a0e   0x00000002   PAD
    0x08000a10   0x08000a10   0x00000030   Code   RO        14728    .text               mf_w.l(cdrcmple.o)
    0x08000a40   0x08000a40   0x00000024   Code   RO        14730    .text               mc_w.l(init.o)
    0x08000a64   0x08000a64   0x00000024   Code   RO        14732    .text               mc_w.l(llsshr.o)
    0x08000a88   0x08000a88   0x000000ba   Code   RO        14734    .text               mf_w.l(depilogue.o)
    0x08000b42   0x08000b42   0x00000056   Code   RO        14744    .text               mc_w.l(__dczerorl2.o)
    0x08000b98   0x08000b98   0x000000d0   Code   RO            4    i.AppTaskCreate     start.o
    0x08000c68   0x08000c68   0x00000070   Code   RO          953    i.BSP_KEY_Init      bsp_key.o
    0x08000cd8   0x08000cd8   0x00000014   Code   RO          954    i.BSP_KEY_Scan      bsp_key.o
    0x08000cec   0x08000cec   0x00000004   Code   RO          306    i.BusFault_Handler  stm32h7xx_it.o
    0x08000cf0   0x08000cf0   0x00000002   Code   RO          307    i.DebugMon_Handler  stm32h7xx_it.o
    0x08000cf2   0x08000cf2   0x00000014   Code   RO          657    i.Error_Handler     bsp.o
    0x08000d06   0x08000d06   0x00000002   PAD
    0x08000d08   0x08000d08   0x000004dc   Code   RO         1710    i.HAL_DMA_Abort     stm32h7xx_hal_dma.o
    0x080011e4   0x080011e4   0x00000398   Code   RO         1711    i.HAL_DMA_Abort_IT  stm32h7xx_hal_dma.o
    0x0800157c   0x0800157c   0x0000000c   Code   RO          813    i.HAL_Delay         stm32h7xx_hal_timebase_tim.o
    0x08001588   0x08001588   0x00000208   Code   RO         2806    i.HAL_GPIO_Init     stm32h7xx_hal_gpio.o
    0x08001790   0x08001790   0x00000010   Code   RO         2808    i.HAL_GPIO_ReadPin  stm32h7xx_hal_gpio.o
    0x080017a0   0x080017a0   0x0000000c   Code   RO         2810    i.HAL_GPIO_WritePin  stm32h7xx_hal_gpio.o
    0x080017ac   0x080017ac   0x0000000c   Code   RO         1013    i.HAL_GetREVID      stm32h7xx_hal.o
    0x080017b8   0x080017b8   0x0000004c   Code   RO          814    i.HAL_GetTick       stm32h7xx_hal_timebase_tim.o
    0x08001804   0x08001804   0x00000030   Code   RO        11802    i.HAL_HCD_Connect_Callback  ux_hcd_stm32_callback.o
    0x08001834   0x08001834   0x00000030   Code   RO        11803    i.HAL_HCD_Disconnect_Callback  ux_hcd_stm32_callback.o
    0x08001864   0x08001864   0x0000000c   Code   RO         2908    i.HAL_HCD_GetCurrentFrame  stm32h7xx_hal_hcd.o
    0x08001870   0x08001870   0x0000000c   Code   RO         2909    i.HAL_HCD_GetCurrentSpeed  stm32h7xx_hal_hcd.o
    0x0800187c   0x0800187c   0x00000016   Code   RO         2913    i.HAL_HCD_HC_GetXferCount  stm32h7xx_hal_hcd.o
    0x08001892   0x08001892   0x00000034   Code   RO         2914    i.HAL_HCD_HC_Halt   stm32h7xx_hal_hcd.o
    0x080018c6   0x080018c6   0x00000106   Code   RO         2915    i.HAL_HCD_HC_Init   stm32h7xx_hal_hcd.o
    0x080019cc   0x080019cc   0x00000168   Code   RO        11804    i.HAL_HCD_HC_NotifyURBChange_Callback  ux_hcd_stm32_callback.o
    0x08001b34   0x08001b34   0x000002a4   Code   RO         2917    i.HAL_HCD_HC_SubmitRequest  stm32h7xx_hal_hcd.o
    0x08001dd8   0x08001dd8   0x0000016c   Code   RO         2918    i.HAL_HCD_IRQHandler  stm32h7xx_hal_hcd.o
    0x08001f44   0x08001f44   0x00000074   Code   RO         2919    i.HAL_HCD_Init      stm32h7xx_hal_hcd.o
    0x08001fb8   0x08001fb8   0x000000e4   Code   RO          253    i.HAL_HCD_MspInit   stm32h7xx_hal_msp.o
    0x0800209c   0x0800209c   0x00000002   Code   RO         2922    i.HAL_HCD_PortDisabled_Callback  stm32h7xx_hal_hcd.o
    0x0800209e   0x0800209e   0x00000002   Code   RO         2923    i.HAL_HCD_PortEnabled_Callback  stm32h7xx_hal_hcd.o
    0x080020a0   0x080020a0   0x0000000c   Code   RO         2924    i.HAL_HCD_ResetPort  stm32h7xx_hal_hcd.o
    0x080020ac   0x080020ac   0x00000034   Code   RO        11805    i.HAL_HCD_SOF_Callback  ux_hcd_stm32_callback.o
    0x080020e0   0x080020e0   0x00000036   Code   RO         2926    i.HAL_HCD_Start     stm32h7xx_hal_hcd.o
    0x08002116   0x08002116   0x00000002   PAD
    0x08002118   0x08002118   0x00000060   Code   RO         1021    i.HAL_Init          stm32h7xx_hal.o
    0x08002178   0x08002178   0x00000006   Code   RO          815    i.HAL_InitTick      stm32h7xx_hal_timebase_tim.o
    0x0800217e   0x0800217e   0x00000002   PAD
    0x08002180   0x08002180   0x0000005c   Code   RO         1398    i.HAL_MPU_ConfigRegion  stm32h7xx_hal_cortex.o
    0x080021dc   0x080021dc   0x0000002c   Code   RO         1399    i.HAL_MPU_Disable   stm32h7xx_hal_cortex.o
    0x08002208   0x08002208   0x00000040   Code   RO         1400    i.HAL_MPU_Enable    stm32h7xx_hal_cortex.o
    0x08002248   0x08002248   0x00000024   Code   RO          254    i.HAL_MspInit       stm32h7xx_hal_msp.o
    0x0800226c   0x0800226c   0x00000028   Code   RO         1403    i.HAL_NVIC_EnableIRQ  stm32h7xx_hal_cortex.o
    0x08002294   0x08002294   0x0000007a   Code   RO         1409    i.HAL_NVIC_SetPriority  stm32h7xx_hal_cortex.o
    0x0800230e   0x0800230e   0x00000002   PAD
    0x08002310   0x08002310   0x00000028   Code   RO         1410    i.HAL_NVIC_SetPriorityGrouping  stm32h7xx_hal_cortex.o
    0x08002338   0x08002338   0x00000060   Code   RO         4313    i.HAL_PWREx_ConfigSupply  stm32h7xx_hal_pwr_ex.o
    0x08002398   0x08002398   0x00000014   Code   RO         4330    i.HAL_PWREx_EnableUSBVoltageDetector  stm32h7xx_hal_pwr_ex.o
    0x080023ac   0x080023ac   0x00000024   Code   RO         4718    i.HAL_RCCEx_GetD3PCLK1Freq  stm32h7xx_hal_rcc_ex.o
    0x080023d0   0x080023d0   0x00000230   Code   RO         4720    i.HAL_RCCEx_GetPLL2ClockFreq  stm32h7xx_hal_rcc_ex.o
    0x08002600   0x08002600   0x00000230   Code   RO         4721    i.HAL_RCCEx_GetPLL3ClockFreq  stm32h7xx_hal_rcc_ex.o
    0x08002830   0x08002830   0x00000b64   Code   RO         4727    i.HAL_RCCEx_PeriphCLKConfig  stm32h7xx_hal_rcc_ex.o
    0x08003394   0x08003394   0x00000320   Code   RO         4603    i.HAL_RCC_ClockConfig  stm32h7xx_hal_rcc.o
    0x080036b4   0x080036b4   0x0000004c   Code   RO         4608    i.HAL_RCC_GetHCLKFreq  stm32h7xx_hal_rcc.o
    0x08003700   0x08003700   0x00000024   Code   RO         4610    i.HAL_RCC_GetPCLK1Freq  stm32h7xx_hal_rcc.o
    0x08003724   0x08003724   0x00000024   Code   RO         4611    i.HAL_RCC_GetPCLK2Freq  stm32h7xx_hal_rcc.o
    0x08003748   0x08003748   0x0000022c   Code   RO         4612    i.HAL_RCC_GetSysClockFreq  stm32h7xx_hal_rcc.o
    0x08003974   0x08003974   0x000007e4   Code   RO         4615    i.HAL_RCC_OscConfig  stm32h7xx_hal_rcc.o
    0x08004158   0x08004158   0x00000012   Code   RO         1025    i.HAL_ResumeTick    stm32h7xx_hal.o
    0x0800416a   0x0800416a   0x0000004e   Code   RO         5655    i.HAL_UARTEx_DisableFifoMode  stm32h7xx_hal_uart_ex.o
    0x080041b8   0x080041b8   0x00000002   Code   RO         5239    i.HAL_UARTEx_RxEventCallback  stm32h7xx_hal_uart.o
    0x080041ba   0x080041ba   0x00000002   Code   RO         5662    i.HAL_UARTEx_RxFifoFullCallback  stm32h7xx_hal_uart_ex.o
    0x080041bc   0x080041bc   0x0000005e   Code   RO         5663    i.HAL_UARTEx_SetRxFifoThreshold  stm32h7xx_hal_uart_ex.o
    0x0800421a   0x0800421a   0x0000005e   Code   RO         5664    i.HAL_UARTEx_SetTxFifoThreshold  stm32h7xx_hal_uart_ex.o
    0x08004278   0x08004278   0x00000002   Code   RO         5666    i.HAL_UARTEx_TxFifoEmptyCallback  stm32h7xx_hal_uart_ex.o
    0x0800427a   0x0800427a   0x00000002   Code   RO         5667    i.HAL_UARTEx_WakeupCallback  stm32h7xx_hal_uart_ex.o
    0x0800427c   0x0800427c   0x00000002   Code   RO         5255    i.HAL_UART_ErrorCallback  stm32h7xx_hal_uart.o
    0x0800427e   0x0800427e   0x00000010   Code   RO         5257    i.HAL_UART_GetState  stm32h7xx_hal_uart.o
    0x0800428e   0x0800428e   0x00000002   PAD
    0x08004290   0x08004290   0x000003d4   Code   RO         5258    i.HAL_UART_IRQHandler  stm32h7xx_hal_uart.o
    0x08004664   0x08004664   0x00000078   Code   RO         5259    i.HAL_UART_Init     stm32h7xx_hal_uart.o
    0x080046dc   0x080046dc   0x00000098   Code   RO          256    i.HAL_UART_MspInit  stm32h7xx_hal_msp.o
    0x08004774   0x08004774   0x00000064   Code   RO         5264    i.HAL_UART_Receive_IT  stm32h7xx_hal_uart.o
    0x080047d8   0x080047d8   0x00000002   Code   RO          891    i.HAL_UART_RxCpltCallback  bsp_uart.o
    0x080047da   0x080047da   0x000000d6   Code   RO         5268    i.HAL_UART_Transmit  stm32h7xx_hal_uart.o
    0x080048b0   0x080048b0   0x00000002   Code   RO         5271    i.HAL_UART_TxCpltCallback  stm32h7xx_hal_uart.o
    0x080048b2   0x080048b2   0x00000762   Code   RO         2928    i.HCD_HC_IN_IRQHandler  stm32h7xx_hal_hcd.o
    0x08005014   0x08005014   0x00000744   Code   RO         2929    i.HCD_HC_OUT_IRQHandler  stm32h7xx_hal_hcd.o
    0x08005758   0x08005758   0x000000b6   Code   RO         2930    i.HCD_Port_IRQHandler  stm32h7xx_hal_hcd.o
    0x0800580e   0x0800580e   0x00000184   Code   RO         2931    i.HCD_RXQLVL_IRQHandler  stm32h7xx_hal_hcd.o
    0x08005992   0x08005992   0x00000004   Code   RO          308    i.HardFault_Handler  stm32h7xx_it.o
    0x08005996   0x08005996   0x00000002   PAD
    0x08005998   0x08005998   0x0000008c   Code   RO          789    i.LED_Init          bsp_led.o
    0x08005a24   0x08005a24   0x0000007c   Code   RO          400    i.LOG               log.o
    0x08005aa0   0x08005aa0   0x00000092   Code   RO          658    i.MPU_Config        bsp.o
    0x08005b32   0x08005b32   0x00000002   PAD
    0x08005b34   0x08005b34   0x00000174   Code   RO          659    i.MX_GPIO_Init      bsp.o
    0x08005ca8   0x08005ca8   0x000002a4   Code   RO          531    i.MX_USBX_Host_Init  usb_app.o
    0x08005f4c   0x08005f4c   0x000000fc   Code   RO          737    i.MX_USB_Host_Init  bsp_usb.o
    0x08006048   0x08006048   0x0000005c   Code   RO          738    i.MX_USB_OTG_FS_HCD_Init  bsp_usb.o
    0x080060a4   0x080060a4   0x00000004   Code   RO          309    i.MemManage_Handler  stm32h7xx_it.o
    0x080060a8   0x080060a8   0x00000004   Code   RO          310    i.NMI_Handler       stm32h7xx_it.o
    0x080060ac   0x080060ac   0x00000038   Code   RO            5    i.OSStatInit        start.o
    0x080060e4   0x080060e4   0x00000010   Code   RO          311    i.OTG_FS_EP1_IN_IRQHandler  stm32h7xx_it.o
    0x080060f4   0x080060f4   0x00000010   Code   RO          312    i.OTG_FS_EP1_OUT_IRQHandler  stm32h7xx_it.o
    0x08006104   0x08006104   0x00000010   Code   RO          313    i.OTG_FS_IRQHandler  stm32h7xx_it.o
    0x08006114   0x08006114   0x00000164   Code   RO         4730    i.RCCEx_PLL2_Config  stm32h7xx_hal_rcc_ex.o
    0x08006278   0x08006278   0x00000164   Code   RO         4731    i.RCCEx_PLL3_Config  stm32h7xx_hal_rcc_ex.o
    0x080063dc   0x080063dc   0x00000002   Code   RO          315    i.SVC_Handler       stm32h7xx_it.o
    0x080063de   0x080063de   0x00000002   PAD
    0x080063e0   0x080063e0   0x000000cc   Code   RO          660    i.SystemClock_Config  bsp.o
    0x080064ac   0x080064ac   0x00000104   Code   RO         6465    i.SystemInit        system_stm32h7xx.o
    0x080065b0   0x080065b0   0x00000014   Code   RO          661    i.System_Init       bsp.o
    0x080065c4   0x080065c4   0x00000020   Code   RO            6    i.Task_IDLE         start.o
    0x080065e4   0x080065e4   0x00000034   Code   RO          623    i.Task_KEY          key_app.o
    0x08006618   0x08006618   0x00000074   Code   RO          502    i.Task_LED          led_app.o
    0x0800668c   0x0800668c   0x0000002c   Code   RO            7    i.Task_Start        start.o
    0x080066b8   0x080066b8   0x00000058   Code   RO         5668    i.UARTEx_SetNbDataToProcess  stm32h7xx_hal_uart_ex.o
    0x08006710   0x08006710   0x000000f8   Code   RO         5273    i.UART_AdvFeatureConfig  stm32h7xx_hal_uart.o
    0x08006808   0x08006808   0x00000076   Code   RO         5274    i.UART_CheckIdleState  stm32h7xx_hal_uart.o
    0x0800687e   0x0800687e   0x00000018   Code   RO         5275    i.UART_DMAAbortOnError  stm32h7xx_hal_uart.o
    0x08006896   0x08006896   0x00000002   PAD
    0x08006898   0x08006898   0x0000003c   Code   RO         5285    i.UART_EndRxTransfer  stm32h7xx_hal_uart.o
    0x080068d4   0x080068d4   0x00000022   Code   RO         5286    i.UART_EndTransmit_IT  stm32h7xx_hal_uart.o
    0x080068f6   0x080068f6   0x00000092   Code   RO         5288    i.UART_RxISR_16BIT  stm32h7xx_hal_uart.o
    0x08006988   0x08006988   0x00000164   Code   RO         5289    i.UART_RxISR_16BIT_FIFOEN  stm32h7xx_hal_uart.o
    0x08006aec   0x08006aec   0x0000008e   Code   RO         5290    i.UART_RxISR_8BIT   stm32h7xx_hal_uart.o
    0x08006b7a   0x08006b7a   0x00000002   PAD
    0x08006b7c   0x08006b7c   0x00000164   Code   RO         5291    i.UART_RxISR_8BIT_FIFOEN  stm32h7xx_hal_uart.o
    0x08006ce0   0x08006ce0   0x0000058c   Code   RO         5292    i.UART_SetConfig    stm32h7xx_hal_uart.o
    0x0800726c   0x0800726c   0x00000110   Code   RO         5294    i.UART_Start_Receive_IT  stm32h7xx_hal_uart.o
    0x0800737c   0x0800737c   0x000000be   Code   RO         5299    i.UART_WaitOnFlagUntilTimeout  stm32h7xx_hal_uart.o
    0x0800743a   0x0800743a   0x00000002   PAD
    0x0800743c   0x0800743c   0x00000050   Code   RO          892    i.USART3_IRQHandler  bsp_uart.o
    0x0800748c   0x0800748c   0x00000098   Code   RO         6164    i.USB_CoreInit      stm32h7xx_ll_usb.o
    0x08007524   0x08007524   0x0000004c   Code   RO         6165    i.USB_CoreReset     stm32h7xx_ll_usb.o
    0x08007570   0x08007570   0x0000000e   Code   RO         6172    i.USB_DisableGlobalInt  stm32h7xx_ll_usb.o
    0x0800757e   0x0800757e   0x00000002   PAD
    0x08007580   0x08007580   0x00000044   Code   RO         6173    i.USB_DoPing        stm32h7xx_ll_usb.o
    0x080075c4   0x080075c4   0x0000004a   Code   RO         6174    i.USB_DriveVbus     stm32h7xx_ll_usb.o
    0x0800760e   0x0800760e   0x0000000e   Code   RO         6180    i.USB_EnableGlobalInt  stm32h7xx_ll_usb.o
    0x0800761c   0x0800761c   0x0000002c   Code   RO         6181    i.USB_FlushRxFifo   stm32h7xx_ll_usb.o
    0x08007648   0x08007648   0x00000030   Code   RO         6182    i.USB_FlushTxFifo   stm32h7xx_ll_usb.o
    0x08007678   0x08007678   0x0000000e   Code   RO         6183    i.USB_GetCurrentFrame  stm32h7xx_ll_usb.o
    0x08007686   0x08007686   0x00000018   Code   RO         6185    i.USB_GetHostSpeed  stm32h7xx_ll_usb.o
    0x0800769e   0x0800769e   0x0000000a   Code   RO         6186    i.USB_GetMode       stm32h7xx_ll_usb.o
    0x080076a8   0x080076a8   0x000001b0   Code   RO         6187    i.USB_HC_Halt       stm32h7xx_ll_usb.o
    0x08007858   0x08007858   0x000001a4   Code   RO         6188    i.USB_HC_Init       stm32h7xx_ll_usb.o
    0x080079fc   0x080079fc   0x0000000e   Code   RO         6189    i.USB_HC_ReadInterrupt  stm32h7xx_ll_usb.o
    0x08007a0a   0x08007a0a   0x00000002   PAD
    0x08007a0c   0x08007a0c   0x000001d0   Code   RO         6190    i.USB_HC_StartXfer  stm32h7xx_ll_usb.o
    0x08007bdc   0x08007bdc   0x000000f8   Code   RO         6191    i.USB_HostInit      stm32h7xx_ll_usb.o
    0x08007cd4   0x08007cd4   0x00000044   Code   RO         6192    i.USB_InitFSLSPClkSel  stm32h7xx_ll_usb.o
    0x08007d18   0x08007d18   0x0000000a   Code   RO         6197    i.USB_ReadInterrupts  stm32h7xx_ll_usb.o
    0x08007d22   0x08007d22   0x00000060   Code   RO         6198    i.USB_ReadPacket    stm32h7xx_ll_usb.o
    0x08007d82   0x08007d82   0x0000003c   Code   RO         6199    i.USB_ResetPort     stm32h7xx_ll_usb.o
    0x08007dbe   0x08007dbe   0x00000036   Code   RO         6200    i.USB_SetCurrentMode  stm32h7xx_ll_usb.o
    0x08007df4   0x08007df4   0x00000020   Code   RO          739    i.USB_VbusFS        bsp_usb.o
    0x08007e14   0x08007e14   0x0000007c   Code   RO          740    i.USB_Vbus_Init     bsp_usb.o
    0x08007e90   0x08007e90   0x00000044   Code   RO         6206    i.USB_WritePacket   stm32h7xx_ll_usb.o
    0x08007ed4   0x08007ed4   0x00000004   Code   RO          317    i.UsageFault_Handler  stm32h7xx_it.o
    0x08007ed8   0x08007ed8   0x00000020   Code   RO        14671    i.__0printf         mc_w.l(printfa.o)
    0x08007ef8   0x08007ef8   0x0000002c   Code   RO        14676    i.__0vsnprintf      mc_w.l(printfa.o)
    0x08007f24   0x08007f24   0x00000010   Code   RO         1416    i.__NVIC_GetPriorityGrouping  stm32h7xx_hal_cortex.o
    0x08007f34   0x08007f34   0x00000028   Code   RO         1417    i.__NVIC_SetPriority  stm32h7xx_hal_cortex.o
    0x08007f5c   0x08007f5c   0x0000000e   Code   RO        14738    i.__scatterload_copy  mc_w.l(handlers.o)
    0x08007f6a   0x08007f6a   0x00000002   Code   RO        14739    i.__scatterload_null  mc_w.l(handlers.o)
    0x08007f6c   0x08007f6c   0x0000000e   Code   RO        14740    i.__scatterload_zeroinit  mc_w.l(handlers.o)
    0x08007f7a   0x08007f7a   0x00000002   PAD
    0x08007f7c   0x08007f7c   0x00000184   Code   RO        14678    i._fp_digits        mc_w.l(printfa.o)
    0x08008100   0x08008100   0x000006dc   Code   RO        14679    i._printf_core      mc_w.l(printfa.o)
    0x080087dc   0x080087dc   0x00000024   Code   RO        14680    i._printf_post_padding  mc_w.l(printfa.o)
    0x08008800   0x08008800   0x0000002e   Code   RO        14681    i._printf_pre_padding  mc_w.l(printfa.o)
    0x0800882e   0x0800882e   0x00000016   Code   RO        14682    i._snputc           mc_w.l(printfa.o)
    0x08008844   0x08008844   0x00000110   Code   RO         6722    i._tx_byte_allocate  tx_byte_allocate.o
    0x08008954   0x08008954   0x000000a0   Code   RO         6743    i._tx_byte_pool_cleanup  tx_byte_pool_cleanup.o
    0x080089f4   0x080089f4   0x000000c0   Code   RO         6760    i._tx_byte_pool_create  tx_byte_pool_create.o
    0x08008ab4   0x08008ab4   0x00000178   Code   RO         6879    i._tx_byte_pool_search  tx_byte_pool_search.o
    0x08008c2c   0x08008c2c   0x000000ac   Code   RO         6913    i._tx_event_flags_cleanup  tx_event_flags_cleanup.o
    0x08008cd8   0x08008cd8   0x00000064   Code   RO         6934    i._tx_event_flags_create  tx_event_flags_create.o
    0x08008d3c   0x08008d3c   0x00000134   Code   RO         6968    i._tx_event_flags_get  tx_event_flags_get.o
    0x08008e70   0x08008e70   0x00000070   Code   RO         7087    i._tx_initialize_high_level  tx_initialize_high_level.o
    0x08008ee0   0x08008ee0   0x00000050   Code   RO         7132    i._tx_initialize_kernel_enter  tx_initialize_kernel_enter.o
    0x08008f30   0x08008f30   0x000000a0   Code   RO         7405    i._tx_mutex_cleanup  tx_mutex_cleanup.o
    0x08008fd0   0x08008fd0   0x00000078   Code   RO         7432    i._tx_mutex_create  tx_mutex_create.o
    0x08009048   0x08009048   0x00000144   Code   RO         7466    i._tx_mutex_get     tx_mutex_get.o
    0x0800918c   0x0800918c   0x000000f0   Code   RO         7551    i._tx_mutex_prioritize  tx_mutex_prioritize.o
    0x0800927c   0x0800927c   0x00000108   Code   RO         7568    i._tx_mutex_priority_change  tx_mutex_priority_change.o
    0x08009384   0x08009384   0x00000280   Code   RO         7585    i._tx_mutex_put     tx_mutex_put.o
    0x08009604   0x08009604   0x00000054   Code   RO         7406    i._tx_mutex_thread_release  tx_mutex_cleanup.o
    0x08009658   0x08009658   0x000000b0   Code   RO         7602    i._tx_queue_cleanup  tx_queue_cleanup.o
    0x08009708   0x08009708   0x00000098   Code   RO         7623    i._tx_queue_create  tx_queue_create.o
    0x080097a0   0x080097a0   0x0000024c   Code   RO         7776    i._tx_queue_receive  tx_queue_receive.o
    0x080099ec   0x080099ec   0x000001b0   Code   RO         7793    i._tx_queue_send    tx_queue_send.o
    0x08009b9c   0x08009b9c   0x000000a0   Code   RO         7848    i._tx_semaphore_cleanup  tx_semaphore_cleanup.o
    0x08009c3c   0x08009c3c   0x00000068   Code   RO         7865    i._tx_semaphore_create  tx_semaphore_create.o
    0x08009ca4   0x08009ca4   0x000000c8   Code   RO         7882    i._tx_semaphore_delete  tx_semaphore_delete.o
    0x08009d6c   0x08009d6c   0x000000b8   Code   RO         7899    i._tx_semaphore_get  tx_semaphore_get.o
    0x08009e24   0x08009e24   0x00000080   Code   RO         8001    i._tx_semaphore_put  tx_semaphore_put.o
    0x08009ea4   0x08009ea4   0x00000178   Code   RO         8035    i._tx_thread_create  tx_thread_create.o
    0x0800a01c   0x0800a01c   0x0000006c   Code   RO         8052    i._tx_thread_delete  tx_thread_delete.o
    0x0800a088   0x0800a088   0x00000018   Code   RO         8086    i._tx_thread_identify  tx_thread_identify.o
    0x0800a0a0   0x0800a0a0   0x0000006a   Code   RO         8103    i._tx_thread_info_get  tx_thread_info_get.o
    0x0800a10a   0x0800a10a   0x00000002   PAD
    0x0800a10c   0x0800a10c   0x00000078   Code   RO         8120    i._tx_thread_initialize  tx_thread_initialize.o
    0x0800a184   0x0800a184   0x000000f0   Code   RO         8202    i._tx_thread_priority_change  tx_thread_priority_change.o
    0x0800a274   0x0800a274   0x00000170   Code   RO         8219    i._tx_thread_relinquish  tx_thread_relinquish.o
    0x0800a3e4   0x0800a3e4   0x00000084   Code   RO         8270    i._tx_thread_shell_entry  tx_thread_shell_entry.o
    0x0800a468   0x0800a468   0x0000009c   Code   RO         8287    i._tx_thread_sleep  tx_thread_sleep.o
    0x0800a504   0x0800a504   0x00000088   Code   RO         8304    i._tx_thread_stack_analyze  tx_thread_stack_analyze.o
    0x0800a58c   0x0800a58c   0x00000028   Code   RO         8321    i._tx_thread_stack_error_handler  tx_thread_stack_error_handler.o
    0x0800a5b4   0x0800a5b4   0x00000098   Code   RO         8355    i._tx_thread_suspend  tx_thread_suspend.o
    0x0800a64c   0x0800a64c   0x000000b0   Code   RO         8372    i._tx_thread_system_preempt_check  tx_thread_system_preempt_check.o
    0x0800a6fc   0x0800a6fc   0x000002f8   Code   RO         8389    i._tx_thread_system_resume  tx_thread_system_resume.o
    0x0800a9f4   0x0800a9f4   0x00000024   Code   RO         8220    i._tx_thread_system_return_inline  tx_thread_relinquish.o
    0x0800aa18   0x0800aa18   0x00000024   Code   RO         8373    i._tx_thread_system_return_inline  tx_thread_system_preempt_check.o
    0x0800aa3c   0x0800aa3c   0x00000024   Code   RO         8390    i._tx_thread_system_return_inline  tx_thread_system_resume.o
    0x0800aa60   0x0800aa60   0x00000024   Code   RO         8406    i._tx_thread_system_return_inline  tx_thread_system_suspend.o
    0x0800aa84   0x0800aa84   0x000002f8   Code   RO         8407    i._tx_thread_system_suspend  tx_thread_system_suspend.o
    0x0800ad7c   0x0800ad7c   0x000001cc   Code   RO         8424    i._tx_thread_terminate  tx_thread_terminate.o
    0x0800af48   0x0800af48   0x0000017c   Code   RO         8441    i._tx_thread_time_slice  tx_thread_time_slice.o
    0x0800b0c4   0x0800b0c4   0x00000048   Code   RO         8475    i._tx_thread_timeout  tx_thread_timeout.o
    0x0800b10c   0x0800b10c   0x00000018   Code   RO         8509    i._tx_time_get      tx_time_get.o
    0x0800b124   0x0800b124   0x0000002c   Code   RO         8628    i._tx_timer_expiration_process  tx_timer_expiration_process.o
    0x0800b150   0x0800b150   0x000000e8   Code   RO         8662    i._tx_timer_initialize  tx_timer_initialize.o
    0x0800b238   0x0800b238   0x00000060   Code   RO         8720    i._tx_timer_system_activate  tx_timer_system_activate.o
    0x0800b298   0x0800b298   0x0000002e   Code   RO         8737    i._tx_timer_system_deactivate  tx_timer_system_deactivate.o
    0x0800b2c6   0x0800b2c6   0x00000002   PAD
    0x0800b2c8   0x0800b2c8   0x00000160   Code   RO         8754    i._tx_timer_thread_entry  tx_timer_thread_entry.o
    0x0800b428   0x0800b428   0x000000ac   Code   RO         9077    i._txe_byte_allocate  txe_byte_allocate.o
    0x0800b4d4   0x0800b4d4   0x00000100   Code   RO         9094    i._txe_byte_pool_create  txe_byte_pool_create.o
    0x0800b5d4   0x0800b5d4   0x000000e0   Code   RO         9179    i._txe_event_flags_create  txe_event_flags_create.o
    0x0800b6b4   0x0800b6b4   0x00000084   Code   RO         9213    i._txe_event_flags_get  txe_event_flags_get.o
    0x0800b738   0x0800b738   0x000000f8   Code   RO         9281    i._txe_mutex_create  txe_mutex_create.o
    0x0800b830   0x0800b830   0x00000088   Code   RO         9315    i._txe_mutex_get    txe_mutex_get.o
    0x0800b8b8   0x0800b8b8   0x00000054   Code   RO         9366    i._txe_mutex_put    txe_mutex_put.o
    0x0800b90c   0x0800b90c   0x00000120   Code   RO         9383    i._txe_queue_create  txe_queue_create.o
    0x0800ba2c   0x0800ba2c   0x0000006c   Code   RO         9485    i._txe_queue_receive  txe_queue_receive.o
    0x0800ba98   0x0800ba98   0x0000006c   Code   RO         9502    i._txe_queue_send   txe_queue_send.o
    0x0800bb04   0x0800bb04   0x000000dc   Code   RO         9553    i._txe_semaphore_create  txe_semaphore_create.o
    0x0800bbe0   0x0800bbe0   0x00000054   Code   RO         9570    i._txe_semaphore_delete  txe_semaphore_delete.o
    0x0800bc34   0x0800bc34   0x00000060   Code   RO         9587    i._txe_semaphore_get  txe_semaphore_get.o
    0x0800bc94   0x0800bc94   0x00000028   Code   RO         9638    i._txe_semaphore_put  txe_semaphore_put.o
    0x0800bcbc   0x0800bcbc   0x0000018c   Code   RO         9672    i._txe_thread_create  txe_thread_create.o
    0x0800be48   0x0800be48   0x0000003c   Code   RO         9689    i._txe_thread_delete  txe_thread_delete.o
    0x0800be84   0x0800be84   0x00000040   Code   RO         9723    i._txe_thread_info_get  txe_thread_info_get.o
    0x0800bec4   0x0800bec4   0x00000058   Code   RO         9757    i._txe_thread_priority_change  txe_thread_priority_change.o
    0x0800bf1c   0x0800bf1c   0x00000028   Code   RO         9774    i._txe_thread_relinquish  txe_thread_relinquish.o
    0x0800bf44   0x0800bf44   0x00000028   Code   RO         9825    i._txe_thread_suspend  txe_thread_suspend.o
    0x0800bf6c   0x0800bf6c   0x0000003c   Code   RO         9842    i._txe_thread_terminate  txe_thread_terminate.o
    0x0800bfa8   0x0800bfa8   0x0000000c   Code   RO        11854    i._ux_hcd_stm32_controller_disable  ux_hcd_stm32_controller_disable.o
    0x0800bfb4   0x0800bfb4   0x0000003c   Code   RO        11887    i._ux_hcd_stm32_ed_obtain  ux_hcd_stm32_ed_obtain.o
    0x0800bff0   0x0800bff0   0x000001d0   Code   RO        11920    i._ux_hcd_stm32_endpoint_create  ux_hcd_stm32_endpoint_create.o
    0x0800c1c0   0x0800c1c0   0x00000078   Code   RO        11950    i._ux_hcd_stm32_endpoint_destroy  ux_hcd_stm32_endpoint_destroy.o
    0x0800c238   0x0800c238   0x00000034   Code   RO        11983    i._ux_hcd_stm32_endpoint_reset  ux_hcd_stm32_endpoint_reset.o
    0x0800c26c   0x0800c26c   0x00000122   Code   RO        12016    i._ux_hcd_stm32_entry  ux_hcd_stm32_entry.o
    0x0800c38e   0x0800c38e   0x00000012   Code   RO        12049    i._ux_hcd_stm32_frame_number_get  ux_hcd_stm32_frame_number_get.o
    0x0800c3a0   0x0800c3a0   0x00000098   Code   RO        12082    i._ux_hcd_stm32_initialize  ux_hcd_stm32_initialize.o
    0x0800c438   0x0800c438   0x0000003a   Code   RO        12148    i._ux_hcd_stm32_least_traffic_list_get  ux_hcd_stm32_least_traffic_list_get.o
    0x0800c472   0x0800c472   0x00000050   Code   RO        12181    i._ux_hcd_stm32_periodic_schedule  ux_hcd_stm32_periodic_schedule.o
    0x0800c4c2   0x0800c4c2   0x00000006   Code   RO        12214    i._ux_hcd_stm32_port_disable  ux_hcd_stm32_port_disable.o
    0x0800c4c8   0x0800c4c8   0x00000006   Code   RO        12247    i._ux_hcd_stm32_port_enable  ux_hcd_stm32_port_enable.o
    0x0800c4ce   0x0800c4ce   0x00000038   Code   RO        12280    i._ux_hcd_stm32_port_reset  ux_hcd_stm32_port_reset.o
    0x0800c506   0x0800c506   0x00000006   Code   RO        12313    i._ux_hcd_stm32_port_resume  ux_hcd_stm32_port_resume.o
    0x0800c50c   0x0800c50c   0x00000056   Code   RO        12346    i._ux_hcd_stm32_port_status_get  ux_hcd_stm32_port_status_get.o
    0x0800c562   0x0800c562   0x00000006   Code   RO        12379    i._ux_hcd_stm32_port_suspend  ux_hcd_stm32_port_suspend.o
    0x0800c568   0x0800c568   0x00000006   Code   RO        12412    i._ux_hcd_stm32_power_down_port  ux_hcd_stm32_power_down_port.o
    0x0800c56e   0x0800c56e   0x0000001a   Code   RO        12445    i._ux_hcd_stm32_power_on_port  ux_hcd_stm32_power_on_port.o
    0x0800c588   0x0800c588   0x0000006c   Code   RO        12478    i._ux_hcd_stm32_request_bulk_transfer  ux_hcd_stm32_request_bulk_transfer.o
    0x0800c5f4   0x0800c5f4   0x0000028e   Code   RO        12511    i._ux_hcd_stm32_request_control_transfer  ux_hcd_stm32_request_control_transfer.o
    0x0800c882   0x0800c882   0x00000026   Code   RO        12544    i._ux_hcd_stm32_request_periodic_transfer  ux_hcd_stm32_request_periodic_transfer.o
    0x0800c8a8   0x0800c8a8   0x00000062   Code   RO        12577    i._ux_hcd_stm32_request_transfer  ux_hcd_stm32_request_transfer.o
    0x0800c90a   0x0800c90a   0x00000034   Code   RO        12610    i._ux_hcd_stm32_transfer_abort  ux_hcd_stm32_transfer_abort.o
    0x0800c93e   0x0800c93e   0x00000002   PAD
    0x0800c940   0x0800c940   0x0000014c   Code   RO        11224    i._ux_host_class_meige_activate  ux_host_class_meige_activate.o
    0x0800ca8c   0x0800ca8c   0x00000158   Code   RO        11267    i._ux_host_class_meige_configure  ux_host_class_meige_configure.o
    0x0800cbe4   0x0800cbe4   0x00000070   Code   RO        11295    i._ux_host_class_meige_deactivate  ux_host_class_meige_deactivate.o
    0x0800cc54   0x0800cc54   0x000000ae   Code   RO        11316    i._ux_host_class_meige_endpoints_get  ux_host_class_meige_endpoints_get.o
    0x0800cd02   0x0800cd02   0x00000002   PAD
    0x0800cd04   0x0800cd04   0x000000bc   Code   RO        11340    i._ux_host_class_meige_entry  ux_host_class_meige_entry.o
    0x0800cdc0   0x0800cdc0   0x0000006e   Code   RO        11410    i._ux_host_class_meige_reception_callback  ux_host_class_meige_reception_callback.o
    0x0800ce2e   0x0800ce2e   0x00000002   PAD
    0x0800ce30   0x0800ce30   0x0000008c   Code   RO        11434    i._ux_host_class_meige_reception_start  ux_host_class_meige_reception_start.o
    0x0800cebc   0x0800cebc   0x00000150   Code   RO        12640    i._ux_host_stack_bandwidth_check  ux_host_stack_bandwidth_check.o
    0x0800d00c   0x0800d00c   0x00000160   Code   RO        12662    i._ux_host_stack_bandwidth_claim  ux_host_stack_bandwidth_claim.o
    0x0800d16c   0x0800d16c   0x00000160   Code   RO        12684    i._ux_host_stack_bandwidth_release  ux_host_stack_bandwidth_release.o
    0x0800d2cc   0x0800d2cc   0x00000028   Code   RO        12706    i._ux_host_stack_class_call  ux_host_stack_class_call.o
    0x0800d2f4   0x0800d2f4   0x00000062   Code   RO        12727    i._ux_host_stack_class_device_scan  ux_host_stack_class_device_scan.o
    0x0800d356   0x0800d356   0x00000002   PAD
    0x0800d358   0x0800d358   0x00000044   Code   RO        12748    i._ux_host_stack_class_get  ux_host_stack_class_get.o
    0x0800d39c   0x0800d39c   0x0000001e   Code   RO        12769    i._ux_host_stack_class_instance_create  ux_host_stack_class_instance_create.o
    0x0800d3ba   0x0800d3ba   0x0000004e   Code   RO        12790    i._ux_host_stack_class_instance_destroy  ux_host_stack_class_instance_destroy.o
    0x0800d408   0x0800d408   0x00000018   Code   RO        12853    i._ux_host_stack_class_interface_scan  ux_host_stack_class_interface_scan.o
    0x0800d420   0x0800d420   0x00000064   Code   RO        12874    i._ux_host_stack_class_register  ux_host_stack_class_register.o
    0x0800d484   0x0800d484   0x00000066   Code   RO        12916    i._ux_host_stack_configuration_descriptor_parse  ux_host_stack_configuration_descriptor_parse.o
    0x0800d4ea   0x0800d4ea   0x00000002   PAD
    0x0800d4ec   0x0800d4ec   0x000000cc   Code   RO        12937    i._ux_host_stack_configuration_enumerate  ux_host_stack_configuration_enumerate.o
    0x0800d5b8   0x0800d5b8   0x0000005c   Code   RO        12958    i._ux_host_stack_configuration_instance_create  ux_host_stack_configuration_instance_create.o
    0x0800d614   0x0800d614   0x00000024   Code   RO        12980    i._ux_host_stack_configuration_instance_delete  ux_host_stack_configuration_instance_delete.o
    0x0800d638   0x0800d638   0x0000006e   Code   RO        13001    i._ux_host_stack_configuration_interface_get  ux_host_stack_configuration_interface_get.o
    0x0800d6a6   0x0800d6a6   0x0000008c   Code   RO        13022    i._ux_host_stack_configuration_interface_scan  ux_host_stack_configuration_interface_scan.o
    0x0800d732   0x0800d732   0x0000003c   Code   RO        13043    i._ux_host_stack_configuration_set  ux_host_stack_configuration_set.o
    0x0800d76e   0x0800d76e   0x000000ac   Code   RO        13085    i._ux_host_stack_device_address_set  ux_host_stack_device_address_set.o
    0x0800d81a   0x0800d81a   0x00000048   Code   RO        13148    i._ux_host_stack_device_configuration_get  ux_host_stack_device_configuration_get.o
    0x0800d862   0x0800d862   0x00000002   PAD
    0x0800d864   0x0800d864   0x000000c4   Code   RO        13190    i._ux_host_stack_device_configuration_select  ux_host_stack_device_configuration_select.o
    0x0800d928   0x0800d928   0x000000b8   Code   RO        13212    i._ux_host_stack_device_descriptor_read  ux_host_stack_device_descriptor_read.o
    0x0800d9e0   0x0800d9e0   0x000000d0   Code   RO        13254    i._ux_host_stack_device_remove  ux_host_stack_device_remove.o
    0x0800dab0   0x0800dab0   0x000000d8   Code   RO        13275    i._ux_host_stack_device_resources_free  ux_host_stack_device_resources_free.o
    0x0800db88   0x0800db88   0x000000d8   Code   RO        13317    i._ux_host_stack_endpoint_instance_create  ux_host_stack_endpoint_instance_create.o
    0x0800dc60   0x0800dc60   0x00000040   Code   RO        13339    i._ux_host_stack_endpoint_instance_delete  ux_host_stack_endpoint_instance_delete.o
    0x0800dca0   0x0800dca0   0x00000012   Code   RO        13381    i._ux_host_stack_endpoint_transfer_abort  ux_host_stack_endpoint_transfer_abort.o
    0x0800dcb2   0x0800dcb2   0x00000002   PAD
    0x0800dcb4   0x0800dcb4   0x00000030   Code   RO        13402    i._ux_host_stack_enum_thread_entry  ux_host_stack_enum_thread_entry.o
    0x0800dce4   0x0800dce4   0x0000007c   Code   RO        13423    i._ux_host_stack_hcd_register  ux_host_stack_hcd_register.o
    0x0800dd60   0x0800dd60   0x00000064   Code   RO        13444    i._ux_host_stack_hcd_thread_entry  ux_host_stack_hcd_thread_entry.o
    0x0800ddc4   0x0800ddc4   0x00000288   Code   RO        13522    i._ux_host_stack_initialize  ux_host_stack_initialize.o
    0x0800e04c   0x0800e04c   0x00000048   Code   RO        13550    i._ux_host_stack_interface_endpoint_get  ux_host_stack_interface_endpoint_get.o
    0x0800e094   0x0800e094   0x000000a0   Code   RO        13574    i._ux_host_stack_interface_instance_create  ux_host_stack_interface_instance_create.o
    0x0800e134   0x0800e134   0x00000016   Code   RO        13602    i._ux_host_stack_interface_instance_delete  ux_host_stack_interface_instance_delete.o
    0x0800e14a   0x0800e14a   0x00000002   PAD
    0x0800e14c   0x0800e14c   0x000000bc   Code   RO        13665    i._ux_host_stack_interfaces_scan  ux_host_stack_interfaces_scan.o
    0x0800e208   0x0800e208   0x0000001c   Code   RO        13686    i._ux_host_stack_new_configuration_create  ux_host_stack_new_configuration_create.o
    0x0800e224   0x0800e224   0x00000140   Code   RO        13707    i._ux_host_stack_new_device_create  ux_host_stack_new_device_create.o
    0x0800e364   0x0800e364   0x00000040   Code   RO        13728    i._ux_host_stack_new_device_get  ux_host_stack_new_device_get.o
    0x0800e3a4   0x0800e3a4   0x00000054   Code   RO        13749    i._ux_host_stack_new_endpoint_create  ux_host_stack_new_endpoint_create.o
    0x0800e3f8   0x0800e3f8   0x000000d0   Code   RO        13770    i._ux_host_stack_new_interface_create  ux_host_stack_new_interface_create.o
    0x0800e4c8   0x0800e4c8   0x000000e4   Code   RO        13791    i._ux_host_stack_rh_change_process  ux_host_stack_rh_change_process.o
    0x0800e5ac   0x0800e5ac   0x0000001e   Code   RO        13812    i._ux_host_stack_rh_device_extraction  ux_host_stack_rh_device_extraction.o
    0x0800e5ca   0x0800e5ca   0x00000002   PAD
    0x0800e5cc   0x0800e5cc   0x00000114   Code   RO        13833    i._ux_host_stack_rh_device_insertion  ux_host_stack_rh_device_insertion.o
    0x0800e6e0   0x0800e6e0   0x000000a4   Code   RO        13875    i._ux_host_stack_transfer_request  ux_host_stack_transfer_request.o
    0x0800e784   0x0800e784   0x0000004a   Code   RO        13896    i._ux_host_stack_transfer_request_abort  ux_host_stack_transfer_request_abort.o
    0x0800e7ce   0x0800e7ce   0x00000002   PAD
    0x0800e7d0   0x0800e7d0   0x00000038   Code   RO        11148    i._ux_system_error_handler  ux_system_error_handler.o
    0x0800e808   0x0800e808   0x00000124   Code   RO        11169    i._ux_system_initialize  ux_system_initialize.o
    0x0800e92c   0x0800e92c   0x0000001a   Code   RO        10035    i._ux_utility_delay_ms  ux_utility_delay_ms.o
    0x0800e946   0x0800e946   0x0000004a   Code   RO        10077    i._ux_utility_descriptor_parse  ux_utility_descriptor_parse.o
    0x0800e990   0x0800e990   0x0000000c   Code   RO        10098    i._ux_utility_error_callback_register  ux_utility_error_callback_register.o
    0x0800e99c   0x0800e99c   0x0000001e   Code   RO        10203    i._ux_utility_long_get  ux_utility_long_get.o
    0x0800e9ba   0x0800e9ba   0x00000002   PAD
    0x0800e9bc   0x0800e9bc   0x00000174   Code   RO        10287    i._ux_utility_memory_allocate  ux_utility_memory_allocate.o
    0x0800eb30   0x0800eb30   0x00000026   Code   RO        10371    i._ux_utility_memory_compare  ux_utility_memory_compare.o
    0x0800eb56   0x0800eb56   0x0000001a   Code   RO        10392    i._ux_utility_memory_copy  ux_utility_memory_copy.o
    0x0800eb70   0x0800eb70   0x000000ec   Code   RO        10413    i._ux_utility_memory_free  ux_utility_memory_free.o
    0x0800ec5c   0x0800ec5c   0x00000050   Code   RO        10434    i._ux_utility_memory_free_block_best_get  ux_utility_memory_free_block_best_get.o
    0x0800ecac   0x0800ecac   0x00000014   Code   RO        10455    i._ux_utility_memory_set  ux_utility_memory_set.o
    0x0800ecc0   0x0800ecc0   0x00000024   Code   RO        10476    i._ux_utility_mutex_create  ux_utility_mutex_create.o
    0x0800ece4   0x0800ece4   0x0000000c   Code   RO        10518    i._ux_utility_mutex_off  ux_utility_mutex_off.o
    0x0800ecf0   0x0800ecf0   0x0000001e   Code   RO        10539    i._ux_utility_mutex_on  ux_utility_mutex_on.o
    0x0800ed0e   0x0800ed0e   0x0000002a   Code   RO        10644    i._ux_utility_semaphore_create  ux_utility_semaphore_create.o
    0x0800ed38   0x0800ed38   0x00000010   Code   RO        10665    i._ux_utility_semaphore_delete  ux_utility_semaphore_delete.o
    0x0800ed48   0x0800ed48   0x00000058   Code   RO        10686    i._ux_utility_semaphore_get  ux_utility_semaphore_get.o
    0x0800eda0   0x0800eda0   0x00000010   Code   RO        10707    i._ux_utility_semaphore_put  ux_utility_semaphore_put.o
    0x0800edb0   0x0800edb0   0x0000000e   Code   RO        10749    i._ux_utility_short_get  ux_utility_short_get.o
    0x0800edbe   0x0800edbe   0x0000000a   Code   RO        10791    i._ux_utility_short_put  ux_utility_short_put.o
    0x0800edc8   0x0800edc8   0x0000003c   Code   RO        10833    i._ux_utility_string_length_check  ux_utility_string_length_check.o
    0x0800ee04   0x0800ee04   0x0000003e   Code   RO        10896    i._ux_utility_thread_create  ux_utility_thread_create.o
    0x0800ee42   0x0800ee42   0x00000016   Code   RO        10917    i._ux_utility_thread_delete  ux_utility_thread_delete.o
    0x0800ee58   0x0800ee58   0x00000020   Code   RO        10938    i._ux_utility_thread_identify  ux_utility_thread_identify.o
    0x0800ee78   0x0800ee78   0x00000008   Code   RO        10959    i._ux_utility_thread_relinquish  ux_utility_thread_relinquish.o
    0x0800ee80   0x0800ee80   0x00000034   Code   RO        11001    i._ux_utility_thread_schedule_other  ux_utility_thread_schedule_other.o
    0x0800eeb4   0x0800eeb4   0x00000012   Code   RO          818    i.bsp_DelayMS       stm32h7xx_hal_timebase_tim.o
    0x0800eec6   0x0800eec6   0x00000002   PAD
    0x0800eec8   0x0800eec8   0x00000030   Code   RO          819    i.bsp_DelayUS       stm32h7xx_hal_timebase_tim.o
    0x0800eef8   0x0800eef8   0x00000014   Code   RO          663    i.bsp_Init          bsp.o
    0x0800ef0c   0x0800ef0c   0x00000028   Code   RO          820    i.bsp_InitDWT       stm32h7xx_hal_timebase_tim.o
    0x0800ef34   0x0800ef34   0x00000070   Code   RO          895    i.bsp_uart3_init    bsp_uart.o
    0x0800efa4   0x0800efa4   0x0000001c   Code   RO          896    i.fputc             bsp_uart.o
    0x0800efc0   0x0800efc0   0x0000004c   Code   RO          402    i.log_get_level     log.o
    0x0800f00c   0x0800f00c   0x00000010   Code   RO            9    i.main              start.o
    0x0800f01c   0x0800f01c   0x00000028   Code   RO        13941    i.shellAdd          shell.o
    0x0800f044   0x0800f044   0x0000000e   Code   RO        13942    i.shellBackspace    shell.o
    0x0800f052   0x0800f052   0x00000002   PAD
    0x0800f054   0x0800f054   0x00000044   Code   RO        13943    i.shellCheckPassword  shell.o
    0x0800f098   0x0800f098   0x00000036   Code   RO        13944    i.shellCheckPermission  shell.o
    0x0800f0ce   0x0800f0ce   0x00000002   PAD
    0x0800f0d0   0x0800f0d0   0x0000001c   Code   RO        13945    i.shellClear        shell.o
    0x0800f0ec   0x0800f0ec   0x00000028   Code   RO        13946    i.shellClearCommandLine  shell.o
    0x0800f114   0x0800f114   0x00000012   Code   RO        13947    i.shellCmds         shell.o
    0x0800f126   0x0800f126   0x00000010   Code   RO        13948    i.shellDelete       shell.o
    0x0800f136   0x0800f136   0x000000da   Code   RO        13949    i.shellDeleteByte   shell.o
    0x0800f210   0x0800f210   0x00000020   Code   RO        13950    i.shellDeleteCommandLine  shell.o
    0x0800f230   0x0800f230   0x00000010   Code   RO        13951    i.shellDown         shell.o
    0x0800f240   0x0800f240   0x00000014   Code   RO        13952    i.shellEnter        shell.o
    0x0800f254   0x0800f254   0x00000074   Code   RO        13953    i.shellExec         shell.o
    0x0800f2c8   0x0800f2c8   0x00000058   Code   RO        14358    i.shellExtNumType   shell_ext.o
    0x0800f320   0x0800f320   0x00000046   Code   RO        14359    i.shellExtParseChar  shell_ext.o
    0x0800f366   0x0800f366   0x00000002   PAD
    0x0800f368   0x0800f368   0x000000ec   Code   RO        14360    i.shellExtParseNumber  shell_ext.o
    0x0800f454   0x0800f454   0x00000056   Code   RO        14361    i.shellExtParsePara  shell_ext.o
    0x0800f4aa   0x0800f4aa   0x0000004a   Code   RO        14362    i.shellExtParseString  shell_ext.o
    0x0800f4f4   0x0800f4f4   0x00000024   Code   RO        14363    i.shellExtParseVar  shell_ext.o
    0x0800f518   0x0800f518   0x000000ca   Code   RO        14364    i.shellExtRun       shell_ext.o
    0x0800f5e2   0x0800f5e2   0x00000036   Code   RO        14365    i.shellExtToNum     shell_ext.o
    0x0800f618   0x0800f618   0x00000030   Code   RO        13954    i.shellGetCommandDesc  shell.o
    0x0800f648   0x0800f648   0x00000050   Code   RO        13955    i.shellGetCommandName  shell.o
    0x0800f698   0x0800f698   0x00000034   Code   RO        13956    i.shellGetCurrent   shell.o
    0x0800f6cc   0x0800f6cc   0x00000054   Code   RO        13957    i.shellGetVarValue  shell.o
    0x0800f720   0x0800f720   0x000000fc   Code   RO        13958    i.shellHandler      shell.o
    0x0800f81c   0x0800f81c   0x0000002c   Code   RO        13959    i.shellHelp         shell.o
    0x0800f848   0x0800f848   0x000000c2   Code   RO        13960    i.shellHistory      shell.o
    0x0800f90a   0x0800f90a   0x0000007a   Code   RO        13961    i.shellHistoryAdd   shell.o
    0x0800f984   0x0800f984   0x000000a0   Code   RO        13962    i.shellInit         shell.o
    0x0800fa24   0x0800fa24   0x000000d8   Code   RO        13963    i.shellInsertByte   shell.o
    0x0800fafc   0x0800fafc   0x00000012   Code   RO        13964    i.shellKeys         shell.o
    0x0800fb0e   0x0800fb0e   0x0000001a   Code   RO        13965    i.shellLeft         shell.o
    0x0800fb28   0x0800fb28   0x0000000c   Code   RO        13966    i.shellListAll      shell.o
    0x0800fb34   0x0800fb34   0x0000004c   Code   RO        13967    i.shellListCommand  shell.o
    0x0800fb80   0x0800fb80   0x000000fc   Code   RO        13968    i.shellListItem     shell.o
    0x0800fc7c   0x0800fc7c   0x00000058   Code   RO        13969    i.shellListKey      shell.o
    0x0800fcd4   0x0800fcd4   0x00000058   Code   RO        13970    i.shellListUser     shell.o
    0x0800fd2c   0x0800fd2c   0x00000058   Code   RO        13971    i.shellListVar      shell.o
    0x0800fd84   0x0800fd84   0x0000001c   Code   RO        13972    i.shellNormalInput  shell.o
    0x0800fda0   0x0800fda0   0x0000008e   Code   RO        13973    i.shellParserParam  shell.o
    0x0800fe2e   0x0800fe2e   0x00000068   Code   RO        13976    i.shellRemoveParamQuotes  shell.o
    0x0800fe96   0x0800fe96   0x0000001e   Code   RO        13977    i.shellRight        shell.o
    0x0800feb4   0x0800feb4   0x000000ae   Code   RO        13979    i.shellRunCommand   shell.o
    0x0800ff62   0x0800ff62   0x0000007a   Code   RO        13980    i.shellSeekCommand  shell.o
    0x0800ffdc   0x0800ffdc   0x0000005c   Code   RO        13981    i.shellSetUser      shell.o
    0x08010038   0x08010038   0x00000070   Code   RO        13982    i.shellSetVar       shell.o
    0x080100a8   0x080100a8   0x00000090   Code   RO        13983    i.shellSetVarValue  shell.o
    0x08010138   0x08010138   0x000000c0   Code   RO        13984    i.shellShowVar      shell.o
    0x080101f8   0x080101f8   0x0000002c   Code   RO        13985    i.shellStringCompare  shell.o
    0x08010224   0x08010224   0x00000018   Code   RO        13986    i.shellStringCopy   shell.o
    0x0801023c   0x0801023c   0x00000110   Code   RO        13987    i.shellTab          shell.o
    0x0801034c   0x0801034c   0x0000002c   Code   RO        13988    i.shellTask         shell.o
    0x08010378   0x08010378   0x00000056   Code   RO        13989    i.shellToDec        shell.o
    0x080103ce   0x080103ce   0x00000038   Code   RO        13990    i.shellToHex        shell.o
    0x08010406   0x08010406   0x0000000e   Code   RO        13991    i.shellUp           shell.o
    0x08010414   0x08010414   0x00000012   Code   RO        13992    i.shellUsers        shell.o
    0x08010426   0x08010426   0x00000012   Code   RO        13993    i.shellVars         shell.o
    0x08010438   0x08010438   0x0000000e   Code   RO        13994    i.shellWriteByte    shell.o
    0x08010446   0x08010446   0x00000002   PAD
    0x08010448   0x08010448   0x0000005c   Code   RO        13995    i.shellWriteCommandDesc  shell.o
    0x080104a4   0x080104a4   0x0000006c   Code   RO        13996    i.shellWriteCommandHelp  shell.o
    0x08010510   0x08010510   0x00000068   Code   RO        13997    i.shellWritePrompt  shell.o
    0x08010578   0x08010578   0x0000008c   Code   RO        13998    i.shellWriteReturnValue  shell.o
    0x08010604   0x08010604   0x00000030   Code   RO        13999    i.shellWriteString  shell.o
    0x08010634   0x08010634   0x000000dc   Code   RO           10    i.tx_application_define  start.o
    0x08010710   0x08010710   0x00000280   Code   RO          535    i.usbx_app_recv_thread_entry  usb_app.o
    0x08010990   0x08010990   0x000000a4   Code   RO          536    i.usbx_app_send_thread_entry  usb_app.o
    0x08010a34   0x08010a34   0x000001c4   Code   RO          537    i.usbx_app_thread_entry  usb_app.o
    0x08010bf8   0x08010bf8   0x000000a0   Code   RO          439    i.userShellInit     shell_port.o
    0x08010c98   0x08010c98   0x00000018   Code   RO          440    i.userShellLock     shell_port.o
    0x08010cb0   0x08010cb0   0x00000040   Code   RO          441    i.userShellRead     shell_port.o
    0x08010cf0   0x08010cf0   0x00000014   Code   RO          442    i.userShellUnlock   shell_port.o
    0x08010d04   0x08010d04   0x0000001c   Code   RO          443    i.userShellWrite    shell_port.o
    0x08010d20   0x08010d20   0x00000014   Code   RO          538    i.ux_host_error_callback  usb_app.o
    0x08010d34   0x08010d34   0x00000150   Code   RO          539    i.ux_host_event_callback  usb_app.o
    0x08010e84   0x08010e84   0x0000002c   Code   RO          540    i.ux_meige_reception_callback  usb_app.o
    0x08010eb0   0x08010eb0   0x0000000e   Data   RO          445    .constdata          shell_port.o
    0x08010ebe   0x08010ebe   0x0000009a   Data   RO          542    .constdata          usb_app.o
    0x08010f58   0x08010f58   0x00000028   Data   RO          743    .constdata          bsp_usb.o
    0x08010f80   0x08010f80   0x00000018   Data   RO         5300    .constdata          stm32h7xx_hal_uart.o
    0x08010f98   0x08010f98   0x00000010   Data   RO         5670    .constdata          stm32h7xx_hal_uart_ex.o
    0x08010fa8   0x08010fa8   0x00000010   Data   RO         6466    .constdata          system_stm32h7xx.o
    0x08010fb8   0x08010fb8   0x0000001e   Data   RO        11225    .constdata          ux_host_class_meige_activate.o
    0x08010fd6   0x08010fd6   0x0000001f   Data   RO        11268    .constdata          ux_host_class_meige_configure.o
    0x08010ff5   0x08010ff5   0x0000001b   Data   RO        11341    .constdata          ux_host_class_meige_entry.o
    0x08011010   0x08011010   0x00000025   Data   RO        11435    .constdata          ux_host_class_meige_reception_start.o
    0x08011035   0x08011035   0x0000001e   Data   RO        11921    .constdata          ux_hcd_stm32_endpoint_create.o
    0x08011053   0x08011053   0x00000001   PAD
    0x08011054   0x08011054   0x0000000c   Data   RO        12641    .constdata          ux_host_stack_bandwidth_check.o
    0x08011060   0x08011060   0x0000000c   Data   RO        12663    .constdata          ux_host_stack_bandwidth_claim.o
    0x0801106c   0x0801106c   0x0000000c   Data   RO        12685    .constdata          ux_host_stack_bandwidth_release.o
    0x08011078   0x08011078   0x00000029   Data   RO        13575    .constdata          ux_host_stack_interface_instance_create.o
    0x080110a1   0x080110a1   0x000000e3   Data   RO        14001    .constdata          shell.o
    0x08011184   0x08011184   0x000000aa   Data   RO          543    .conststring        usb_app.o
    0x0801122e   0x0801122e   0x00000002   PAD
    0x08011230   0x08011230   0x0000004d   Data   RO        11269    .conststring        ux_host_class_meige_configure.o
    0x0801127d   0x0801127d   0x00000003   PAD
    0x08011280   0x08011280   0x0000004b   Data   RO        11342    .conststring        ux_host_class_meige_entry.o
    0x080112cb   0x080112cb   0x00000001   PAD
    0x080112cc   0x080112cc   0x00000046   Data   RO        12959    .conststring        ux_host_stack_configuration_instance_create.o
    0x08011312   0x08011312   0x00000002   PAD
    0x08011314   0x08011314   0x00000044   Data   RO        13191    .conststring        ux_host_stack_device_configuration_select.o
    0x08011358   0x08011358   0x00000041   Data   RO        13318    .conststring        ux_host_stack_endpoint_instance_create.o
    0x08011399   0x08011399   0x00000003   PAD
    0x0801139c   0x0801139c   0x000000ba   Data   RO        13576    .conststring        ux_host_stack_interface_instance_create.o
    0x08011456   0x08011456   0x00000002   PAD
    0x08011458   0x08011458   0x000002a5   Data   RO        14002    .conststring        shell.o
    0x080116fd   0x080116fd   0x00000003   PAD
    0x08011700   0x08011700   0x00000020   Data   RO        14736    Region$$Table       anon$$obj.o
    0x08011720   0x08011720   0x00000120   Data   RO        14004    shellCommand        shell.o


    Execution Region RW_IRAM1 (Exec base: 0x20000000, Load base: 0x08011840, Size: 0x00000000, Max: 0x00020000, ABSOLUTE)

    **** No section assigned to this execution region ****


    Execution Region RW_IRAM2 (Exec base: 0x24000000, Load base: 0x08011840, Size: 0x0005c2c8, Max: 0x00080000, ABSOLUTE, COMPRESSED[0x00000468])

    Exec Addr    Load Addr    Size         Type   Attr      Idx    E Section Name        Object

    0x24000000   COMPRESSED   0x00011800   Data   RW           11    .UsbPoolSection     start.o
    0x24011800   COMPRESSED   0x00000014   Data   RW           13    .data               start.o
    0x24011814   COMPRESSED   0x0000001c   Data   RW          544    .data               usb_app.o
    0x24011830   COMPRESSED   0x00000004   Data   RW          625    .data               key_app.o
    0x24011834   COMPRESSED   0x00000004   Data   RW          821    .data               stm32h7xx_hal_timebase_tim.o
    0x24011838   COMPRESSED   0x00000006   Data   RW          898    .data               bsp_uart.o
    0x2401183e   COMPRESSED   0x00000002   PAD
    0x24011840   COMPRESSED   0x00000009   Data   RW         1043    .data               stm32h7xx_hal.o
    0x24011849   COMPRESSED   0x00000003   PAD
    0x2401184c   COMPRESSED   0x00000008   Data   RW         6467    .data               system_stm32h7xx.o
    0x24011854   COMPRESSED   0x00000034   Data   RW         7089    .data               tx_initialize_high_level.o
    0x24011888   COMPRESSED   0x00000098   Data   RW         8124    .data               tx_thread_initialize.o
    0x24011920   COMPRESSED   0x00000034   Data   RW         8664    .data               tx_timer_initialize.o
    0x24011954   COMPRESSED   0x00000109   Data   RW        11170    .data               ux_system_initialize.o
    0x24011a5d   COMPRESSED   0x00000003   PAD
    0x24011a60   COMPRESSED   0x000002c1   Data   RW        13523    .data               ux_host_stack_initialize.o
    0x24011d21   COMPRESSED   0x00000003   PAD
    0x24011d24   COMPRESSED   0x00000055   Data   RW        14003    .data               shell.o
    0x24011d79   COMPRESSED   0x00000007   PAD
    0x24011d80        -       0x00033fcc   Zero   RW           12    .bss                start.o
    0x24045d4c   COMPRESSED   0x00000004   PAD
    0x24045d50        -       0x00014360   Zero   RW          444    .bss                shell_port.o
    0x2405a0b0        -       0x000003e4   Zero   RW          541    .bss                usb_app.o
    0x2405a494        -       0x00000090   Zero   RW          664    .bss                bsp.o
    0x2405a524        -       0x00000304   Zero   RW          742    .bss                bsp_usb.o
    0x2405a828        -       0x000004c8   Zero   RW          897    .bss                bsp_uart.o
    0x2405acf0        -       0x00000080   Zero   RW         8122    .bss                tx_thread_initialize.o
    0x2405ad70        -       0x00000534   Zero   RW         8663    .bss                tx_timer_initialize.o
    0x2405b2a4        -       0x0000001d   Zero   RW        14000    .bss                shell.o
    0x2405b2c1   COMPRESSED   0x00000007   PAD
    0x2405b2c8        -       0x00001000   Zero   RW          985    STACK               startup_stm32h743xx.o


==============================================================================

Image component sizes


      Code (inc. data)   RO Data    RW Data    ZI Data      Debug   Object Name

       782         38          0          0        144       4185   bsp.o
       132         20          0          0          0       1454   bsp_key.o
       140         12          0          0          0       1243   bsp_led.o
       222         28          0          6       1224       4226   bsp_uart.o
       500        206         40          0        772       3303   bsp_usb.o
        52          6          0          4          0        527   key_app.o
       116         10          0          0          0        535   led_app.o
       200         82          0          0          0       1338   log.o
      4802        242       1192         85         29      39818   shell.o
       846         12          0          0          0       6226   shell_ext.o
       296        112         14          0      82784       8395   shell_port.o
       576        232          0      71700     212940    1290888   start.o
        36          8        664          0       4096        840   startup_stm32h743xx.o
       126         20          0          9          0      21518   stm32h7xx_hal.o
       458         38          0          0          0      41512   stm32h7xx_hal_cortex.o
      2164         34          0          0          0       4311   stm32h7xx_hal_dma.o
       548         52          0          0          0       3111   stm32h7xx_hal_gpio.o
      5906          0          0          0          0      13612   stm32h7xx_hal_hcd.o
       416         30          0          0          0       2587   stm32h7xx_hal_msp.o
       116         12          0          0          0       1334   stm32h7xx_hal_pwr_ex.o
      3524        108          0          0          0       6904   stm32h7xx_hal_rcc.o
      4784        110          0          0          0       7237   stm32h7xx_hal_rcc_ex.o
       200         34          0          4          0       3443   stm32h7xx_hal_timebase_tim.o
      4802        182         24          0          0      36530   stm32h7xx_hal_uart.o
       360         10         16          0          0       5502   stm32h7xx_hal_uart_ex.o
        72         18          0          0          0       4874   stm32h7xx_it.o
      2472         58          0          0          0      17332   stm32h7xx_ll_usb.o
       260         40         16          8          0       1466   system_stm32h7xx.o
         0          0          0          0          0      17769   tx_block_allocate.o
       272         12          0          0          0       1792   tx_byte_allocate.o
       160          8          0          0          0       1496   tx_byte_pool_cleanup.o
       192         16          0          0          0       1615   tx_byte_pool_create.o
       376          8          0          0          0       1747   tx_byte_pool_search.o
       172         10          0          0          0       1590   tx_event_flags_cleanup.o
       100         14          0          0          0       1309   tx_event_flags_create.o
       308         12          0          0          0       2026   tx_event_flags_get.o
       112         50          0         52          0       4989   tx_initialize_high_level.o
        80         14          0          0          0        602   tx_initialize_kernel_enter.o
       120         24          0          0          0        372   tx_initialize_low_level.o
       244         12          0          0          0       2199   tx_mutex_cleanup.o
       120         22          0          0          0       1355   tx_mutex_create.o
       324         12          0          0          0       1676   tx_mutex_get.o
       240          4          0          0          0       1571   tx_mutex_prioritize.o
       264         16          0          0          0       1096   tx_mutex_priority_change.o
       640         10          0          0          0       2100   tx_mutex_put.o
       176         10          0          0          0       1488   tx_queue_cleanup.o
       152         12          0          0          0       1511   tx_queue_create.o
       588         12          0          0          0       2092   tx_queue_receive.o
       432         12          0          0          0       2033   tx_queue_send.o
       160          8          0          0          0       1504   tx_semaphore_cleanup.o
       104         12          0          0          0       1375   tx_semaphore_create.o
       200         12          0          0          0       1419   tx_semaphore_delete.o
       184         14          0          0          0       1424   tx_semaphore_get.o
       128          4          0          0          0       1424   tx_semaphore_put.o
         4          2          0          0          0        332   tx_thread_context_restore.o
         4          2          0          0          0        332   tx_thread_context_save.o
       376         34          0          0          0       2060   tx_thread_create.o
       108         10          0          0          0        768   tx_thread_delete.o
        24          4          0          0          0        582   tx_thread_identify.o
       106          0          0          0          0       1582   tx_thread_info_get.o
       120         48          0        152        128      20166   tx_thread_initialize.o
        12          0          0          0          0        344   tx_thread_interrupt_control.o
       240         14          0          0          0       1581   tx_thread_priority_change.o
       404         28          0          0          0       1472   tx_thread_relinquish.o
       212          4          0          0          0        404   tx_thread_schedule.o
       132         12          0          0          0        781   tx_thread_shell_entry.o
       156         18          0          0          0        771   tx_thread_sleep.o
       136          4          0          0          0       1443   tx_thread_stack_analyze.o
        64          0          0          0          0        352   tx_thread_stack_build.o
        40          6          0          0          0        697   tx_thread_stack_error_handler.o
       152         12          0          0          0        897   tx_thread_suspend.o
       212         22          0          0          0       1410   tx_thread_system_preempt_check.o
       796         36          0          0          0       2151   tx_thread_system_resume.o
       796         42          0          0          0       2368   tx_thread_system_suspend.o
       460         22          0          0          0       1507   tx_thread_terminate.o
       380         28          0          0          0        952   tx_thread_time_slice.o
        72          4          0          0          0        833   tx_thread_timeout.o
        24          4          0          0          0        551   tx_time_get.o
        44         10          0          0          0        607   tx_timer_expiration_process.o
       232         92          0         52       1332       2338   tx_timer_initialize.o
       232          0          0          0          0        408   tx_timer_interrupt.o
        96         12          0          0          0       1412   tx_timer_system_activate.o
        46          0          0          0          0       1242   tx_timer_system_deactivate.o
       352         32          0          0          0       1785   tx_timer_thread_entry.o
       172         18          0          0          0       1457   txe_byte_allocate.o
       256         26          0          0          0       1708   txe_byte_pool_create.o
       224         24          0          0          0       1586   txe_event_flags_create.o
       132         18          0          0          0       1463   txe_event_flags_get.o
       248         24          0          0          0       1640   txe_mutex_create.o
       136         16          0          0          0       1281   txe_mutex_get.o
        84         10          0          0          0       1141   txe_mutex_put.o
       288         26          0          0          0       1772   txe_queue_create.o
       108         16          0          0          0       1333   txe_queue_receive.o
       108         16          0          0          0       1306   txe_queue_send.o
       220         24          0          0          0       1660   txe_semaphore_create.o
        84         16          0          0          0       1220   txe_semaphore_delete.o
        96         16          0          0          0       1265   txe_semaphore_get.o
        40          6          0          0          0       1113   txe_semaphore_put.o
       396         26          0          0          0       2305   txe_thread_create.o
        60          8          0          0          0        653   txe_thread_delete.o
        64          4          0          0          0       1547   txe_thread_info_get.o
        88         10          0          0          0       1302   txe_thread_priority_change.o
        40         10          0          0          0        593   txe_thread_relinquish.o
        40          6          0          0          0        646   txe_thread_suspend.o
        60          8          0          0          0        668   txe_thread_terminate.o
      2332       1154        324         28        996      17614   usb_app.o
       508         12          0          0          0       3906   ux_hcd_stm32_callback.o
        12          0          0          0          0       1319   ux_hcd_stm32_controller_disable.o
        60          6          0          0          0       1426   ux_hcd_stm32_ed_obtain.o
       464         78         30          0          0       1900   ux_hcd_stm32_endpoint_create.o
       120          0          0          0          0       1601   ux_hcd_stm32_endpoint_destroy.o
        52          0          0          0          0       1375   ux_hcd_stm32_endpoint_reset.o
       290         18          0          0          0       1854   ux_hcd_stm32_entry.o
        18          0          0          0          0       1373   ux_hcd_stm32_frame_number_get.o
       152         10          0          0          0       1439   ux_hcd_stm32_initialize.o
        58          0          0          0          0       1539   ux_hcd_stm32_least_traffic_list_get.o
        80          0          0          0          0       1458   ux_hcd_stm32_periodic_schedule.o
         6          0          0          0          0       1309   ux_hcd_stm32_port_disable.o
         6          0          0          0          0       1300   ux_hcd_stm32_port_enable.o
        56          0          0          0          0       1387   ux_hcd_stm32_port_reset.o
         6          0          0          0          0       1300   ux_hcd_stm32_port_resume.o
        86          0          0          0          0       1488   ux_hcd_stm32_port_status_get.o
         6          0          0          0          0       1309   ux_hcd_stm32_port_suspend.o
         6          0          0          0          0       1324   ux_hcd_stm32_power_down_port.o
        26          0          0          0          0       1382   ux_hcd_stm32_power_on_port.o
       108          0          0          0          0       1574   ux_hcd_stm32_request_bulk_transfer.o
       654          0          0          0          0       2325   ux_hcd_stm32_request_control_transfer.o
        38          0          0          0          0       1550   ux_hcd_stm32_request_periodic_transfer.o
        98          0          0          0          0       1517   ux_hcd_stm32_request_transfer.o
        52          0          0          0          0       1499   ux_hcd_stm32_transfer_abort.o
       332        162         30          0          0       5880   ux_host_class_meige_activate.o
       344        108        108          0          0       1505   ux_host_class_meige_configure.o
       112          4          0          0          0       1346   ux_host_class_meige_deactivate.o
       174          0          0          0          0       1469   ux_host_class_meige_endpoints_get.o
       188         62        102          0          0       1349   ux_host_class_meige_entry.o
       110          0          0          0          0       1394   ux_host_class_meige_reception_callback.o
       140         36         37          0          0       1511   ux_host_class_meige_reception_start.o
       336          6         12          0          0       1945   ux_host_stack_bandwidth_check.o
       352          6         12          0          0       1793   ux_host_stack_bandwidth_claim.o
       352          4         12          0          0       1815   ux_host_stack_bandwidth_release.o
        40          4          0          0          0       1252   ux_host_stack_class_call.o
        98          0          0          0          0        907   ux_host_stack_class_device_scan.o
        68          4          0          0          0       1347   ux_host_stack_class_get.o
        30          0          0          0          0        819   ux_host_stack_class_instance_create.o
        78          0          0          0          0        936   ux_host_stack_class_instance_destroy.o
        24          0          0          0          0       1286   ux_host_stack_class_interface_scan.o
       100          6          0          0          0       1428   ux_host_stack_class_register.o
       102          0          0          0          0       1688   ux_host_stack_configuration_descriptor_parse.o
       204          6          0          0          0       1709   ux_host_stack_configuration_enumerate.o
        92         44         70          0          0       1375   ux_host_stack_configuration_instance_create.o
        36          0          0          0          0       1303   ux_host_stack_configuration_instance_delete.o
       110          0          0          0          0       1681   ux_host_stack_configuration_interface_get.o
       140          0          0          0          0       1498   ux_host_stack_configuration_interface_scan.o
        60          0          0          0          0       1307   ux_host_stack_configuration_set.o
       172          0          0          0          0       1708   ux_host_stack_device_address_set.o
        72          0          0          0          0       1510   ux_host_stack_device_configuration_get.o
       196         70         68          0          0       1449   ux_host_stack_device_configuration_select.o
       184          4          0          0          0       1520   ux_host_stack_device_descriptor_read.o
       208          6          0          0          0       1651   ux_host_stack_device_remove.o
       216          0          0          0          0       1599   ux_host_stack_device_resources_free.o
       216         78         65          0          0        914   ux_host_stack_endpoint_instance_create.o
        64          0          0          0          0        718   ux_host_stack_endpoint_instance_delete.o
        18          0          0          0          0        701   ux_host_stack_endpoint_transfer_abort.o
        48          6          0          0          0        615   ux_host_stack_enum_thread_entry.o
       124          4          0          0          0       1558   ux_host_stack_hcd_register.o
       100          6          0          0          0        754   ux_host_stack_hcd_thread_entry.o
       648        134          0        705          0       4924   ux_host_stack_initialize.o
        72          0          0          0          0       1476   ux_host_stack_interface_endpoint_get.o
       160         74        227          0          0        923   ux_host_stack_interface_instance_create.o
        22          0          0          0          0        703   ux_host_stack_interface_instance_delete.o
       188          6          0          0          0       1789   ux_host_stack_interfaces_scan.o
        28          0          0          0          0       1254   ux_host_stack_new_configuration_create.o
       320         64          0          0          0       1739   ux_host_stack_new_device_create.o
        64          6          0          0          0        744   ux_host_stack_new_device_get.o
        84          4          0          0          0       1397   ux_host_stack_new_endpoint_create.o
       208          6          0          0          0       1818   ux_host_stack_new_interface_create.o
       228          4          0          0          0        867   ux_host_stack_rh_change_process.o
        30          0          0          0          0        722   ux_host_stack_rh_device_extraction.o
       276          4          0          0          0       1121   ux_host_stack_rh_device_insertion.o
       164          0          0          0          0       1530   ux_host_stack_transfer_request.o
        74          0          0          0          0       1288   ux_host_stack_transfer_request_abort.o
        56          4          0          0          0        727   ux_system_error_handler.o
       292         24          0        265          0       5944   ux_system_initialize.o
         0          0          0          0          0      32548   ux_utility_debug_callback_register.o
        26          0          0          0          0        607   ux_utility_delay_ms.o
        74          0          0          0          0       1319   ux_utility_descriptor_parse.o
        12          4          0          0          0        634   ux_utility_error_callback_register.o
        30          0          0          0          0       1067   ux_utility_long_get.o
       372          4          0          0          0       1910   ux_utility_memory_allocate.o
        38          0          0          0          0       1325   ux_utility_memory_compare.o
        26          0          0          0          0       1194   ux_utility_memory_copy.o
       236         10          0          0          0       1402   ux_utility_memory_free.o
        80          4          0          0          0        953   ux_utility_memory_free_block_best_get.o
        20          0          0          0          0       1153   ux_utility_memory_set.o
        36          0          0          0          0       1171   ux_utility_mutex_create.o
        12          0          0          0          0       1040   ux_utility_mutex_off.o
        30          0          0          0          0       1083   ux_utility_mutex_on.o
        42          0          0          0          0       1263   ux_utility_semaphore_create.o
        16          0          0          0          0       1135   ux_utility_semaphore_delete.o
        88          6          0          0          0       1412   ux_utility_semaphore_get.o
        16          0          0          0          0       1112   ux_utility_semaphore_put.o
        14          0          0          0          0       1064   ux_utility_short_get.o
        10          0          0          0          0       1044   ux_utility_short_put.o
        60          0          0          0          0       1374   ux_utility_string_length_check.o
        62          0          0          0          0       1588   ux_utility_thread_create.o
        22          0          0          0          0        656   ux_utility_thread_delete.o
        32          6          0          0          0        610   ux_utility_thread_identify.o
         8          0          0          0          0        564   ux_utility_thread_relinquish.o
        52          4          0          0          0        752   ux_utility_thread_schedule_other.o

    ----------------------------------------------------------------------
     64656       5196       3112      73084     304460    1871866   Object Totals
         0          0         32          0          0          0   (incl. Generated)
        62          0         17         14         15          0   (incl. Padding)

    ----------------------------------------------------------------------

      Code (inc. data)   RO Data    RW Data    ZI Data      Debug   Library Member Name

        86          0          0          0          0          0   __dczerorl2.o
         0          0          0          0          0          0   entry.o
         0          0          0          0          0          0   entry10a.o
         0          0          0          0          0          0   entry11a.o
         8          4          0          0          0          0   entry2.o
         4          0          0          0          0          0   entry5.o
         0          0          0          0          0          0   entry7b.o
         0          0          0          0          0          0   entry8b.o
         8          4          0          0          0          0   entry9a.o
        30          0          0          0          0          0   handlers.o
        36          8          0          0          0         68   init.o
         0          0          0          0          0          0   iusefp.o
        30          0          0          0          0         68   llshl.o
        36          0          0          0          0         68   llsshr.o
        32          0          0          0          0         68   llushr.o
        26          0          0          0          0         80   memcmp.o
        36          0          0          0          0         68   memcpya.o
        36          0          0          0          0        108   memseta.o
      2324         94          0          0          0        600   printfa.o
        28          0          0          0          0         76   strcmp.o
        14          0          0          0          0         68   strlen.o
        30          0          0          0          0         80   strncmp.o
        44          0          0          0          0         80   uidiv.o
        98          0          0          0          0         92   uldiv.o
        48          0          0          0          0         68   cdrcmple.o
       334          0          0          0          0        148   dadd.o
       222          0          0          0          0        100   ddiv.o
       186          0          0          0          0        176   depilogue.o
        48          0          0          0          0         68   dfixul.o
       228          0          0          0          0         96   dmul.o

    ----------------------------------------------------------------------
      3976        110          0          0          0       2180   Library Totals
         4          0          0          0          0          0   (incl. Padding)

    ----------------------------------------------------------------------

      Code (inc. data)   RO Data    RW Data    ZI Data      Debug   Library Name

      2906        110          0          0          0       1524   mc_w.l
      1066          0          0          0          0        656   mf_w.l

    ----------------------------------------------------------------------
      3976        110          0          0          0       2180   Library Totals

    ----------------------------------------------------------------------

==============================================================================


      Code (inc. data)   RO Data    RW Data    ZI Data      Debug   

     68632       5306       3112      73084     304460    1834286   Grand Totals
     68632       5306       3112       1128     304460    1834286   ELF Image Totals (compressed)
     68632       5306       3112       1128          0          0   ROM Totals

==============================================================================

    Total RO  Size (Code + RO Data)                71744 (  70.06kB)
    Total RW  Size (RW Data + ZI Data)            377544 ( 368.70kB)
    Total ROM Size (Code + RO Data + RW Data)      72872 (  71.16kB)

==============================================================================

